../Drivers/STM32L4xx_HAL_Driver/Src/stm32l4xx_hal_adc.c:375:19:HAL_ADC_Init	72	static,ignoring_inline_asm
../Drivers/STM32L4xx_HAL_Driver/Src/stm32l4xx_hal_adc.c:655:19:HAL_ADC_DeInit	16	static
../Drivers/STM32L4xx_HAL_Driver/Src/stm32l4xx_hal_adc.c:834:13:HAL_ADC_MspInit	16	static
../Drivers/STM32L4xx_HAL_Driver/Src/stm32l4xx_hal_adc.c:850:13:HAL_ADC_MspDeInit	16	static
../Drivers/STM32L4xx_HAL_Driver/Src/stm32l4xx_hal_adc.c:895:19:HAL_ADC_Start	24	static
../Drivers/STM32L4xx_HAL_Driver/Src/stm32l4xx_hal_adc.c:1001:19:HAL_ADC_Stop	24	static
../Drivers/STM32L4xx_HAL_Driver/Src/stm32l4xx_hal_adc.c:1049:19:HAL_ADC_PollForConversion	40	static
../Drivers/STM32L4xx_HAL_Driver/Src/stm32l4xx_hal_adc.c:1206:19:HAL_ADC_PollForEvent	32	static
../Drivers/STM32L4xx_HAL_Driver/Src/stm32l4xx_hal_adc.c:1348:19:HAL_ADC_Start_IT	24	static
../Drivers/STM32L4xx_HAL_Driver/Src/stm32l4xx_hal_adc.c:1510:19:HAL_ADC_Stop_IT	24	static
../Drivers/STM32L4xx_HAL_Driver/Src/stm32l4xx_hal_adc.c:1563:19:HAL_ADC_Start_DMA	32	static
../Drivers/STM32L4xx_HAL_Driver/Src/stm32l4xx_hal_adc.c:1685:19:HAL_ADC_Stop_DMA	24	static
../Drivers/STM32L4xx_HAL_Driver/Src/stm32l4xx_hal_adc.c:1767:10:HAL_ADC_GetValue	16	static
../Drivers/STM32L4xx_HAL_Driver/Src/stm32l4xx_hal_adc.c:1784:6:HAL_ADC_IRQHandler	40	static
../Drivers/STM32L4xx_HAL_Driver/Src/stm32l4xx_hal_adc.c:2101:13:HAL_ADC_ConvCpltCallback	16	static
../Drivers/STM32L4xx_HAL_Driver/Src/stm32l4xx_hal_adc.c:2116:13:HAL_ADC_ConvHalfCpltCallback	16	static
../Drivers/STM32L4xx_HAL_Driver/Src/stm32l4xx_hal_adc.c:2131:13:HAL_ADC_LevelOutOfWindowCallback	16	static
../Drivers/STM32L4xx_HAL_Driver/Src/stm32l4xx_hal_adc.c:2153:13:HAL_ADC_ErrorCallback	16	static
../Drivers/STM32L4xx_HAL_Driver/Src/stm32l4xx_hal_adc.c:2199:19:HAL_ADC_ConfigChannel	224	static,ignoring_inline_asm
../Drivers/STM32L4xx_HAL_Driver/Src/stm32l4xx_hal_adc.c:2502:19:HAL_ADC_AnalogWDGConfig	48	static,ignoring_inline_asm
../Drivers/STM32L4xx_HAL_Driver/Src/stm32l4xx_hal_adc.c:2712:10:HAL_ADC_GetState	16	static
../Drivers/STM32L4xx_HAL_Driver/Src/stm32l4xx_hal_adc.c:2726:10:HAL_ADC_GetError	16	static
../Drivers/STM32L4xx_HAL_Driver/Src/stm32l4xx_hal_adc.c:2756:19:ADC_ConversionStop	32	static
../Drivers/STM32L4xx_HAL_Driver/Src/stm32l4xx_hal_adc.c:2876:19:ADC_Enable	24	static
../Drivers/STM32L4xx_HAL_Driver/Src/stm32l4xx_hal_adc.c:2939:19:ADC_Disable	24	static
../Drivers/STM32L4xx_HAL_Driver/Src/stm32l4xx_hal_adc.c:2993:6:ADC_DMAConvCplt	24	static
../Drivers/STM32L4xx_HAL_Driver/Src/stm32l4xx_hal_adc.c:3055:6:ADC_DMAHalfConvCplt	24	static
../Drivers/STM32L4xx_HAL_Driver/Src/stm32l4xx_hal_adc.c:3069:6:ADC_DMAError	24	static
