../Drivers/STM32L4xx_HAL_Driver/Src/stm32l4xx_hal_rcc.c:261:6:HAL_RCC_DeInit	4	static,ignoring_inline_asm
../Drivers/STM32L4xx_HAL_Driver/Src/stm32l4xx_hal_rcc.c:326:19:HAL_RCC_OscConfig	32	static
../Drivers/STM32L4xx_HAL_Driver/Src/stm32l4xx_hal_rcc.c:849:19:HAL_RCC_ClockConfig	24	static
../Drivers/STM32L4xx_HAL_Driver/Src/stm32l4xx_hal_rcc.c:1058:6:HAL_RCC_MCOConfig	48	static
../Drivers/STM32L4xx_HAL_Driver/Src/stm32l4xx_hal_rcc.c:1113:10:HAL_RCC_GetSysClockFreq	32	static
../Drivers/STM32L4xx_HAL_Driver/Src/stm32l4xx_hal_rcc.c:1192:10:HAL_RCC_GetHCLKFreq	4	static
../Drivers/STM32L4xx_HAL_Driver/Src/stm32l4xx_hal_rcc.c:1203:10:HAL_RCC_GetPCLK1Freq	8	static
../Drivers/STM32L4xx_HAL_Driver/Src/stm32l4xx_hal_rcc.c:1215:10:HAL_RCC_GetPCLK2Freq	8	static
../Drivers/STM32L4xx_HAL_Driver/Src/stm32l4xx_hal_rcc.c:1228:6:HAL_RCC_GetOscConfig	16	static
../Drivers/STM32L4xx_HAL_Driver/Src/stm32l4xx_hal_rcc.c:1355:6:HAL_RCC_GetClockConfig	16	static
../Drivers/STM32L4xx_HAL_Driver/Src/stm32l4xx_hal_rcc.c:1390:6:HAL_RCC_EnableCSS	4	static
../Drivers/STM32L4xx_HAL_Driver/Src/stm32l4xx_hal_rcc.c:1400:6:HAL_RCC_NMI_IRQHandler	8	static
../Drivers/STM32L4xx_HAL_Driver/Src/stm32l4xx_hal_rcc.c:1417:13:HAL_RCC_CSSCallback	4	static
../Drivers/STM32L4xx_HAL_Driver/Src/stm32l4xx_hal_rcc.c:1442:26:RCC_SetFlashLatencyFromMSIRange	32	static
