../Drivers/STM32L4xx_HAL_Driver/Src/stm32l4xx_hal_rcc_ex.c:188:19:HAL_RCCEx_PeriphCLKConfig	32	static
../Drivers/STM32L4xx_HAL_Driver/Src/stm32l4xx_hal_rcc_ex.c:685:6:HAL_RCCEx_GetPeriphCLKConfig	16	static
../Drivers/STM32L4xx_HAL_Driver/Src/stm32l4xx_hal_rcc_ex.c:922:10:HAL_RCCEx_GetPeriphCLKFreq	40	static
../Drivers/STM32L4xx_HAL_Driver/Src/stm32l4xx_hal_rcc_ex.c:1710:19:HAL_RCCEx_EnablePLLSAI1	24	static
../Drivers/STM32L4xx_HAL_Driver/Src/stm32l4xx_hal_rcc_ex.c:1772:19:HAL_RCCEx_DisablePLLSAI1	16	static
../Drivers/STM32L4xx_HAL_Driver/Src/stm32l4xx_hal_rcc_ex.c:1818:19:HAL_RCCEx_EnablePLLSAI2	24	static
../Drivers/STM32L4xx_HAL_Driver/Src/stm32l4xx_hal_rcc_ex.c:1879:19:HAL_RCCEx_DisablePLLSAI2	16	static
../Drivers/STM32L4xx_HAL_Driver/Src/stm32l4xx_hal_rcc_ex.c:1927:6:HAL_RCCEx_WakeUpStopCLKConfig	16	static
../Drivers/STM32L4xx_HAL_Driver/Src/stm32l4xx_hal_rcc_ex.c:1945:6:HAL_RCCEx_StandbyMSIRangeConfig	16	static
../Drivers/STM32L4xx_HAL_Driver/Src/stm32l4xx_hal_rcc_ex.c:1959:6:HAL_RCCEx_EnableLSECSS	4	static
../Drivers/STM32L4xx_HAL_Driver/Src/stm32l4xx_hal_rcc_ex.c:1969:6:HAL_RCCEx_DisableLSECSS	4	static
../Drivers/STM32L4xx_HAL_Driver/Src/stm32l4xx_hal_rcc_ex.c:1982:6:HAL_RCCEx_EnableLSECSS_IT	4	static
../Drivers/STM32L4xx_HAL_Driver/Src/stm32l4xx_hal_rcc_ex.c:1999:6:HAL_RCCEx_LSECSS_IRQHandler	8	static
../Drivers/STM32L4xx_HAL_Driver/Src/stm32l4xx_hal_rcc_ex.c:2016:13:HAL_RCCEx_LSECSS_Callback	4	static
../Drivers/STM32L4xx_HAL_Driver/Src/stm32l4xx_hal_rcc_ex.c:2031:6:HAL_RCCEx_EnableLSCO	48	static
../Drivers/STM32L4xx_HAL_Driver/Src/stm32l4xx_hal_rcc_ex.c:2078:6:HAL_RCCEx_DisableLSCO	16	static
../Drivers/STM32L4xx_HAL_Driver/Src/stm32l4xx_hal_rcc_ex.c:2116:6:HAL_RCCEx_EnableMSIPLLMode	4	static
../Drivers/STM32L4xx_HAL_Driver/Src/stm32l4xx_hal_rcc_ex.c:2126:6:HAL_RCCEx_DisableMSIPLLMode	4	static
../Drivers/STM32L4xx_HAL_Driver/Src/stm32l4xx_hal_rcc_ex.c:2206:6:HAL_RCCEx_CRSConfig	24	static
../Drivers/STM32L4xx_HAL_Driver/Src/stm32l4xx_hal_rcc_ex.c:2248:6:HAL_RCCEx_CRSSoftwareSynchronizationGenerate	4	static
../Drivers/STM32L4xx_HAL_Driver/Src/stm32l4xx_hal_rcc_ex.c:2258:6:HAL_RCCEx_CRSGetSynchronizationInfo	16	static
../Drivers/STM32L4xx_HAL_Driver/Src/stm32l4xx_hal_rcc_ex.c:2291:10:HAL_RCCEx_CRSWaitSynchronization	24	static
../Drivers/STM32L4xx_HAL_Driver/Src/stm32l4xx_hal_rcc_ex.c:2374:6:HAL_RCCEx_CRS_IRQHandler	24	static
../Drivers/STM32L4xx_HAL_Driver/Src/stm32l4xx_hal_rcc_ex.c:2439:13:HAL_RCCEx_CRS_SyncOkCallback	4	static
../Drivers/STM32L4xx_HAL_Driver/Src/stm32l4xx_hal_rcc_ex.c:2450:13:HAL_RCCEx_CRS_SyncWarnCallback	4	static
../Drivers/STM32L4xx_HAL_Driver/Src/stm32l4xx_hal_rcc_ex.c:2461:13:HAL_RCCEx_CRS_ExpectedSyncCallback	4	static
../Drivers/STM32L4xx_HAL_Driver/Src/stm32l4xx_hal_rcc_ex.c:2477:13:HAL_RCCEx_CRS_ErrorCallback	16	static
../Drivers/STM32L4xx_HAL_Driver/Src/stm32l4xx_hal_rcc_ex.c:2511:26:RCCEx_PLLSAI1_Config	24	static
../Drivers/STM32L4xx_HAL_Driver/Src/stm32l4xx_hal_rcc_ex.c:2666:26:RCCEx_PLLSAI2_Config	24	static
