../Core/Src/stm32l4xx_it.c:52:6:NMI_Handler	4	static
../Core/Src/stm32l4xx_it.c:65:6:HardFault_Handler	4	static
../Core/Src/stm32l4xx_it.c:81:6:MemManage_Handler	4	static
../Core/Src/stm32l4xx_it.c:97:6:BusFault_Handler	4	static
../Core/Src/stm32l4xx_it.c:113:6:UsageFault_Handler	4	static
../Core/Src/stm32l4xx_it.c:129:6:SVC_Handler	4	static
../Core/Src/stm32l4xx_it.c:142:6:DebugMon_Handler	4	static
../Core/Src/stm32l4xx_it.c:155:6:PendSV_Handler	4	static
../Core/Src/stm32l4xx_it.c:168:6:SysTick_Handler	8	static
