../Core/Src/stm32l4xx_it.c:91:6:dis7seg_init	48	static
../Core/Src/stm32l4xx_it.c:128:9:dis7seg_displayHHMM	16	static
../Core/Src/stm32l4xx_it.c:154:9:dis7seg_displayMMSS	16	static
../Core/Src/stm32l4xx_it.c:194:6:NMI_Handler	4	static
../Core/Src/stm32l4xx_it.c:207:6:HardFault_Handler	4	static
../Core/Src/stm32l4xx_it.c:223:6:MemManage_Handler	4	static
../Core/Src/stm32l4xx_it.c:239:6:BusFault_Handler	4	static
../Core/Src/stm32l4xx_it.c:255:6:UsageFault_Handler	4	static
../Core/Src/stm32l4xx_it.c:271:6:SVC_Handler	4	static
../Core/Src/stm32l4xx_it.c:284:6:DebugMon_Handler	4	static
../Core/Src/stm32l4xx_it.c:297:6:PendSV_Handler	4	static
../Core/Src/stm32l4xx_it.c:310:6:SysTick_Handler	8	static
