Archive member included to satisfy reference by file (symbol)

c:/st/stm32cubeide_1.10.1/stm32cubeide/plugins/com.st.stm32cube.ide.mcu.externaltools.gnu-tools-for-stm32.10.3-2021.10.win32_1.0.0.202111181127/tools/bin/../lib/gcc/arm-none-eabi/10.3.1/../../../../arm-none-eabi/lib/thumb/v7e-m+fp/hard\libc_nano.a(lib_a-errno.o)
                              ./Core/Src/syscalls.o (__errno)
c:/st/stm32cubeide_1.10.1/stm32cubeide/plugins/com.st.stm32cube.ide.mcu.externaltools.gnu-tools-for-stm32.10.3-2021.10.win32_1.0.0.202111181127/tools/bin/../lib/gcc/arm-none-eabi/10.3.1/../../../../arm-none-eabi/lib/thumb/v7e-m+fp/hard\libc_nano.a(lib_a-exit.o)
                              c:/st/stm32cubeide_1.10.1/stm32cubeide/plugins/com.st.stm32cube.ide.mcu.externaltools.gnu-tools-for-stm32.10.3-2021.10.win32_1.0.0.202111181127/tools/bin/../lib/gcc/arm-none-eabi/10.3.1/../../../../arm-none-eabi/lib/thumb/v7e-m+fp/hard/crt0.o (exit)
c:/st/stm32cubeide_1.10.1/stm32cubeide/plugins/com.st.stm32cube.ide.mcu.externaltools.gnu-tools-for-stm32.10.3-2021.10.win32_1.0.0.202111181127/tools/bin/../lib/gcc/arm-none-eabi/10.3.1/../../../../arm-none-eabi/lib/thumb/v7e-m+fp/hard\libc_nano.a(lib_a-impure.o)
                              c:/st/stm32cubeide_1.10.1/stm32cubeide/plugins/com.st.stm32cube.ide.mcu.externaltools.gnu-tools-for-stm32.10.3-2021.10.win32_1.0.0.202111181127/tools/bin/../lib/gcc/arm-none-eabi/10.3.1/../../../../arm-none-eabi/lib/thumb/v7e-m+fp/hard\libc_nano.a(lib_a-exit.o) (_global_impure_ptr)
c:/st/stm32cubeide_1.10.1/stm32cubeide/plugins/com.st.stm32cube.ide.mcu.externaltools.gnu-tools-for-stm32.10.3-2021.10.win32_1.0.0.202111181127/tools/bin/../lib/gcc/arm-none-eabi/10.3.1/../../../../arm-none-eabi/lib/thumb/v7e-m+fp/hard\libc_nano.a(lib_a-init.o)
                              c:/st/stm32cubeide_1.10.1/stm32cubeide/plugins/com.st.stm32cube.ide.mcu.externaltools.gnu-tools-for-stm32.10.3-2021.10.win32_1.0.0.202111181127/tools/bin/../lib/gcc/arm-none-eabi/10.3.1/../../../../arm-none-eabi/lib/thumb/v7e-m+fp/hard/crt0.o (__libc_init_array)
c:/st/stm32cubeide_1.10.1/stm32cubeide/plugins/com.st.stm32cube.ide.mcu.externaltools.gnu-tools-for-stm32.10.3-2021.10.win32_1.0.0.202111181127/tools/bin/../lib/gcc/arm-none-eabi/10.3.1/../../../../arm-none-eabi/lib/thumb/v7e-m+fp/hard\libc_nano.a(lib_a-memset.o)
                              c:/st/stm32cubeide_1.10.1/stm32cubeide/plugins/com.st.stm32cube.ide.mcu.externaltools.gnu-tools-for-stm32.10.3-2021.10.win32_1.0.0.202111181127/tools/bin/../lib/gcc/arm-none-eabi/10.3.1/../../../../arm-none-eabi/lib/thumb/v7e-m+fp/hard/crt0.o (memset)

Discarded input sections

 .text          0x0000000000000000        0x0 c:/st/stm32cubeide_1.10.1/stm32cubeide/plugins/com.st.stm32cube.ide.mcu.externaltools.gnu-tools-for-stm32.10.3-2021.10.win32_1.0.0.202111181127/tools/bin/../lib/gcc/arm-none-eabi/10.3.1/thumb/v7e-m+fp/hard/crti.o
 .data          0x0000000000000000        0x0 c:/st/stm32cubeide_1.10.1/stm32cubeide/plugins/com.st.stm32cube.ide.mcu.externaltools.gnu-tools-for-stm32.10.3-2021.10.win32_1.0.0.202111181127/tools/bin/../lib/gcc/arm-none-eabi/10.3.1/thumb/v7e-m+fp/hard/crti.o
 .bss           0x0000000000000000        0x0 c:/st/stm32cubeide_1.10.1/stm32cubeide/plugins/com.st.stm32cube.ide.mcu.externaltools.gnu-tools-for-stm32.10.3-2021.10.win32_1.0.0.202111181127/tools/bin/../lib/gcc/arm-none-eabi/10.3.1/thumb/v7e-m+fp/hard/crti.o
 .data          0x0000000000000000        0x4 c:/st/stm32cubeide_1.10.1/stm32cubeide/plugins/com.st.stm32cube.ide.mcu.externaltools.gnu-tools-for-stm32.10.3-2021.10.win32_1.0.0.202111181127/tools/bin/../lib/gcc/arm-none-eabi/10.3.1/thumb/v7e-m+fp/hard/crtbegin.o
 .rodata        0x0000000000000000       0x24 c:/st/stm32cubeide_1.10.1/stm32cubeide/plugins/com.st.stm32cube.ide.mcu.externaltools.gnu-tools-for-stm32.10.3-2021.10.win32_1.0.0.202111181127/tools/bin/../lib/gcc/arm-none-eabi/10.3.1/thumb/v7e-m+fp/hard/crtbegin.o
 .text          0x0000000000000000       0x7c c:/st/stm32cubeide_1.10.1/stm32cubeide/plugins/com.st.stm32cube.ide.mcu.externaltools.gnu-tools-for-stm32.10.3-2021.10.win32_1.0.0.202111181127/tools/bin/../lib/gcc/arm-none-eabi/10.3.1/../../../../arm-none-eabi/lib/thumb/v7e-m+fp/hard/crt0.o
 .data          0x0000000000000000        0x0 c:/st/stm32cubeide_1.10.1/stm32cubeide/plugins/com.st.stm32cube.ide.mcu.externaltools.gnu-tools-for-stm32.10.3-2021.10.win32_1.0.0.202111181127/tools/bin/../lib/gcc/arm-none-eabi/10.3.1/../../../../arm-none-eabi/lib/thumb/v7e-m+fp/hard/crt0.o
 .bss           0x0000000000000000        0x0 c:/st/stm32cubeide_1.10.1/stm32cubeide/plugins/com.st.stm32cube.ide.mcu.externaltools.gnu-tools-for-stm32.10.3-2021.10.win32_1.0.0.202111181127/tools/bin/../lib/gcc/arm-none-eabi/10.3.1/../../../../arm-none-eabi/lib/thumb/v7e-m+fp/hard/crt0.o
[...]
Memory Configuration

Name             Origin             Length             Attributes
RAM              0x0000000020000000 0x0000000000050000 xrw
RAM2             0x0000000010000000 0x0000000000010000 xrw
FLASH            0x0000000008000000 0x0000000000100000 xr
*default*        0x0000000000000000 0xffffffffffffffff

Linker script and memory map

LOAD c:/st/stm32cubeide_1.10.1/stm32cubeide/plugins/com.st.stm32cube.ide.mcu.externaltools.gnu-tools-for-stm32.10.3-2021.10.win32_1.0.0.202111181127/tools/bin/../lib/gcc/arm-none-eabi/10.3.1/thumb/v7e-m+fp/hard/crti.o
LOAD c:/st/stm32cubeide_1.10.1/stm32cubeide/plugins/com.st.stm32cube.ide.mcu.externaltools.gnu-tools-for-stm32.10.3-2021.10.win32_1.0.0.202111181127/tools/bin/../lib/gcc/arm-none-eabi/10.3.1/thumb/v7e-m+fp/hard/crtbegin.o
LOAD c:/st/stm32cubeide_1.10.1/stm32cubeide/plugins/com.st.stm32cube.ide.mcu.externaltools.gnu-tools-for-stm32.10.3-2021.10.win32_1.0.0.202111181127/tools/bin/../lib/gcc/arm-none-eabi/10.3.1/../../../../arm-none-eabi/lib/thumb/v7e-m+fp/hard/crt0.o
LOAD ./Core/Src/l496_mems.o
LOAD ./Core/Src/main.o
LOAD ./Core/Src/stm32l4xx_hal_msp.o
LOAD ./Core/Src/stm32l4xx_it.o
LOAD ./Core/Src/syscalls.o
LOAD ./Core/Src/sysmem.o
LOAD ./Core/Src/system_stm32l4xx.o
LOAD ./Core/Startup/startup_stm32l496zgtx.o
LOAD ./Drivers/STM32L4xx_HAL_Driver/Src/stm32l4xx_hal.o
LOAD ./Drivers/STM32L4xx_HAL_Driver/Src/stm32l4xx_hal_cortex.o
LOAD ./Drivers/STM32L4xx_HAL_Driver/Src/stm32l4xx_hal_dma.o
LOAD ./Drivers/STM32L4xx_HAL_Driver/Src/stm32l4xx_hal_dma_ex.o
LOAD ./Drivers/STM32L4xx_HAL_Driver/Src/stm32l4xx_hal_exti.o
LOAD ./Drivers/STM32L4xx_HAL_Driver/Src/stm32l4xx_hal_flash.o
LOAD ./Drivers/STM32L4xx_HAL_Driver/Src/stm32l4xx_hal_flash_ex.o
LOAD ./Drivers/STM32L4xx_HAL_Driver/Src/stm32l4xx_hal_flash_ramfunc.o
LOAD ./Drivers/STM32L4xx_HAL_Driver/Src/stm32l4xx_hal_gpio.o
LOAD ./Drivers/STM32L4xx_HAL_Driver/Src/stm32l4xx_hal_i2c.o
LOAD ./Drivers/STM32L4xx_HAL_Driver/Src/stm32l4xx_hal_i2c_ex.o
LOAD ./Drivers/STM32L4xx_HAL_Driver/Src/stm32l4xx_hal_pwr.o
LOAD ./Drivers/STM32L4xx_HAL_Driver/Src/stm32l4xx_hal_pwr_ex.o
LOAD ./Drivers/STM32L4xx_HAL_Driver/Src/stm32l4xx_hal_rcc.o
LOAD ./Drivers/STM32L4xx_HAL_Driver/Src/stm32l4xx_hal_rcc_ex.o
LOAD ./Drivers/STM32L4xx_HAL_Driver/Src/stm32l4xx_hal_tim.o
LOAD ./Drivers/STM32L4xx_HAL_Driver/Src/stm32l4xx_hal_tim_ex.o
START GROUP
LOAD c:/st/stm32cubeide_1.10.1/stm32cubeide/plugins/com.st.stm32cube.ide.mcu.externaltools.gnu-tools-for-stm32.10.3-2021.10.win32_1.0.0.202111181127/tools/bin/../lib/gcc/arm-none-eabi/10.3.1/../../../../arm-none-eabi/lib/thumb/v7e-m+fp/hard\libc_nano.a
LOAD c:/st/stm32cubeide_1.10.1/stm32cubeide/plugins/com.st.stm32cube.ide.mcu.externaltools.gnu-tools-for-stm32.10.3-2021.10.win32_1.0.0.202111181127/tools/bin/../lib/gcc/arm-none-eabi/10.3.1/../../../../arm-none-eabi/lib/thumb/v7e-m+fp/hard\libm.a
END GROUP
START GROUP
LOAD c:/st/stm32cubeide_1.10.1/stm32cubeide/plugins/com.st.stm32cube.ide.mcu.externaltools.gnu-tools-for-stm32.10.3-2021.10.win32_1.0.0.202111181127/tools/bin/../lib/gcc/arm-none-eabi/10.3.1/thumb/v7e-m+fp/hard\libgcc.a
LOAD c:/st/stm32cubeide_1.10.1/stm32cubeide/plugins/com.st.stm32cube.ide.mcu.externaltools.gnu-tools-for-stm32.10.3-2021.10.win32_1.0.0.202111181127/tools/bin/../lib/gcc/arm-none-eabi/10.3.1/../../../../arm-none-eabi/lib/thumb/v7e-m+fp/hard\libc_nano.a
END GROUP
START GROUP
LOAD c:/st/stm32cubeide_1.10.1/stm32cubeide/plugins/com.st.stm32cube.ide.mcu.externaltools.gnu-tools-for-stm32.10.3-2021.10.win32_1.0.0.202111181127/tools/bin/../lib/gcc/arm-none-eabi/10.3.1/thumb/v7e-m+fp/hard\libgcc.a
LOAD c:/st/stm32cubeide_1.10.1/stm32cubeide/plugins/com.st.stm32cube.ide.mcu.externaltools.gnu-tools-for-stm32.10.3-2021.10.win32_1.0.0.202111181127/tools/bin/../lib/gcc/arm-none-eabi/10.3.1/../../../../arm-none-eabi/lib/thumb/v7e-m+fp/hard\libc_nano.a
LOAD c:/st/stm32cubeide_1.10.1/stm32cubeide/plugins/com.st.stm32cube.ide.mcu.externaltools.gnu-tools-for-stm32.10.3-2021.10.win32_1.0.0.202111181127/tools/bin/../lib/gcc/arm-none-eabi/10.3.1/../../../../arm-none-eabi/lib/thumb/v7e-m+fp/hard\libnosys.a
END GROUP
START GROUP
LOAD c:/st/stm32cubeide_1.10.1/stm32cubeide/plugins/com.st.stm32cube.ide.mcu.externaltools.gnu-tools-for-stm32.10.3-2021.10.win32_1.0.0.202111181127/tools/bin/../lib/gcc/arm-none-eabi/10.3.1/thumb/v7e-m+fp/hard\libgcc.a
LOAD c:/st/stm32cubeide_1.10.1/stm32cubeide/plugins/com.st.stm32cube.ide.mcu.externaltools.gnu-tools-for-stm32.10.3-2021.10.win32_1.0.0.202111181127/tools/bin/../lib/gcc/arm-none-eabi/10.3.1/../../../../arm-none-eabi/lib/thumb/v7e-m+fp/hard\libc_nano.a
LOAD c:/st/stm32cubeide_1.10.1/stm32cubeide/plugins/com.st.stm32cube.ide.mcu.externaltools.gnu-tools-for-stm32.10.3-2021.10.win32_1.0.0.202111181127/tools/bin/../lib/gcc/arm-none-eabi/10.3.1/../../../../arm-none-eabi/lib/thumb/v7e-m+fp/hard\libnosys.a
END GROUP
LOAD c:/st/stm32cubeide_1.10.1/stm32cubeide/plugins/com.st.stm32cube.ide.mcu.externaltools.gnu-tools-for-stm32.10.3-2021.10.win32_1.0.0.202111181127/tools/bin/../lib/gcc/arm-none-eabi/10.3.1/thumb/v7e-m+fp/hard/crtend.o
LOAD c:/st/stm32cubeide_1.10.1/stm32cubeide/plugins/com.st.stm32cube.ide.mcu.externaltools.gnu-tools-for-stm32.10.3-2021.10.win32_1.0.0.202111181127/tools/bin/../lib/gcc/arm-none-eabi/10.3.1/thumb/v7e-m+fp/hard/crtn.o
                0x0000000020050000                _estack = (ORIGIN (RAM) + LENGTH (RAM))
                0x0000000000000200                _Min_Heap_Size = 0x200
                0x0000000000000400                _Min_Stack_Size = 0x400

.isr_vector     0x0000000008000000      0x1ac
                0x0000000008000000                . = ALIGN (0x4)
 *(.isr_vector)
 .isr_vector    0x0000000008000000      0x1ac ./Core/Startup/startup_stm32l496zgtx.o
                0x0000000008000000                g_pfnVectors
                0x00000000080001ac                . = ALIGN (0x4)

.text           0x00000000080001ac     0x3d30
                0x00000000080001ac                . = ALIGN (0x4)
 *(.text)
 .text          0x00000000080001ac       0x40 c:/st/stm32cubeide_1.10.1/stm32cubeide/plugins/com.st.stm32cube.ide.mcu.externaltools.gnu-tools-for-stm32.10.3-2021.10.win32_1.0.0.202111181127/tools/bin/../lib/gcc/arm-none-eabi/10.3.1/thumb/v7e-m+fp/hard/crtbegin.o
 *(.text*)
 .text.mems_init
                0x00000000080001ec      0x130 ./Core/Src/l496_mems.o
                0x00000000080001ec                mems_init
 .text.mems_acc_read_x
                0x000000000800031c       0x44 ./Core/Src/l496_mems.o
                0x000000000800031c                mems_acc_read_x
 .text.mems_acc_read_y
                0x0000000008000360       0x44 ./Core/Src/l496_mems.o
                0x0000000008000360                mems_acc_read_y
 .text.mems_acc_read_z
                0x00000000080003a4       0x44 ./Core/Src/l496_mems.o
                0x00000000080003a4                mems_acc_read_z
 .text.MX_I2C3_Init
                0x00000000080003e8       0x80 ./Core/Src/l496_mems.o
 .text.MX_GPIO_Init
                0x0000000008000468       0x64 ./Core/Src/l496_mems.o
 .text.LM75_Error_Handler
                0x00000000080004cc        0xc ./Core/Src/l496_mems.o
 .text.HAL_I2C_MspInit
                0x00000000080004d8       0x60 ./Core/Src/l496_mems.o
                0x00000000080004d8                HAL_I2C_MspInit
 .text.main     0x0000000008000538       0x68 ./Core/Src/main.o
                0x0000000008000538                main
 .text.SystemClock_Config
                0x00000000080005a0       0xa4 ./Core/Src/main.o
                0x00000000080005a0                SystemClock_Config
 .text.MX_TIM2_Init
                0x0000000008000644       0x94 ./Core/Src/main.o
 .text.Joy_Init
                0x00000000080006d8       0x58 ./Core/Src/main.o
 .text.Dis7Seg_Init
                0x0000000008000730       0x8c ./Core/Src/main.o
                0x0000000008000730                Dis7Seg_Init
 .text.Dis7seg_display
                0x00000000080007bc       0xac ./Core/Src/main.o
                0x00000000080007bc                Dis7seg_display
 .text.Dis7Seg_SetAxisValue
                0x0000000008000868      0x284 ./Core/Src/main.o
                0x0000000008000868                Dis7Seg_SetAxisValue
 .text.HAL_TIM_PeriodElapsedCallback
                0x0000000008000aec       0x80 ./Core/Src/main.o
                0x0000000008000aec                HAL_TIM_PeriodElapsedCallback
 .text.DetectFallingEdge
                0x0000000008000b6c       0x88 ./Core/Src/main.o
                0x0000000008000b6c                DetectFallingEdge
 .text.Error_Handler
                0x0000000008000bf4        0xa ./Core/Src/main.o
                0x0000000008000bf4                Error_Handler
 *fill*         0x0000000008000bfe        0x2 
 .text.HAL_MspInit
                0x0000000008000c00       0x48 ./Core/Src/stm32l4xx_hal_msp.o
                0x0000000008000c00                HAL_MspInit
 .text.HAL_TIM_Base_MspInit
                0x0000000008000c48       0x48 ./Core/Src/stm32l4xx_hal_msp.o
                0x0000000008000c48                HAL_TIM_Base_MspInit
 .text.NMI_Handler
                0x0000000008000c90        0x6 ./Core/Src/stm32l4xx_it.o
                0x0000000008000c90                NMI_Handler
 .text.HardFault_Handler
                0x0000000008000c96        0x6 ./Core/Src/stm32l4xx_it.o
                0x0000000008000c96                HardFault_Handler
 .text.MemManage_Handler
                0x0000000008000c9c        0x6 ./Core/Src/stm32l4xx_it.o
                0x0000000008000c9c                MemManage_Handler
 .text.BusFault_Handler
                0x0000000008000ca2        0x6 ./Core/Src/stm32l4xx_it.o
                0x0000000008000ca2                BusFault_Handler
 .text.UsageFault_Handler
                0x0000000008000ca8        0x6 ./Core/Src/stm32l4xx_it.o
                0x0000000008000ca8                UsageFault_Handler
 .text.SVC_Handler
                0x0000000008000cae        0xe ./Core/Src/stm32l4xx_it.o
                0x0000000008000cae                SVC_Handler
 .text.DebugMon_Handler
                0x0000000008000cbc        0xe ./Core/Src/stm32l4xx_it.o
                0x0000000008000cbc                DebugMon_Handler
 .text.PendSV_Handler
                0x0000000008000cca        0xe ./Core/Src/stm32l4xx_it.o
                0x0000000008000cca                PendSV_Handler
 .text.SysTick_Handler
                0x0000000008000cd8        0xc ./Core/Src/stm32l4xx_it.o
                0x0000000008000cd8                SysTick_Handler
 .text.TIM2_IRQHandler
                0x0000000008000ce4       0x14 ./Core/Src/stm32l4xx_it.o
                0x0000000008000ce4                TIM2_IRQHandler
 .text.SystemInit
                0x0000000008000cf8       0x24 ./Core/Src/system_stm32l4xx.o
                0x0000000008000cf8                SystemInit
 .text.Reset_Handler
                0x0000000008000d1c       0x50 ./Core/Startup/startup_stm32l496zgtx.o
                0x0000000008000d1c                Reset_Handler
 .text.Default_Handler
                0x0000000008000d6c        0x2 ./Core/Startup/startup_stm32l496zgtx.o
                0x0000000008000d6c                RTC_Alarm_IRQHandler
                0x0000000008000d6c                EXTI2_IRQHandler
                0x0000000008000d6c                TIM8_TRG_COM_IRQHandler
                0x0000000008000d6c                TIM8_CC_IRQHandler
                0x0000000008000d6c                TIM1_CC_IRQHandler
                0x0000000008000d6c                TSC_IRQHandler
                0x0000000008000d6c                TAMP_STAMP_IRQHandler
                0x0000000008000d6c                CAN2_RX1_IRQHandler
                0x0000000008000d6c                EXTI3_IRQHandler
                0x0000000008000d6c                LPTIM2_IRQHandler
                0x0000000008000d6c                DFSDM1_FLT1_IRQHandler
                0x0000000008000d6c                I2C3_ER_IRQHandler
                0x0000000008000d6c                DFSDM1_FLT2_IRQHandler
                0x0000000008000d6c                EXTI0_IRQHandler
                0x0000000008000d6c                I2C2_EV_IRQHandler
                0x0000000008000d6c                CAN1_RX0_IRQHandler
                0x0000000008000d6c                FPU_IRQHandler
                0x0000000008000d6c                TIM1_UP_TIM16_IRQHandler
                0x0000000008000d6c                CAN2_SCE_IRQHandler
                0x0000000008000d6c                ADC1_2_IRQHandler
                0x0000000008000d6c                SPI1_IRQHandler
                0x0000000008000d6c                TIM6_DAC_IRQHandler
                0x0000000008000d6c                DCMI_IRQHandler
                0x0000000008000d6c                CAN2_RX0_IRQHandler
                0x0000000008000d6c                TIM8_UP_IRQHandler
                0x0000000008000d6c                DMA2_Channel2_IRQHandler
                0x0000000008000d6c                DMA1_Channel4_IRQHandler
                0x0000000008000d6c                SAI2_IRQHandler
                0x0000000008000d6c                DFSDM1_FLT3_IRQHandler
                0x0000000008000d6c                USART3_IRQHandler
                0x0000000008000d6c                DMA1_Channel7_IRQHandler
                0x0000000008000d6c                CAN1_RX1_IRQHandler
                0x0000000008000d6c                LCD_IRQHandler
                0x0000000008000d6c                UART5_IRQHandler
                0x0000000008000d6c                ADC3_IRQHandler
                0x0000000008000d6c                TIM4_IRQHandler
                0x0000000008000d6c                DMA2_Channel1_IRQHandler
                0x0000000008000d6c                QUADSPI_IRQHandler
                0x0000000008000d6c                I2C1_EV_IRQHandler
                0x0000000008000d6c                DMA1_Channel6_IRQHandler
                0x0000000008000d6c                UART4_IRQHandler
                0x0000000008000d6c                DMA2_Channel4_IRQHandler
                0x0000000008000d6c                TIM3_IRQHandler
                0x0000000008000d6c                RCC_IRQHandler
                0x0000000008000d6c                DMA1_Channel1_IRQHandler
                0x0000000008000d6c                Default_Handler
                0x0000000008000d6c                DMA2_Channel7_IRQHandler
                0x0000000008000d6c                EXTI15_10_IRQHandler
                0x0000000008000d6c                TIM7_IRQHandler
                0x0000000008000d6c                SDMMC1_IRQHandler
                0x0000000008000d6c                CAN2_TX_IRQHandler
                0x0000000008000d6c                TIM5_IRQHandler
                0x0000000008000d6c                I2C3_EV_IRQHandler
                0x0000000008000d6c                EXTI9_5_IRQHandler
                0x0000000008000d6c                RTC_WKUP_IRQHandler
                0x0000000008000d6c                PVD_PVM_IRQHandler
                0x0000000008000d6c                SPI2_IRQHandler
                0x0000000008000d6c                CAN1_TX_IRQHandler
                0x0000000008000d6c                DMA2_Channel5_IRQHandler
                0x0000000008000d6c                CRS_IRQHandler
                0x0000000008000d6c                DMA1_Channel5_IRQHandler
                0x0000000008000d6c                EXTI4_IRQHandler
                0x0000000008000d6c                RNG_IRQHandler
                0x0000000008000d6c                TIM1_TRG_COM_TIM17_IRQHandler
                0x0000000008000d6c                DMA1_Channel3_IRQHandler
                0x0000000008000d6c                COMP_IRQHandler
                0x0000000008000d6c                WWDG_IRQHandler
                0x0000000008000d6c                I2C4_EV_IRQHandler
                0x0000000008000d6c                LPUART1_IRQHandler
                0x0000000008000d6c                DMA2_Channel6_IRQHandler
                0x0000000008000d6c                EXTI1_IRQHandler
                0x0000000008000d6c                USART2_IRQHandler
                0x0000000008000d6c                DFSDM1_FLT0_IRQHandler
                0x0000000008000d6c                I2C2_ER_IRQHandler
                0x0000000008000d6c                DMA1_Channel2_IRQHandler
                0x0000000008000d6c                TIM8_BRK_IRQHandler
                0x0000000008000d6c                CAN1_SCE_IRQHandler
                0x0000000008000d6c                FLASH_IRQHandler
                0x0000000008000d6c                USART1_IRQHandler
                0x0000000008000d6c                OTG_FS_IRQHandler
                0x0000000008000d6c                SPI3_IRQHandler
                0x0000000008000d6c                I2C1_ER_IRQHandler
                0x0000000008000d6c                FMC_IRQHandler
                0x0000000008000d6c                SWPMI1_IRQHandler
                0x0000000008000d6c                LPTIM1_IRQHandler
                0x0000000008000d6c                I2C4_ER_IRQHandler
                0x0000000008000d6c                SAI1_IRQHandler
                0x0000000008000d6c                DMA2_Channel3_IRQHandler
                0x0000000008000d6c                TIM1_BRK_TIM15_IRQHandler
 .text.HAL_Init
                0x0000000008000d6e       0x30 ./Drivers/STM32L4xx_HAL_Driver/Src/stm32l4xx_hal.o
                0x0000000008000d6e                HAL_Init
 *fill*         0x0000000008000d9e        0x2 
 .text.HAL_InitTick
                0x0000000008000da0       0x78 ./Drivers/STM32L4xx_HAL_Driver/Src/stm32l4xx_hal.o
                0x0000000008000da0                HAL_InitTick
 .text.HAL_IncTick
                0x0000000008000e18       0x28 ./Drivers/STM32L4xx_HAL_Driver/Src/stm32l4xx_hal.o
                0x0000000008000e18                HAL_IncTick
 .text.HAL_GetTick
                0x0000000008000e40       0x18 ./Drivers/STM32L4xx_HAL_Driver/Src/stm32l4xx_hal.o
                0x0000000008000e40                HAL_GetTick
 .text.__NVIC_SetPriorityGrouping
                0x0000000008000e58       0x48 ./Drivers/STM32L4xx_HAL_Driver/Src/stm32l4xx_hal_cortex.o
 .text.__NVIC_GetPriorityGrouping
                0x0000000008000ea0       0x1c ./Drivers/STM32L4xx_HAL_Driver/Src/stm32l4xx_hal_cortex.o
 .text.__NVIC_EnableIRQ
                0x0000000008000ebc       0x3c ./Drivers/STM32L4xx_HAL_Driver/Src/stm32l4xx_hal_cortex.o
 .text.__NVIC_SetPriority
                0x0000000008000ef8       0x54 ./Drivers/STM32L4xx_HAL_Driver/Src/stm32l4xx_hal_cortex.o
 .text.NVIC_EncodePriority
                0x0000000008000f4c       0x66 ./Drivers/STM32L4xx_HAL_Driver/Src/stm32l4xx_hal_cortex.o
 *fill*         0x0000000008000fb2        0x2 
 .text.SysTick_Config
                0x0000000008000fb4       0x44 ./Drivers/STM32L4xx_HAL_Driver/Src/stm32l4xx_hal_cortex.o
 .text.HAL_NVIC_SetPriorityGrouping
                0x0000000008000ff8       0x16 ./Drivers/STM32L4xx_HAL_Driver/Src/stm32l4xx_hal_cortex.o
                0x0000000008000ff8                HAL_NVIC_SetPriorityGrouping
 .text.HAL_NVIC_SetPriority
                0x000000000800100e       0x38 ./Drivers/STM32L4xx_HAL_Driver/Src/stm32l4xx_hal_cortex.o
                0x000000000800100e                HAL_NVIC_SetPriority
 .text.HAL_NVIC_EnableIRQ
                0x0000000008001046       0x1c ./Drivers/STM32L4xx_HAL_Driver/Src/stm32l4xx_hal_cortex.o
                0x0000000008001046                HAL_NVIC_EnableIRQ
 .text.HAL_SYSTICK_Config
                0x0000000008001062       0x18 ./Drivers/STM32L4xx_HAL_Driver/Src/stm32l4xx_hal_cortex.o
                0x0000000008001062                HAL_SYSTICK_Config
 *fill*         0x000000000800107a        0x2 
 .text.HAL_GPIO_Init
                0x000000000800107c      0x324 ./Drivers/STM32L4xx_HAL_Driver/Src/stm32l4xx_hal_gpio.o
                0x000000000800107c                HAL_GPIO_Init
 .text.HAL_GPIO_WritePin
                0x00000000080013a0       0x30 ./Drivers/STM32L4xx_HAL_Driver/Src/stm32l4xx_hal_gpio.o
                0x00000000080013a0                HAL_GPIO_WritePin
 .text.HAL_I2C_Init
                0x00000000080013d0      0x11e ./Drivers/STM32L4xx_HAL_Driver/Src/stm32l4xx_hal_i2c.o
                0x00000000080013d0                HAL_I2C_Init
 *fill*         0x00000000080014ee        0x2 
 .text.HAL_I2C_Mem_Write
                0x00000000080014f0      0x228 ./Drivers/STM32L4xx_HAL_Driver/Src/stm32l4xx_hal_i2c.o
                0x00000000080014f0                HAL_I2C_Mem_Write
 .text.HAL_I2C_Mem_Read
                0x0000000008001718      0x234 ./Drivers/STM32L4xx_HAL_Driver/Src/stm32l4xx_hal_i2c.o
                0x0000000008001718                HAL_I2C_Mem_Read
 .text.I2C_RequestMemoryWrite
                0x000000000800194c       0xa8 ./Drivers/STM32L4xx_HAL_Driver/Src/stm32l4xx_hal_i2c.o
 .text.I2C_RequestMemoryRead
                0x00000000080019f4       0xa8 ./Drivers/STM32L4xx_HAL_Driver/Src/stm32l4xx_hal_i2c.o
 .text.I2C_Flush_TXDR
                0x0000000008001a9c       0x48 ./Drivers/STM32L4xx_HAL_Driver/Src/stm32l4xx_hal_i2c.o
 .text.I2C_WaitOnFlagUntilTimeout
                0x0000000008001ae4       0x80 ./Drivers/STM32L4xx_HAL_Driver/Src/stm32l4xx_hal_i2c.o
 .text.I2C_WaitOnTXISFlagUntilTimeout
                0x0000000008001b64       0x80 ./Drivers/STM32L4xx_HAL_Driver/Src/stm32l4xx_hal_i2c.o
 .text.I2C_WaitOnSTOPFlagUntilTimeout
                0x0000000008001be4       0x78 ./Drivers/STM32L4xx_HAL_Driver/Src/stm32l4xx_hal_i2c.o
 .text.I2C_IsErrorOccurred
                0x0000000008001c5c      0x1d8 ./Drivers/STM32L4xx_HAL_Driver/Src/stm32l4xx_hal_i2c.o
 .text.I2C_TransferConfig
                0x0000000008001e34       0x64 ./Drivers/STM32L4xx_HAL_Driver/Src/stm32l4xx_hal_i2c.o
 .text.HAL_I2CEx_ConfigAnalogFilter
                0x0000000008001e98       0x96 ./Drivers/STM32L4xx_HAL_Driver/Src/stm32l4xx_hal_i2c_ex.o
                0x0000000008001e98                HAL_I2CEx_ConfigAnalogFilter
 .text.HAL_I2CEx_ConfigDigitalFilter
                0x0000000008001f2e       0x98 ./Drivers/STM32L4xx_HAL_Driver/Src/stm32l4xx_hal_i2c_ex.o
                0x0000000008001f2e                HAL_I2CEx_ConfigDigitalFilter
 *fill*         0x0000000008001fc6        0x2 
 .text.HAL_PWREx_GetVoltageRange
                0x0000000008001fc8       0x1c ./Drivers/STM32L4xx_HAL_Driver/Src/stm32l4xx_hal_pwr_ex.o
                0x0000000008001fc8                HAL_PWREx_GetVoltageRange
 .text.HAL_PWREx_ControlVoltageScaling
                0x0000000008001fe4       0xac ./Drivers/STM32L4xx_HAL_Driver/Src/stm32l4xx_hal_pwr_ex.o
                0x0000000008001fe4                HAL_PWREx_ControlVoltageScaling
 .text.HAL_PWREx_EnableVddIO2
                0x0000000008002090       0x20 ./Drivers/STM32L4xx_HAL_Driver/Src/stm32l4xx_hal_pwr_ex.o
                0x0000000008002090                HAL_PWREx_EnableVddIO2
 .text.HAL_RCC_OscConfig
                0x00000000080020b0      0x834 ./Drivers/STM32L4xx_HAL_Driver/Src/stm32l4xx_hal_rcc.o
                0x00000000080020b0                HAL_RCC_OscConfig
 .text.HAL_RCC_ClockConfig
                0x00000000080028e4      0x200 ./Drivers/STM32L4xx_HAL_Driver/Src/stm32l4xx_hal_rcc.o
                0x00000000080028e4                HAL_RCC_ClockConfig
 .text.HAL_RCC_GetSysClockFreq
                0x0000000008002ae4      0x118 ./Drivers/STM32L4xx_HAL_Driver/Src/stm32l4xx_hal_rcc.o
                0x0000000008002ae4                HAL_RCC_GetSysClockFreq
 .text.RCC_SetFlashLatencyFromMSIRange
                0x0000000008002bfc       0xc0 ./Drivers/STM32L4xx_HAL_Driver/Src/stm32l4xx_hal_rcc.o
 .text.HAL_RCCEx_PeriphCLKConfig
                0x0000000008002cbc      0x5f8 ./Drivers/STM32L4xx_HAL_Driver/Src/stm32l4xx_hal_rcc_ex.o
                0x0000000008002cbc                HAL_RCCEx_PeriphCLKConfig
 .text.RCCEx_PLLSAI1_Config
                0x00000000080032b4      0x1e4 ./Drivers/STM32L4xx_HAL_Driver/Src/stm32l4xx_hal_rcc_ex.o
 .text.RCCEx_PLLSAI2_Config
                0x0000000008003498      0x1b8 ./Drivers/STM32L4xx_HAL_Driver/Src/stm32l4xx_hal_rcc_ex.o
 .text.HAL_TIM_Base_Init
                0x0000000008003650       0x56 ./Drivers/STM32L4xx_HAL_Driver/Src/stm32l4xx_hal_tim.o
                0x0000000008003650                HAL_TIM_Base_Init
 .text.HAL_TIM_Base_Start_IT
                0x00000000080036a6       0x36 ./Drivers/STM32L4xx_HAL_Driver/Src/stm32l4xx_hal_tim.o
                0x00000000080036a6                HAL_TIM_Base_Start_IT
 .text.HAL_TIM_IRQHandler
                0x00000000080036dc      0x210 ./Drivers/STM32L4xx_HAL_Driver/Src/stm32l4xx_hal_tim.o
                0x00000000080036dc                HAL_TIM_IRQHandler
 .text.HAL_TIM_ConfigClockSource
                0x00000000080038ec      0x1e4 ./Drivers/STM32L4xx_HAL_Driver/Src/stm32l4xx_hal_tim.o
                0x00000000080038ec                HAL_TIM_ConfigClockSource
 .text.HAL_TIM_OC_DelayElapsedCallback
                0x0000000008003ad0       0x14 ./Drivers/STM32L4xx_HAL_Driver/Src/stm32l4xx_hal_tim.o
                0x0000000008003ad0                HAL_TIM_OC_DelayElapsedCallback
 .text.HAL_TIM_IC_CaptureCallback
                0x0000000008003ae4       0x14 ./Drivers/STM32L4xx_HAL_Driver/Src/stm32l4xx_hal_tim.o
                0x0000000008003ae4                HAL_TIM_IC_CaptureCallback
 .text.HAL_TIM_PWM_PulseFinishedCallback
                0x0000000008003af8       0x14 ./Drivers/STM32L4xx_HAL_Driver/Src/stm32l4xx_hal_tim.o
                0x0000000008003af8                HAL_TIM_PWM_PulseFinishedCallback
 .text.HAL_TIM_TriggerCallback
                0x0000000008003b0c       0x14 ./Drivers/STM32L4xx_HAL_Driver/Src/stm32l4xx_hal_tim.o
                0x0000000008003b0c                HAL_TIM_TriggerCallback
 .text.TIM_Base_SetConfig
                0x0000000008003b20      0x128 ./Drivers/STM32L4xx_HAL_Driver/Src/stm32l4xx_hal_tim.o
                0x0000000008003b20                TIM_Base_SetConfig
 .text.TIM_TI1_ConfigInputStage
                0x0000000008003c48       0x66 ./Drivers/STM32L4xx_HAL_Driver/Src/stm32l4xx_hal_tim.o
 .text.TIM_TI2_ConfigInputStage
                0x0000000008003cae       0x68 ./Drivers/STM32L4xx_HAL_Driver/Src/stm32l4xx_hal_tim.o
 .text.TIM_ITRx_SetConfig
                0x0000000008003d16       0x40 ./Drivers/STM32L4xx_HAL_Driver/Src/stm32l4xx_hal_tim.o
 .text.TIM_ETR_SetConfig
                0x0000000008003d56       0x44 ./Drivers/STM32L4xx_HAL_Driver/Src/stm32l4xx_hal_tim.o
                0x0000000008003d56                TIM_ETR_SetConfig
 *fill*         0x0000000008003d9a        0x2 
 .text.HAL_TIMEx_MasterConfigSynchronization
                0x0000000008003d9c       0xa8 ./Drivers/STM32L4xx_HAL_Driver/Src/stm32l4xx_hal_tim_ex.o
                0x0000000008003d9c                HAL_TIMEx_MasterConfigSynchronization
 .text.HAL_TIMEx_CommutCallback
                0x0000000008003e44       0x14 ./Drivers/STM32L4xx_HAL_Driver/Src/stm32l4xx_hal_tim_ex.o
                0x0000000008003e44                HAL_TIMEx_CommutCallback
 .text.HAL_TIMEx_BreakCallback
                0x0000000008003e58       0x14 ./Drivers/STM32L4xx_HAL_Driver/Src/stm32l4xx_hal_tim_ex.o
                0x0000000008003e58                HAL_TIMEx_BreakCallback
 .text.__libc_init_array
                0x0000000008003e6c       0x48 c:/st/stm32cubeide_1.10.1/stm32cubeide/plugins/com.st.stm32cube.ide.mcu.externaltools.gnu-tools-for-stm32.10.3-2021.10.win32_1.0.0.202111181127/tools/bin/../lib/gcc/arm-none-eabi/10.3.1/../../../../arm-none-eabi/lib/thumb/v7e-m+fp/hard\libc_nano.a(lib_a-init.o)
                0x0000000008003e6c                __libc_init_array
 .text.memset   0x0000000008003eb4       0x10 c:/st/stm32cubeide_1.10.1/stm32cubeide/plugins/com.st.stm32cube.ide.mcu.externaltools.gnu-tools-for-stm32.10.3-2021.10.win32_1.0.0.202111181127/tools/bin/../lib/gcc/arm-none-eabi/10.3.1/../../../../arm-none-eabi/lib/thumb/v7e-m+fp/hard\libc_nano.a(lib_a-memset.o)
                0x0000000008003eb4                memset
 *(.glue_7)
 .glue_7        0x0000000008003ec4        0x0 linker stubs
 *(.glue_7t)
 .glue_7t       0x0000000008003ec4        0x0 linker stubs
 *(.eh_frame)
 .eh_frame      0x0000000008003ec4        0x0 c:/st/stm32cubeide_1.10.1/stm32cubeide/plugins/com.st.stm32cube.ide.mcu.externaltools.gnu-tools-for-stm32.10.3-2021.10.win32_1.0.0.202111181127/tools/bin/../lib/gcc/arm-none-eabi/10.3.1/thumb/v7e-m+fp/hard/crtbegin.o
 *(.init)
 .init          0x0000000008003ec4        0x4 c:/st/stm32cubeide_1.10.1/stm32cubeide/plugins/com.st.stm32cube.ide.mcu.externaltools.gnu-tools-for-stm32.10.3-2021.10.win32_1.0.0.202111181127/tools/bin/../lib/gcc/arm-none-eabi/10.3.1/thumb/v7e-m+fp/hard/crti.o
                0x0000000008003ec4                _init
 .init          0x0000000008003ec8        0x8 c:/st/stm32cubeide_1.10.1/stm32cubeide/plugins/com.st.stm32cube.ide.mcu.externaltools.gnu-tools-for-stm32.10.3-2021.10.win32_1.0.0.202111181127/tools/bin/../lib/gcc/arm-none-eabi/10.3.1/thumb/v7e-m+fp/hard/crtn.o
 *(.fini)
 .fini          0x0000000008003ed0        0x4 c:/st/stm32cubeide_1.10.1/stm32cubeide/plugins/com.st.stm32cube.ide.mcu.externaltools.gnu-tools-for-stm32.10.3-2021.10.win32_1.0.0.202111181127/tools/bin/../lib/gcc/arm-none-eabi/10.3.1/thumb/v7e-m+fp/hard/crti.o
                0x0000000008003ed0                _fini
 .fini          0x0000000008003ed4        0x8 c:/st/stm32cubeide_1.10.1/stm32cubeide/plugins/com.st.stm32cube.ide.mcu.externaltools.gnu-tools-for-stm32.10.3-2021.10.win32_1.0.0.202111181127/tools/bin/../lib/gcc/arm-none-eabi/10.3.1/thumb/v7e-m+fp/hard/crtn.o
                0x0000000008003edc                . = ALIGN (0x4)
                0x0000000008003edc                _etext = .

.vfp11_veneer   0x0000000008003edc        0x0
 .vfp11_veneer  0x0000000008003edc        0x0 linker stubs

.v4_bx          0x0000000008003edc        0x0
 .v4_bx         0x0000000008003edc        0x0 linker stubs

.iplt           0x0000000008003edc        0x0
 .iplt          0x0000000008003edc        0x0 c:/st/stm32cubeide_1.10.1/stm32cubeide/plugins/com.st.stm32cube.ide.mcu.externaltools.gnu-tools-for-stm32.10.3-2021.10.win32_1.0.0.202111181127/tools/bin/../lib/gcc/arm-none-eabi/10.3.1/thumb/v7e-m+fp/hard/crtbegin.o

.rodata         0x0000000008003edc       0x70
                0x0000000008003edc                . = ALIGN (0x4)
 *(.rodata)
 .rodata        0x0000000008003edc       0x18 ./Core/Src/l496_mems.o
 *(.rodata*)
 .rodata.segments
                0x0000000008003ef4        0xd ./Core/Src/main.o
                0x0000000008003ef4                segments
 *fill*         0x0000000008003f01        0x3 
 .rodata.digit  0x0000000008003f04        0x8 ./Core/Src/main.o
                0x0000000008003f04                digit
 .rodata.AHBPrescTable
                0x0000000008003f0c       0x10 ./Core/Src/system_stm32l4xx.o
                0x0000000008003f0c                AHBPrescTable
 .rodata.MSIRangeTable
                0x0000000008003f1c       0x30 ./Core/Src/system_stm32l4xx.o
                0x0000000008003f1c                MSIRangeTable
                0x0000000008003f4c                . = ALIGN (0x4)

.rel.dyn        0x0000000008003f4c        0x0
 .rel.iplt      0x0000000008003f4c        0x0 c:/st/stm32cubeide_1.10.1/stm32cubeide/plugins/com.st.stm32cube.ide.mcu.externaltools.gnu-tools-for-stm32.10.3-2021.10.win32_1.0.0.202111181127/tools/bin/../lib/gcc/arm-none-eabi/10.3.1/thumb/v7e-m+fp/hard/crtbegin.o

.ARM.extab      0x0000000008003f4c        0x0
                0x0000000008003f4c                . = ALIGN (0x4)
 *(.ARM.extab* .gnu.linkonce.armextab.*)
                0x0000000008003f4c                . = ALIGN (0x4)

.ARM            0x0000000008003f4c        0x0
                0x0000000008003f4c                . = ALIGN (0x4)
                0x0000000008003f4c                __exidx_start = .
 *(.ARM.exidx*)
                0x0000000008003f4c                __exidx_end = .
                0x0000000008003f4c                . = ALIGN (0x4)

.preinit_array  0x0000000008003f4c        0x0
                0x0000000008003f4c                . = ALIGN (0x4)
                0x0000000008003f4c                PROVIDE (__preinit_array_start = .)
 *(.preinit_array*)
                0x0000000008003f4c                PROVIDE (__preinit_array_end = .)
                0x0000000008003f4c                . = ALIGN (0x4)

.init_array     0x0000000008003f4c        0x4
                0x0000000008003f4c                . = ALIGN (0x4)
                0x0000000008003f4c                PROVIDE (__init_array_start = .)
 *(SORT_BY_NAME(.init_array.*))
 *(.init_array*)
 .init_array    0x0000000008003f4c        0x4 c:/st/stm32cubeide_1.10.1/stm32cubeide/plugins/com.st.stm32cube.ide.mcu.externaltools.gnu-tools-for-stm32.10.3-2021.10.win32_1.0.0.202111181127/tools/bin/../lib/gcc/arm-none-eabi/10.3.1/thumb/v7e-m+fp/hard/crtbegin.o
                0x0000000008003f50                PROVIDE (__init_array_end = .)
                0x0000000008003f50                . = ALIGN (0x4)

.fini_array     0x0000000008003f50        0x4
                0x0000000008003f50                . = ALIGN (0x4)
                [!provide]                        PROVIDE (__fini_array_start = .)
 *(SORT_BY_NAME(.fini_array.*))
 *(.fini_array*)
 .fini_array    0x0000000008003f50        0x4 c:/st/stm32cubeide_1.10.1/stm32cubeide/plugins/com.st.stm32cube.ide.mcu.externaltools.gnu-tools-for-stm32.10.3-2021.10.win32_1.0.0.202111181127/tools/bin/../lib/gcc/arm-none-eabi/10.3.1/thumb/v7e-m+fp/hard/crtbegin.o
                [!provide]                        PROVIDE (__fini_array_end = .)
                0x0000000008003f54                . = ALIGN (0x4)
                0x0000000008003f54                _sidata = LOADADDR (.data)

.data           0x0000000020000000       0x10 load address 0x0000000008003f54
                0x0000000020000000                . = ALIGN (0x4)
                0x0000000020000000                _sdata = .
 *(.data)
 *(.data*)
 .data.selectedAxis.3
                0x0000000020000000        0x1 ./Core/Src/main.o
 *fill*         0x0000000020000001        0x3 
 .data.SystemCoreClock
                0x0000000020000004        0x4 ./Core/Src/system_stm32l4xx.o
                0x0000000020000004                SystemCoreClock
 .data.uwTickPrio
                0x0000000020000008        0x4 ./Drivers/STM32L4xx_HAL_Driver/Src/stm32l4xx_hal.o
                0x0000000020000008                uwTickPrio
 .data.uwTickFreq
                0x000000002000000c        0x1 ./Drivers/STM32L4xx_HAL_Driver/Src/stm32l4xx_hal.o
                0x000000002000000c                uwTickFreq
 *(.RamFunc)
 *(.RamFunc*)
                0x0000000020000010                . = ALIGN (0x4)
 *fill*         0x000000002000000d        0x3 
                0x0000000020000010                _edata = .

.igot.plt       0x0000000020000010        0x0 load address 0x0000000008003f64
 .igot.plt      0x0000000020000010        0x0 c:/st/stm32cubeide_1.10.1/stm32cubeide/plugins/com.st.stm32cube.ide.mcu.externaltools.gnu-tools-for-stm32.10.3-2021.10.win32_1.0.0.202111181127/tools/bin/../lib/gcc/arm-none-eabi/10.3.1/thumb/v7e-m+fp/hard/crtbegin.o
                0x0000000020000010                . = ALIGN (0x4)

.bss            0x0000000020000010       0xc4 load address 0x0000000008003f64
                0x0000000020000010                _sbss = .
                0x0000000020000010                __bss_start__ = _sbss
 *(.bss)
 .bss           0x0000000020000010       0x1c c:/st/stm32cubeide_1.10.1/stm32cubeide/plugins/com.st.stm32cube.ide.mcu.externaltools.gnu-tools-for-stm32.10.3-2021.10.win32_1.0.0.202111181127/tools/bin/../lib/gcc/arm-none-eabi/10.3.1/thumb/v7e-m+fp/hard/crtbegin.o
 *(.bss*)
 .bss.hi2c3     0x000000002000002c       0x54 ./Core/Src/l496_mems.o
                0x000000002000002c                hi2c3
 .bss.htim2     0x0000000020000080       0x3c ./Core/Src/main.o
                0x0000000020000080                htim2
 .bss.display   0x00000000200000bc        0x8 ./Core/Src/main.o
                0x00000000200000bc                display
 .bss.dig.4     0x00000000200000c4        0x1 ./Core/Src/main.o
 .bss.buttonPressed.2
                0x00000000200000c5        0x1 ./Core/Src/main.o
 *fill*         0x00000000200000c6        0x2 
 .bss.prevPort.1
                0x00000000200000c8        0x4 ./Core/Src/main.o
 .bss.prevPin.0
                0x00000000200000cc        0x2 ./Core/Src/main.o
 *fill*         0x00000000200000ce        0x2 
 .bss.uwTick    0x00000000200000d0        0x4 ./Drivers/STM32L4xx_HAL_Driver/Src/stm32l4xx_hal.o
                0x00000000200000d0                uwTick
 *(COMMON)
                0x00000000200000d4                . = ALIGN (0x4)
                0x00000000200000d4                _ebss = .
                0x00000000200000d4                __bss_end__ = _ebss

._user_heap_stack
                0x00000000200000d4      0x604 load address 0x0000000008003f64
                0x00000000200000d8                . = ALIGN (0x8)
 *fill*         0x00000000200000d4        0x4 
                [!provide]                        PROVIDE (end = .)
                0x00000000200000d8                PROVIDE (_end = .)
                0x00000000200002d8                . = (. + _Min_Heap_Size)
 *fill*         0x00000000200000d8      0x200 
                0x00000000200006d8                . = (. + _Min_Stack_Size)
 *fill*         0x00000000200002d8      0x400 
                0x00000000200006d8                . = ALIGN (0x8)

/DISCARD/
 libc.a(*)
 libm.a(*)
 libgcc.a(*)

.ARM.attributes
                0x0000000000000000       0x30
 *(.ARM.attributes)
 .ARM.attributes
                0x0000000000000000       0x1e c:/st/stm32cubeide_1.10.1/stm32cubeide/plugins/com.st.stm32cube.ide.mcu.externaltools.gnu-tools-for-stm32.10.3-2021.10.win32_1.0.0.202111181127/tools/bin/../lib/gcc/arm-none-eabi/10.3.1/thumb/v7e-m+fp/hard/crti.o
 .ARM.attributes
                0x000000000000001e       0x34 c:/st/stm32cubeide_1.10.1/stm32cubeide/plugins/com.st.stm32cube.ide.mcu.externaltools.gnu-tools-for-stm32.10.3-2021.10.win32_1.0.0.202111181127/tools/bin/../lib/gcc/arm-none-eabi/10.3.1/thumb/v7e-m+fp/hard/crtbegin.o
 .ARM.attributes
                0x0000000000000052       0x34 ./Core/Src/l496_mems.o
 .ARM.attributes
                0x0000000000000086       0x34 ./Core/Src/main.o
 .ARM.attributes
                0x00000000000000ba       0x34 ./Core/Src/stm32l4xx_hal_msp.o
 .ARM.attributes
                0x00000000000000ee       0x34 ./Core/Src/stm32l4xx_it.o
 .ARM.attributes
                0x0000000000000122       0x34 ./Core/Src/system_stm32l4xx.o
 .ARM.attributes
                0x0000000000000156       0x21 ./Core/Startup/startup_stm32l496zgtx.o
 .ARM.attributes
                0x0000000000000177       0x34 ./Drivers/STM32L4xx_HAL_Driver/Src/stm32l4xx_hal.o
 .ARM.attributes
                0x00000000000001ab       0x34 ./Drivers/STM32L4xx_HAL_Driver/Src/stm32l4xx_hal_cortex.o
 .ARM.attributes
                0x00000000000001df       0x34 ./Drivers/STM32L4xx_HAL_Driver/Src/stm32l4xx_hal_gpio.o
 .ARM.attributes
                0x0000000000000213       0x34 ./Drivers/STM32L4xx_HAL_Driver/Src/stm32l4xx_hal_i2c.o
 .ARM.attributes
                0x0000000000000247       0x34 ./Drivers/STM32L4xx_HAL_Driver/Src/stm32l4xx_hal_i2c_ex.o
 .ARM.attributes
                0x000000000000027b       0x34 ./Drivers/STM32L4xx_HAL_Driver/Src/stm32l4xx_hal_pwr_ex.o
 .ARM.attributes
                0x00000000000002af       0x34 ./Drivers/STM32L4xx_HAL_Driver/Src/stm32l4xx_hal_rcc.o
 .ARM.attributes
                0x00000000000002e3       0x34 ./Drivers/STM32L4xx_HAL_Driver/Src/stm32l4xx_hal_rcc_ex.o
 .ARM.attributes
                0x0000000000000317       0x34 ./Drivers/STM32L4xx_HAL_Driver/Src/stm32l4xx_hal_tim.o
 .ARM.attributes
                0x000000000000034b       0x34 ./Drivers/STM32L4xx_HAL_Driver/Src/stm32l4xx_hal_tim_ex.o
 .ARM.attributes
                0x000000000000037f       0x34 c:/st/stm32cubeide_1.10.1/stm32cubeide/plugins/com.st.stm32cube.ide.mcu.externaltools.gnu-tools-for-stm32.10.3-2021.10.win32_1.0.0.202111181127/tools/bin/../lib/gcc/arm-none-eabi/10.3.1/../../../../arm-none-eabi/lib/thumb/v7e-m+fp/hard\libc_nano.a(lib_a-init.o)
 .ARM.attributes
                0x00000000000003b3       0x34 c:/st/stm32cubeide_1.10.1/stm32cubeide/plugins/com.st.stm32cube.ide.mcu.externaltools.gnu-tools-for-stm32.10.3-2021.10.win32_1.0.0.202111181127/tools/bin/../lib/gcc/arm-none-eabi/10.3.1/../../../../arm-none-eabi/lib/thumb/v7e-m+fp/hard\libc_nano.a(lib_a-memset.o)
 .ARM.attributes
                0x00000000000003e7       0x1e c:/st/stm32cubeide_1.10.1/stm32cubeide/plugins/com.st.stm32cube.ide.mcu.externaltools.gnu-tools-for-stm32.10.3-2021.10.win32_1.0.0.202111181127/tools/bin/../lib/gcc/arm-none-eabi/10.3.1/thumb/v7e-m+fp/hard/crtn.o
OUTPUT(Zad6.elf elf32-littlearm)
LOAD linker stubs
LOAD c:/st/stm32cubeide_1.10.1/stm32cubeide/plugins/com.st.stm32cube.ide.mcu.externaltools.gnu-tools-for-stm32.10.3-2021.10.win32_1.0.0.202111181127/tools/bin/../lib/gcc/arm-none-eabi/10.3.1/../../../../arm-none-eabi/lib/thumb/v7e-m+fp/hard\libc.a
LOAD c:/st/stm32cubeide_1.10.1/stm32cubeide/plugins/com.st.stm32cube.ide.mcu.externaltools.gnu-tools-for-stm32.10.3-2021.10.win32_1.0.0.202111181127/tools/bin/../lib/gcc/arm-none-eabi/10.3.1/../../../../arm-none-eabi/lib/thumb/v7e-m+fp/hard\libm.a
LOAD c:/st/stm32cubeide_1.10.1/stm32cubeide/plugins/com.st.stm32cube.ide.mcu.externaltools.gnu-tools-for-stm32.10.3-2021.10.win32_1.0.0.202111181127/tools/bin/../lib/gcc/arm-none-eabi/10.3.1/thumb/v7e-m+fp/hard\libgcc.a

.debug_info     0x0000000000000000     0xe740
 .debug_info    0x0000000000000000      0xfc8 ./Core/Src/l496_mems.o
 .debug_info    0x0000000000000fc8     0x10c7 ./Core/Src/main.o
 .debug_info    0x000000000000208f      0xb64 ./Core/Src/stm32l4xx_hal_msp.o
 .debug_info    0x0000000000002bf3      0x69b ./Core/Src/stm32l4xx_it.o
 .debug_info    0x000000000000328e      0x5e2 ./Core/Src/system_stm32l4xx.o
 .debug_info    0x0000000000003870       0x22 ./Core/Startup/startup_stm32l496zgtx.o
 .debug_info    0x0000000000003892      0xb95 ./Drivers/STM32L4xx_HAL_Driver/Src/stm32l4xx_hal.o
 .debug_info    0x0000000000004427      0xe57 ./Drivers/STM32L4xx_HAL_Driver/Src/stm32l4xx_hal_cortex.o
 .debug_info    0x000000000000527e      0x83d ./Drivers/STM32L4xx_HAL_Driver/Src/stm32l4xx_hal_gpio.o
 .debug_info    0x0000000000005abb     0x2232 ./Drivers/STM32L4xx_HAL_Driver/Src/stm32l4xx_hal_i2c.o
 .debug_info    0x0000000000007ced      0xa6f ./Drivers/STM32L4xx_HAL_Driver/Src/stm32l4xx_hal_i2c_ex.o
 .debug_info    0x000000000000875c      0x9e6 ./Drivers/STM32L4xx_HAL_Driver/Src/stm32l4xx_hal_pwr_ex.o
 .debug_info    0x0000000000009142      0xd17 ./Drivers/STM32L4xx_HAL_Driver/Src/stm32l4xx_hal_rcc.o
 .debug_info    0x0000000000009e59     0x1148 ./Drivers/STM32L4xx_HAL_Driver/Src/stm32l4xx_hal_rcc_ex.o
 .debug_info    0x000000000000afa1     0x24c5 ./Drivers/STM32L4xx_HAL_Driver/Src/stm32l4xx_hal_tim.o
 .debug_info    0x000000000000d466     0x12da ./Drivers/STM32L4xx_HAL_Driver/Src/stm32l4xx_hal_tim_ex.o

.debug_abbrev   0x0000000000000000     0x20cc
 .debug_abbrev  0x0000000000000000      0x281 ./Core/Src/l496_mems.o
 .debug_abbrev  0x0000000000000281      0x2fe ./Core/Src/main.o
 .debug_abbrev  0x000000000000057f      0x19f ./Core/Src/stm32l4xx_hal_msp.o
 .debug_abbrev  0x000000000000071e      0x184 ./Core/Src/stm32l4xx_it.o
 .debug_abbrev  0x00000000000008a2      0x116 ./Core/Src/system_stm32l4xx.o
 .debug_abbrev  0x00000000000009b8       0x12 ./Core/Startup/startup_stm32l496zgtx.o
 .debug_abbrev  0x00000000000009ca      0x23a ./Drivers/STM32L4xx_HAL_Driver/Src/stm32l4xx_hal.o
 .debug_abbrev  0x0000000000000c04      0x316 ./Drivers/STM32L4xx_HAL_Driver/Src/stm32l4xx_hal_cortex.o
 .debug_abbrev  0x0000000000000f1a      0x1bb ./Drivers/STM32L4xx_HAL_Driver/Src/stm32l4xx_hal_gpio.o
 .debug_abbrev  0x00000000000010d5      0x243 ./Drivers/STM32L4xx_HAL_Driver/Src/stm32l4xx_hal_i2c.o
 .debug_abbrev  0x0000000000001318      0x1b0 ./Drivers/STM32L4xx_HAL_Driver/Src/stm32l4xx_hal_i2c_ex.o
 .debug_abbrev  0x00000000000014c8      0x1f3 ./Drivers/STM32L4xx_HAL_Driver/Src/stm32l4xx_hal_pwr_ex.o
 .debug_abbrev  0x00000000000016bb      0x2bd ./Drivers/STM32L4xx_HAL_Driver/Src/stm32l4xx_hal_rcc.o
 .debug_abbrev  0x0000000000001978      0x299 ./Drivers/STM32L4xx_HAL_Driver/Src/stm32l4xx_hal_rcc_ex.o
 .debug_abbrev  0x0000000000001c11      0x270 ./Drivers/STM32L4xx_HAL_Driver/Src/stm32l4xx_hal_tim.o
 .debug_abbrev  0x0000000000001e81      0x24b ./Drivers/STM32L4xx_HAL_Driver/Src/stm32l4xx_hal_tim_ex.o

.debug_aranges  0x0000000000000000      0xef0
 .debug_aranges
                0x0000000000000000       0x68 ./Core/Src/l496_mems.o
 .debug_aranges
                0x0000000000000068       0x68 ./Core/Src/main.o
 .debug_aranges
                0x00000000000000d0       0x30 ./Core/Src/stm32l4xx_hal_msp.o
 .debug_aranges
                0x0000000000000100       0x68 ./Core/Src/stm32l4xx_it.o
 .debug_aranges
                0x0000000000000168       0x28 ./Core/Src/system_stm32l4xx.o
 .debug_aranges
                0x0000000000000190       0x28 ./Core/Startup/startup_stm32l496zgtx.o
 .debug_aranges
                0x00000000000001b8      0x130 ./Drivers/STM32L4xx_HAL_Driver/Src/stm32l4xx_hal.o
 .debug_aranges
                0x00000000000002e8      0x118 ./Drivers/STM32L4xx_HAL_Driver/Src/stm32l4xx_hal_cortex.o
 .debug_aranges
                0x0000000000000400       0x58 ./Drivers/STM32L4xx_HAL_Driver/Src/stm32l4xx_hal_gpio.o
 .debug_aranges
                0x0000000000000458      0x2a0 ./Drivers/STM32L4xx_HAL_Driver/Src/stm32l4xx_hal_i2c.o
 .debug_aranges
                0x00000000000006f8       0x48 ./Drivers/STM32L4xx_HAL_Driver/Src/stm32l4xx_hal_i2c_ex.o
 .debug_aranges
                0x0000000000000740      0x150 ./Drivers/STM32L4xx_HAL_Driver/Src/stm32l4xx_hal_pwr_ex.o
 .debug_aranges
                0x0000000000000890       0x90 ./Drivers/STM32L4xx_HAL_Driver/Src/stm32l4xx_hal_rcc.o
 .debug_aranges
                0x0000000000000920      0x108 ./Drivers/STM32L4xx_HAL_Driver/Src/stm32l4xx_hal_rcc_ex.o
 .debug_aranges
                0x0000000000000a28      0x378 ./Drivers/STM32L4xx_HAL_Driver/Src/stm32l4xx_hal_tim.o
 .debug_aranges
                0x0000000000000da0      0x150 ./Drivers/STM32L4xx_HAL_Driver/Src/stm32l4xx_hal_tim_ex.o

.debug_ranges   0x0000000000000000      0xdf8
 .debug_ranges  0x0000000000000000       0x58 ./Core/Src/l496_mems.o
 .debug_ranges  0x0000000000000058       0x58 ./Core/Src/main.o
 .debug_ranges  0x00000000000000b0       0x20 ./Core/Src/stm32l4xx_hal_msp.o
 .debug_ranges  0x00000000000000d0       0x58 ./Core/Src/stm32l4xx_it.o
 .debug_ranges  0x0000000000000128       0x18 ./Core/Src/system_stm32l4xx.o
 .debug_ranges  0x0000000000000140       0x20 ./Core/Startup/startup_stm32l496zgtx.o
 .debug_ranges  0x0000000000000160      0x120 ./Drivers/STM32L4xx_HAL_Driver/Src/stm32l4xx_hal.o
 .debug_ranges  0x0000000000000280      0x108 ./Drivers/STM32L4xx_HAL_Driver/Src/stm32l4xx_hal_cortex.o
 .debug_ranges  0x0000000000000388       0x48 ./Drivers/STM32L4xx_HAL_Driver/Src/stm32l4xx_hal_gpio.o
 .debug_ranges  0x00000000000003d0      0x290 ./Drivers/STM32L4xx_HAL_Driver/Src/stm32l4xx_hal_i2c.o
 .debug_ranges  0x0000000000000660       0x38 ./Drivers/STM32L4xx_HAL_Driver/Src/stm32l4xx_hal_i2c_ex.o
 .debug_ranges  0x0000000000000698      0x140 ./Drivers/STM32L4xx_HAL_Driver/Src/stm32l4xx_hal_pwr_ex.o
 .debug_ranges  0x00000000000007d8       0x80 ./Drivers/STM32L4xx_HAL_Driver/Src/stm32l4xx_hal_rcc.o
 .debug_ranges  0x0000000000000858       0xf8 ./Drivers/STM32L4xx_HAL_Driver/Src/stm32l4xx_hal_rcc_ex.o
 .debug_ranges  0x0000000000000950      0x368 ./Drivers/STM32L4xx_HAL_Driver/Src/stm32l4xx_hal_tim.o
 .debug_ranges  0x0000000000000cb8      0x140 ./Drivers/STM32L4xx_HAL_Driver/Src/stm32l4xx_hal_tim_ex.o

.debug_macro    0x0000000000000000    0x285f3
 .debug_macro   0x0000000000000000      0x294 ./Core/Src/l496_mems.o
 .debug_macro   0x0000000000000294      0xa78 ./Core/Src/l496_mems.o
 .debug_macro   0x0000000000000d0c       0x22 ./Core/Src/l496_mems.o
 .debug_macro   0x0000000000000d2e       0x8e ./Core/Src/l496_mems.o
 .debug_macro   0x0000000000000dbc       0x51 ./Core/Src/l496_mems.o
 .debug_macro   0x0000000000000e0d      0x103 ./Core/Src/l496_mems.o
 .debug_macro   0x0000000000000f10       0x6a ./Core/Src/l496_mems.o
 .debug_macro   0x0000000000000f7a      0x1df ./Core/Src/l496_mems.o
 .debug_macro   0x0000000000001159       0x40 ./Core/Src/l496_mems.o
 .debug_macro   0x0000000000001199      0x1a7 ./Core/Src/l496_mems.o
 .debug_macro   0x0000000000001340       0x2e ./Core/Src/l496_mems.o
 .debug_macro   0x000000000000136e       0x28 ./Core/Src/l496_mems.o
 .debug_macro   0x0000000000001396       0x1c ./Core/Src/l496_mems.o
 .debug_macro   0x00000000000013b2       0x22 ./Core/Src/l496_mems.o
 .debug_macro   0x00000000000013d4       0xfb ./Core/Src/l496_mems.o
 .debug_macro   0x00000000000014cf     0x1011 ./Core/Src/l496_mems.o
 .debug_macro   0x00000000000024e0      0x11f ./Core/Src/l496_mems.o
 .debug_macro   0x00000000000025ff    0x1c1e0 ./Core/Src/l496_mems.o
 .debug_macro   0x000000000001e7df       0x6d ./Core/Src/l496_mems.o
 .debug_macro   0x000000000001e84c     0x38e6 ./Core/Src/l496_mems.o
 .debug_macro   0x0000000000022132      0x174 ./Core/Src/l496_mems.o
 .debug_macro   0x00000000000222a6       0x5c ./Core/Src/l496_mems.o
 .debug_macro   0x0000000000022302     0x187d ./Core/Src/l496_mems.o
 .debug_macro   0x0000000000023b7f      0x773 ./Core/Src/l496_mems.o
 .debug_macro   0x00000000000242f2      0x1b9 ./Core/Src/l496_mems.o
 .debug_macro   0x00000000000244ab      0x202 ./Core/Src/l496_mems.o
 .debug_macro   0x00000000000246ad      0x26b ./Core/Src/l496_mems.o
 .debug_macro   0x0000000000024918      0x23d ./Core/Src/l496_mems.o
 .debug_macro   0x0000000000024b55      0x241 ./Core/Src/l496_mems.o
 .debug_macro   0x0000000000024d96      0x3ad ./Core/Src/l496_mems.o
 .debug_macro   0x0000000000025143       0xe4 ./Core/Src/l496_mems.o
 .debug_macro   0x0000000000025227      0x22c ./Core/Src/l496_mems.o
 .debug_macro   0x0000000000025453       0x61 ./Core/Src/l496_mems.o
 .debug_macro   0x00000000000254b4       0xa5 ./Core/Src/l496_mems.o
 .debug_macro   0x0000000000025559      0x122 ./Core/Src/l496_mems.o
 .debug_macro   0x000000000002567b      0x3ef ./Core/Src/l496_mems.o
 .debug_macro   0x0000000000025a6a      0x9cd ./Core/Src/l496_mems.o
 .debug_macro   0x0000000000026437      0x1f5 ./Core/Src/l496_mems.o
 .debug_macro   0x000000000002662c      0x433 ./Core/Src/l496_mems.o
 .debug_macro   0x0000000000026a5f      0x1e3 ./Core/Src/main.o
 .debug_macro   0x0000000000026c42       0xb2 ./Core/Src/main.o
 .debug_macro   0x0000000000026cf4      0x1d4 ./Core/Src/stm32l4xx_hal_msp.o
 .debug_macro   0x0000000000026ec8      0x1de ./Core/Src/stm32l4xx_it.o
 .debug_macro   0x00000000000270a6      0x1c5 ./Core/Src/system_stm32l4xx.o
 .debug_macro   0x000000000002726b      0x213 ./Drivers/STM32L4xx_HAL_Driver/Src/stm32l4xx_hal.o
 .debug_macro   0x000000000002747e      0x1c5 ./Drivers/STM32L4xx_HAL_Driver/Src/stm32l4xx_hal_cortex.o
 .debug_macro   0x0000000000027643      0x1cc ./Drivers/STM32L4xx_HAL_Driver/Src/stm32l4xx_hal_gpio.o
 .debug_macro   0x000000000002780f      0x291 ./Drivers/STM32L4xx_HAL_Driver/Src/stm32l4xx_hal_i2c.o
 .debug_macro   0x0000000000027aa0      0x1c5 ./Drivers/STM32L4xx_HAL_Driver/Src/stm32l4xx_hal_i2c_ex.o
 .debug_macro   0x0000000000027c65      0x1ef ./Drivers/STM32L4xx_HAL_Driver/Src/stm32l4xx_hal_pwr_ex.o
 .debug_macro   0x0000000000027e54      0x207 ./Drivers/STM32L4xx_HAL_Driver/Src/stm32l4xx_hal_rcc.o
 .debug_macro   0x000000000002805b      0x1fb ./Drivers/STM32L4xx_HAL_Driver/Src/stm32l4xx_hal_rcc_ex.o
 .debug_macro   0x0000000000028256      0x1c6 ./Drivers/STM32L4xx_HAL_Driver/Src/stm32l4xx_hal_tim.o
 .debug_macro   0x000000000002841c      0x1d7 ./Drivers/STM32L4xx_HAL_Driver/Src/stm32l4xx_hal_tim_ex.o

.debug_line     0x0000000000000000     0xf8c0
 .debug_line    0x0000000000000000      0x892 ./Core/Src/l496_mems.o
 .debug_line    0x0000000000000892      0x9ab ./Core/Src/main.o
 .debug_line    0x000000000000123d      0x6f5 ./Core/Src/stm32l4xx_hal_msp.o
 .debug_line    0x0000000000001932      0x795 ./Core/Src/stm32l4xx_it.o
 .debug_line    0x00000000000020c7      0x752 ./Core/Src/system_stm32l4xx.o
 .debug_line    0x0000000000002819       0x88 ./Core/Startup/startup_stm32l496zgtx.o
 .debug_line    0x00000000000028a1      0xaaa ./Drivers/STM32L4xx_HAL_Driver/Src/stm32l4xx_hal.o
 .debug_line    0x000000000000334b      0xc51 ./Drivers/STM32L4xx_HAL_Driver/Src/stm32l4xx_hal_cortex.o
 .debug_line    0x0000000000003f9c      0xb06 ./Drivers/STM32L4xx_HAL_Driver/Src/stm32l4xx_hal_gpio.o
 .debug_line    0x0000000000004aa2     0x363c ./Drivers/STM32L4xx_HAL_Driver/Src/stm32l4xx_hal_i2c.o
 .debug_line    0x00000000000080de      0x8d8 ./Drivers/STM32L4xx_HAL_Driver/Src/stm32l4xx_hal_i2c_ex.o
 .debug_line    0x00000000000089b6      0xc7c ./Drivers/STM32L4xx_HAL_Driver/Src/stm32l4xx_hal_pwr_ex.o
 .debug_line    0x0000000000009632      0xf6c ./Drivers/STM32L4xx_HAL_Driver/Src/stm32l4xx_hal_rcc.o
 .debug_line    0x000000000000a59e     0x16b2 ./Drivers/STM32L4xx_HAL_Driver/Src/stm32l4xx_hal_rcc_ex.o
 .debug_line    0x000000000000bc50     0x2a1c ./Drivers/STM32L4xx_HAL_Driver/Src/stm32l4xx_hal_tim.o
 .debug_line    0x000000000000e66c     0x1254 ./Drivers/STM32L4xx_HAL_Driver/Src/stm32l4xx_hal_tim_ex.o

.debug_str      0x0000000000000000    0xf96a3
 .debug_str     0x0000000000000000    0xf4e33 ./Core/Src/l496_mems.o
                                      0xf520b (size before relaxing)
 .debug_str     0x00000000000f4e33      0x8b0 ./Core/Src/main.o
                                      0xf5187 (size before relaxing)
 .debug_str     0x00000000000f56e3      0x543 ./Core/Src/stm32l4xx_hal_msp.o
                                      0xf50de (size before relaxing)
 .debug_str     0x00000000000f5c26       0xec ./Core/Src/stm32l4xx_it.o
                                      0xf4a7b (size before relaxing)
 .debug_str     0x00000000000f5d12       0xf2 ./Core/Src/system_stm32l4xx.o
                                      0xf453e (size before relaxing)
 .debug_str     0x00000000000f5e04       0x36 ./Core/Startup/startup_stm32l496zgtx.o
                                         0x62 (size before relaxing)
 .debug_str     0x00000000000f5e3a      0x650 ./Drivers/STM32L4xx_HAL_Driver/Src/stm32l4xx_hal.o
                                      0xf5146 (size before relaxing)
 .debug_str     0x00000000000f648a      0x31d ./Drivers/STM32L4xx_HAL_Driver/Src/stm32l4xx_hal_cortex.o
                                      0xf4de7 (size before relaxing)
 .debug_str     0x00000000000f67a7      0x128 ./Drivers/STM32L4xx_HAL_Driver/Src/stm32l4xx_hal_gpio.o
                                      0xf46b8 (size before relaxing)
 .debug_str     0x00000000000f68cf      0xdbc ./Drivers/STM32L4xx_HAL_Driver/Src/stm32l4xx_hal_i2c.o
                                      0xf5735 (size before relaxing)
 .debug_str     0x00000000000f768b       0xb8 ./Drivers/STM32L4xx_HAL_Driver/Src/stm32l4xx_hal_i2c_ex.o
                                      0xf4a7b (size before relaxing)
 .debug_str     0x00000000000f7743      0x4e4 ./Drivers/STM32L4xx_HAL_Driver/Src/stm32l4xx_hal_pwr_ex.o
                                      0xf4a8d (size before relaxing)
 .debug_str     0x00000000000f7c27      0x3a1 ./Drivers/STM32L4xx_HAL_Driver/Src/stm32l4xx_hal_rcc.o
                                      0xf4b8b (size before relaxing)
 .debug_str     0x00000000000f7fc8      0x588 ./Drivers/STM32L4xx_HAL_Driver/Src/stm32l4xx_hal_rcc_ex.o
                                      0xf4f26 (size before relaxing)
 .debug_str     0x00000000000f8550      0xbe7 ./Drivers/STM32L4xx_HAL_Driver/Src/stm32l4xx_hal_tim.o
                                      0xf54fa (size before relaxing)
 .debug_str     0x00000000000f9137      0x56c ./Drivers/STM32L4xx_HAL_Driver/Src/stm32l4xx_hal_tim_ex.o
                                      0xf4f4a (size before relaxing)

.comment        0x0000000000000000       0x50
 .comment       0x0000000000000000       0x50 ./Core/Src/l496_mems.o
                                         0x51 (size before relaxing)
 .comment       0x0000000000000050       0x51 ./Core/Src/main.o
 .comment       0x0000000000000050       0x51 ./Core/Src/stm32l4xx_hal_msp.o
 .comment       0x0000000000000050       0x51 ./Core/Src/stm32l4xx_it.o
 .comment       0x0000000000000050       0x51 ./Core/Src/system_stm32l4xx.o
 .comment       0x0000000000000050       0x51 ./Drivers/STM32L4xx_HAL_Driver/Src/stm32l4xx_hal.o
 .comment       0x0000000000000050       0x51 ./Drivers/STM32L4xx_HAL_Driver/Src/stm32l4xx_hal_cortex.o
 .comment       0x0000000000000050       0x51 ./Drivers/STM32L4xx_HAL_Driver/Src/stm32l4xx_hal_gpio.o
 .comment       0x0000000000000050       0x51 ./Drivers/STM32L4xx_HAL_Driver/Src/stm32l4xx_hal_i2c.o
 .comment       0x0000000000000050       0x51 ./Drivers/STM32L4xx_HAL_Driver/Src/stm32l4xx_hal_i2c_ex.o
 .comment       0x0000000000000050       0x51 ./Drivers/STM32L4xx_HAL_Driver/Src/stm32l4xx_hal_pwr_ex.o
 .comment       0x0000000000000050       0x51 ./Drivers/STM32L4xx_HAL_Driver/Src/stm32l4xx_hal_rcc.o
 .comment       0x0000000000000050       0x51 ./Drivers/STM32L4xx_HAL_Driver/Src/stm32l4xx_hal_rcc_ex.o
 .comment       0x0000000000000050       0x51 ./Drivers/STM32L4xx_HAL_Driver/Src/stm32l4xx_hal_tim.o
 .comment       0x0000000000000050       0x51 ./Drivers/STM32L4xx_HAL_Driver/Src/stm32l4xx_hal_tim_ex.o

.debug_frame    0x0000000000000000     0x3e40
 .debug_frame   0x0000000000000000      0x16c ./Core/Src/l496_mems.o
 .debug_frame   0x000000000000016c      0x170 ./Core/Src/main.o
 .debug_frame   0x00000000000002dc       0x80 ./Core/Src/stm32l4xx_hal_msp.o
 .debug_frame   0x000000000000035c      0x120 ./Core/Src/stm32l4xx_it.o
 .debug_frame   0x000000000000047c       0x58 ./Core/Src/system_stm32l4xx.o
 .debug_frame   0x00000000000004d4      0x498 ./Drivers/STM32L4xx_HAL_Driver/Src/stm32l4xx_hal.o
 .debug_frame   0x000000000000096c      0x498 ./Drivers/STM32L4xx_HAL_Driver/Src/stm32l4xx_hal_cortex.o
 .debug_frame   0x0000000000000e04      0x14c ./Drivers/STM32L4xx_HAL_Driver/Src/stm32l4xx_hal_gpio.o
 .debug_frame   0x0000000000000f50      0xc38 ./Drivers/STM32L4xx_HAL_Driver/Src/stm32l4xx_hal_i2c.o
 .debug_frame   0x0000000000001b88      0x100 ./Drivers/STM32L4xx_HAL_Driver/Src/stm32l4xx_hal_i2c_ex.o
 .debug_frame   0x0000000000001c88      0x544 ./Drivers/STM32L4xx_HAL_Driver/Src/stm32l4xx_hal_pwr_ex.o
 .debug_frame   0x00000000000021cc      0x21c ./Drivers/STM32L4xx_HAL_Driver/Src/stm32l4xx_hal_rcc.o
 .debug_frame   0x00000000000023e8      0x43c ./Drivers/STM32L4xx_HAL_Driver/Src/stm32l4xx_hal_rcc_ex.o
 .debug_frame   0x0000000000002824     0x100c ./Drivers/STM32L4xx_HAL_Driver/Src/stm32l4xx_hal_tim.o
 .debug_frame   0x0000000000003830      0x5c4 ./Drivers/STM32L4xx_HAL_Driver/Src/stm32l4xx_hal_tim_ex.o
 .debug_frame   0x0000000000003df4       0x2c c:/st/stm32cubeide_1.10.1/stm32cubeide/plugins/com.st.stm32cube.ide.mcu.externaltools.gnu-tools-for-stm32.10.3-2021.10.win32_1.0.0.202111181127/tools/bin/../lib/gcc/arm-none-eabi/10.3.1/../../../../arm-none-eabi/lib/thumb/v7e-m+fp/hard\libc_nano.a(lib_a-init.o)
 .debug_frame   0x0000000000003e20       0x20 c:/st/stm32cubeide_1.10.1/stm32cubeide/plugins/com.st.stm32cube.ide.mcu.externaltools.gnu-tools-for-stm32.10.3-2021.10.win32_1.0.0.202111181127/tools/bin/../lib/gcc/arm-none-eabi/10.3.1/../../../../arm-none-eabi/lib/thumb/v7e-m+fp/hard\libc_nano.a(lib_a-memset.o)
