Archive member included to satisfy reference by file (symbol)

c:/st/stm32cubeide_1.10.1/stm32cubeide/plugins/com.st.stm32cube.ide.mcu.externaltools.gnu-tools-for-stm32.10.3-2021.10.win32_1.0.0.202111181127/tools/bin/../lib/gcc/arm-none-eabi/10.3.1/../../../../arm-none-eabi/lib/thumb/v7e-m+fp/hard\libc_nano.a(lib_a-exit.o)
                              c:/st/stm32cubeide_1.10.1/stm32cubeide/plugins/com.st.stm32cube.ide.mcu.externaltools.gnu-tools-for-stm32.10.3-2021.10.win32_1.0.0.202111181127/tools/bin/../lib/gcc/arm-none-eabi/10.3.1/../../../../arm-none-eabi/lib/thumb/v7e-m+fp/hard/crt0.o (exit)
c:/st/stm32cubeide_1.10.1/stm32cubeide/plugins/com.st.stm32cube.ide.mcu.externaltools.gnu-tools-for-stm32.10.3-2021.10.win32_1.0.0.202111181127/tools/bin/../lib/gcc/arm-none-eabi/10.3.1/../../../../arm-none-eabi/lib/thumb/v7e-m+fp/hard\libc_nano.a(lib_a-impure.o)
                              c:/st/stm32cubeide_1.10.1/stm32cubeide/plugins/com.st.stm32cube.ide.mcu.externaltools.gnu-tools-for-stm32.10.3-2021.10.win32_1.0.0.202111181127/tools/bin/../lib/gcc/arm-none-eabi/10.3.1/../../../../arm-none-eabi/lib/thumb/v7e-m+fp/hard\libc_nano.a(lib_a-exit.o) (_global_impure_ptr)
c:/st/stm32cubeide_1.10.1/stm32cubeide/plugins/com.st.stm32cube.ide.mcu.externaltools.gnu-tools-for-stm32.10.3-2021.10.win32_1.0.0.202111181127/tools/bin/../lib/gcc/arm-none-eabi/10.3.1/../../../../arm-none-eabi/lib/thumb/v7e-m+fp/hard\libc_nano.a(lib_a-init.o)
                              c:/st/stm32cubeide_1.10.1/stm32cubeide/plugins/com.st.stm32cube.ide.mcu.externaltools.gnu-tools-for-stm32.10.3-2021.10.win32_1.0.0.202111181127/tools/bin/../lib/gcc/arm-none-eabi/10.3.1/../../../../arm-none-eabi/lib/thumb/v7e-m+fp/hard/crt0.o (__libc_init_array)
c:/st/stm32cubeide_1.10.1/stm32cubeide/plugins/com.st.stm32cube.ide.mcu.externaltools.gnu-tools-for-stm32.10.3-2021.10.win32_1.0.0.202111181127/tools/bin/../lib/gcc/arm-none-eabi/10.3.1/../../../../arm-none-eabi/lib/thumb/v7e-m+fp/hard\libc_nano.a(lib_a-memset.o)
                              c:/st/stm32cubeide_1.10.1/stm32cubeide/plugins/com.st.stm32cube.ide.mcu.externaltools.gnu-tools-for-stm32.10.3-2021.10.win32_1.0.0.202111181127/tools/bin/../lib/gcc/arm-none-eabi/10.3.1/../../../../arm-none-eabi/lib/thumb/v7e-m+fp/hard/crt0.o (memset)
c:/st/stm32cubeide_1.10.1/stm32cubeide/plugins/com.st.stm32cube.ide.mcu.externaltools.gnu-tools-for-stm32.10.3-2021.10.win32_1.0.0.202111181127/tools/bin/../lib/gcc/arm-none-eabi/10.3.1/../../../../arm-none-eabi/lib/thumb/v7e-m+fp/hard\libnosys.a(_exit.o)
                              c:/st/stm32cubeide_1.10.1/stm32cubeide/plugins/com.st.stm32cube.ide.mcu.externaltools.gnu-tools-for-stm32.10.3-2021.10.win32_1.0.0.202111181127/tools/bin/../lib/gcc/arm-none-eabi/10.3.1/../../../../arm-none-eabi/lib/thumb/v7e-m+fp/hard\libc_nano.a(lib_a-exit.o) (_exit)

Discarded input sections

 .text          0x0000000000000000        0x0 c:/st/stm32cubeide_1.10.1/stm32cubeide/plugins/com.st.stm32cube.ide.mcu.externaltools.gnu-tools-for-stm32.10.3-2021.10.win32_1.0.0.202111181127/tools/bin/../lib/gcc/arm-none-eabi/10.3.1/thumb/v7e-m+fp/hard/crti.o
 .data          0x0000000000000000        0x0 c:/st/stm32cubeide_1.10.1/stm32cubeide/plugins/com.st.stm32cube.ide.mcu.externaltools.gnu-tools-for-stm32.10.3-2021.10.win32_1.0.0.202111181127/tools/bin/../lib/gcc/arm-none-eabi/10.3.1/thumb/v7e-m+fp/hard/crti.o
 .bss           0x0000000000000000        0x0 c:/st/stm32cubeide_1.10.1/stm32cubeide/plugins/com.st.stm32cube.ide.mcu.externaltools.gnu-tools-for-stm32.10.3-2021.10.win32_1.0.0.202111181127/tools/bin/../lib/gcc/arm-none-eabi/10.3.1/thumb/v7e-m+fp/hard/crti.o
 .data          0x0000000000000000        0x4 c:/st/stm32cubeide_1.10.1/stm32cubeide/plugins/com.st.stm32cube.ide.mcu.externaltools.gnu-tools-for-stm32.10.3-2021.10.win32_1.0.0.202111181127/tools/bin/../lib/gcc/arm-none-eabi/10.3.1/thumb/v7e-m+fp/hard/crtbegin.o
 .rodata        0x0000000000000000       0x24 c:/st/stm32cubeide_1.10.1/stm32cubeide/plugins/com.st.stm32cube.ide.mcu.externaltools.gnu-tools-for-stm32.10.3-2021.10.win32_1.0.0.202111181127/tools/bin/../lib/gcc/arm-none-eabi/10.3.1/thumb/v7e-m+fp/hard/crtbegin.o
 .text          0x0000000000000000       0x7c c:/st/stm32cubeide_1.10.1/stm32cubeide/plugins/com.st.stm32cube.ide.mcu.externaltools.gnu-tools-for-stm32.10.3-2021.10.win32_1.0.0.202111181127/tools/bin/../lib/gcc/arm-none-eabi/10.3.1/../../../../arm-none-eabi/lib/thumb/v7e-m+fp/hard/crt0.o
 .data          0x0000000000000000        0x0 c:/st/stm32cubeide_1.10.1/stm32cubeide/plugins/com.st.stm32cube.ide.mcu.externaltools.gnu-tools-for-stm32.10.3-2021.10.win32_1.0.0.202111181127/tools/bin/../lib/gcc/arm-none-eabi/10.3.1/../../../../arm-none-eabi/lib/thumb/v7e-m+fp/hard/crt0.o
[...]
Memory Configuration

Name             Origin             Length             Attributes
RAM              0x0000000020000000 0x0000000000050000 xrw
RAM2             0x0000000010000000 0x0000000000010000 xrw
FLASH            0x0000000008000000 0x0000000000100000 xr
*default*        0x0000000000000000 0xffffffffffffffff

Linker script and memory map

LOAD c:/st/stm32cubeide_1.10.1/stm32cubeide/plugins/com.st.stm32cube.ide.mcu.externaltools.gnu-tools-for-stm32.10.3-2021.10.win32_1.0.0.202111181127/tools/bin/../lib/gcc/arm-none-eabi/10.3.1/thumb/v7e-m+fp/hard/crti.o
LOAD c:/st/stm32cubeide_1.10.1/stm32cubeide/plugins/com.st.stm32cube.ide.mcu.externaltools.gnu-tools-for-stm32.10.3-2021.10.win32_1.0.0.202111181127/tools/bin/../lib/gcc/arm-none-eabi/10.3.1/thumb/v7e-m+fp/hard/crtbegin.o
LOAD c:/st/stm32cubeide_1.10.1/stm32cubeide/plugins/com.st.stm32cube.ide.mcu.externaltools.gnu-tools-for-stm32.10.3-2021.10.win32_1.0.0.202111181127/tools/bin/../lib/gcc/arm-none-eabi/10.3.1/../../../../arm-none-eabi/lib/thumb/v7e-m+fp/hard/crt0.o
LOAD ./Core/Src/kamami_l496_7seg.o
LOAD ./Core/Src/kamami_l496_joy.o
LOAD ./Core/Src/main.o
LOAD ./Core/Src/stm32l4xx_hal_msp.o
LOAD ./Core/Src/stm32l4xx_it.o
LOAD ./Core/Src/system_stm32l4xx.o
LOAD ./Core/Startup/startup_stm32l496zgtx.o
LOAD ./Drivers/STM32L4xx_HAL_Driver/Src/stm32l4xx_hal.o
LOAD ./Drivers/STM32L4xx_HAL_Driver/Src/stm32l4xx_hal_adc.o
LOAD ./Drivers/STM32L4xx_HAL_Driver/Src/stm32l4xx_hal_adc_ex.o
LOAD ./Drivers/STM32L4xx_HAL_Driver/Src/stm32l4xx_hal_cortex.o
LOAD ./Drivers/STM32L4xx_HAL_Driver/Src/stm32l4xx_hal_dma.o
LOAD ./Drivers/STM32L4xx_HAL_Driver/Src/stm32l4xx_hal_flash.o
LOAD ./Drivers/STM32L4xx_HAL_Driver/Src/stm32l4xx_hal_flash_ex.o
LOAD ./Drivers/STM32L4xx_HAL_Driver/Src/stm32l4xx_hal_flash_ramfunc.o
LOAD ./Drivers/STM32L4xx_HAL_Driver/Src/stm32l4xx_hal_gpio.o
LOAD ./Drivers/STM32L4xx_HAL_Driver/Src/stm32l4xx_hal_i2c.o
LOAD ./Drivers/STM32L4xx_HAL_Driver/Src/stm32l4xx_hal_i2c_ex.o
LOAD ./Drivers/STM32L4xx_HAL_Driver/Src/stm32l4xx_hal_pwr.o
LOAD ./Drivers/STM32L4xx_HAL_Driver/Src/stm32l4xx_hal_pwr_ex.o
LOAD ./Drivers/STM32L4xx_HAL_Driver/Src/stm32l4xx_hal_rcc.o
LOAD ./Drivers/STM32L4xx_HAL_Driver/Src/stm32l4xx_hal_rcc_ex.o
LOAD ./Drivers/STM32L4xx_HAL_Driver/Src/stm32l4xx_hal_tim.o
LOAD ./Drivers/STM32L4xx_HAL_Driver/Src/stm32l4xx_hal_tim_ex.o
START GROUP
LOAD c:/st/stm32cubeide_1.10.1/stm32cubeide/plugins/com.st.stm32cube.ide.mcu.externaltools.gnu-tools-for-stm32.10.3-2021.10.win32_1.0.0.202111181127/tools/bin/../lib/gcc/arm-none-eabi/10.3.1/../../../../arm-none-eabi/lib/thumb/v7e-m+fp/hard\libc_nano.a
LOAD c:/st/stm32cubeide_1.10.1/stm32cubeide/plugins/com.st.stm32cube.ide.mcu.externaltools.gnu-tools-for-stm32.10.3-2021.10.win32_1.0.0.202111181127/tools/bin/../lib/gcc/arm-none-eabi/10.3.1/../../../../arm-none-eabi/lib/thumb/v7e-m+fp/hard\libm.a
END GROUP
START GROUP
LOAD c:/st/stm32cubeide_1.10.1/stm32cubeide/plugins/com.st.stm32cube.ide.mcu.externaltools.gnu-tools-for-stm32.10.3-2021.10.win32_1.0.0.202111181127/tools/bin/../lib/gcc/arm-none-eabi/10.3.1/thumb/v7e-m+fp/hard\libgcc.a
LOAD c:/st/stm32cubeide_1.10.1/stm32cubeide/plugins/com.st.stm32cube.ide.mcu.externaltools.gnu-tools-for-stm32.10.3-2021.10.win32_1.0.0.202111181127/tools/bin/../lib/gcc/arm-none-eabi/10.3.1/../../../../arm-none-eabi/lib/thumb/v7e-m+fp/hard\libc_nano.a
END GROUP
START GROUP
LOAD c:/st/stm32cubeide_1.10.1/stm32cubeide/plugins/com.st.stm32cube.ide.mcu.externaltools.gnu-tools-for-stm32.10.3-2021.10.win32_1.0.0.202111181127/tools/bin/../lib/gcc/arm-none-eabi/10.3.1/thumb/v7e-m+fp/hard\libgcc.a
LOAD c:/st/stm32cubeide_1.10.1/stm32cubeide/plugins/com.st.stm32cube.ide.mcu.externaltools.gnu-tools-for-stm32.10.3-2021.10.win32_1.0.0.202111181127/tools/bin/../lib/gcc/arm-none-eabi/10.3.1/../../../../arm-none-eabi/lib/thumb/v7e-m+fp/hard\libc_nano.a
LOAD c:/st/stm32cubeide_1.10.1/stm32cubeide/plugins/com.st.stm32cube.ide.mcu.externaltools.gnu-tools-for-stm32.10.3-2021.10.win32_1.0.0.202111181127/tools/bin/../lib/gcc/arm-none-eabi/10.3.1/../../../../arm-none-eabi/lib/thumb/v7e-m+fp/hard\libnosys.a
END GROUP
START GROUP
LOAD c:/st/stm32cubeide_1.10.1/stm32cubeide/plugins/com.st.stm32cube.ide.mcu.externaltools.gnu-tools-for-stm32.10.3-2021.10.win32_1.0.0.202111181127/tools/bin/../lib/gcc/arm-none-eabi/10.3.1/thumb/v7e-m+fp/hard\libgcc.a
LOAD c:/st/stm32cubeide_1.10.1/stm32cubeide/plugins/com.st.stm32cube.ide.mcu.externaltools.gnu-tools-for-stm32.10.3-2021.10.win32_1.0.0.202111181127/tools/bin/../lib/gcc/arm-none-eabi/10.3.1/../../../../arm-none-eabi/lib/thumb/v7e-m+fp/hard\libc_nano.a
LOAD c:/st/stm32cubeide_1.10.1/stm32cubeide/plugins/com.st.stm32cube.ide.mcu.externaltools.gnu-tools-for-stm32.10.3-2021.10.win32_1.0.0.202111181127/tools/bin/../lib/gcc/arm-none-eabi/10.3.1/../../../../arm-none-eabi/lib/thumb/v7e-m+fp/hard\libnosys.a
END GROUP
LOAD c:/st/stm32cubeide_1.10.1/stm32cubeide/plugins/com.st.stm32cube.ide.mcu.externaltools.gnu-tools-for-stm32.10.3-2021.10.win32_1.0.0.202111181127/tools/bin/../lib/gcc/arm-none-eabi/10.3.1/thumb/v7e-m+fp/hard/crtend.o
LOAD c:/st/stm32cubeide_1.10.1/stm32cubeide/plugins/com.st.stm32cube.ide.mcu.externaltools.gnu-tools-for-stm32.10.3-2021.10.win32_1.0.0.202111181127/tools/bin/../lib/gcc/arm-none-eabi/10.3.1/thumb/v7e-m+fp/hard/crtn.o
                0x0000000020050000                _estack = (ORIGIN (RAM) + LENGTH (RAM))
                0x0000000000000200                _Min_Heap_Size = 0x200
                0x0000000000000400                _Min_Stack_Size = 0x400

.isr_vector     0x0000000008000000      0x1ac
                0x0000000008000000                . = ALIGN (0x4)
 *(.isr_vector)
 .isr_vector    0x0000000008000000      0x1ac ./Core/Startup/startup_stm32l496zgtx.o
                0x0000000008000000                g_pfnVectors
                0x00000000080001ac                . = ALIGN (0x4)

.text           0x00000000080001ac     0x20bc
                0x00000000080001ac                . = ALIGN (0x4)
 *(.text)
 .text          0x00000000080001ac       0x40 c:/st/stm32cubeide_1.10.1/stm32cubeide/plugins/com.st.stm32cube.ide.mcu.externaltools.gnu-tools-for-stm32.10.3-2021.10.win32_1.0.0.202111181127/tools/bin/../lib/gcc/arm-none-eabi/10.3.1/thumb/v7e-m+fp/hard/crtbegin.o
 *(.text*)
 .text.dis7seg_init
                0x00000000080001ec      0x104 ./Core/Src/kamami_l496_7seg.o
                0x00000000080001ec                dis7seg_init
 .text.dis7seg_displayHHMM
                0x00000000080002f0       0xb0 ./Core/Src/kamami_l496_7seg.o
                0x00000000080002f0                dis7seg_displayHHMM
 .text.dis7seg_displayMMSS
                0x00000000080003a0       0xb4 ./Core/Src/kamami_l496_7seg.o
                0x00000000080003a0                dis7seg_displayMMSS
 .text.dis7seg_mpx
                0x0000000008000454       0x70 ./Core/Src/kamami_l496_7seg.o
 .text.TIM2_IRQHandler
                0x00000000080004c4       0x1c ./Core/Src/kamami_l496_7seg.o
                0x00000000080004c4                TIM2_IRQHandler
 .text.MX_TIM2_Init
                0x00000000080004e0       0x9c ./Core/Src/kamami_l496_7seg.o
 .text.joy_init
                0x000000000800057c       0x48 ./Core/Src/kamami_l496_joy.o
                0x000000000800057c                joy_init
 .text.main     0x00000000080005c4       0x16 ./Core/Src/main.o
                0x00000000080005c4                main
 *fill*         0x00000000080005da        0x2 
 .text.SystemClock_Config
                0x00000000080005dc       0xc4 ./Core/Src/main.o
                0x00000000080005dc                SystemClock_Config
 .text._Error_Handler
                0x00000000080006a0        0xc ./Core/Src/main.o
                0x00000000080006a0                _Error_Handler
 .text.HAL_MspInit
                0x00000000080006ac       0x9c ./Core/Src/stm32l4xx_hal_msp.o
                0x00000000080006ac                HAL_MspInit
 .text.NMI_Handler
                0x0000000008000748        0xe ./Core/Src/stm32l4xx_it.o
                0x0000000008000748                NMI_Handler
 .text.HardFault_Handler
                0x0000000008000756        0x6 ./Core/Src/stm32l4xx_it.o
                0x0000000008000756                HardFault_Handler
 .text.MemManage_Handler
                0x000000000800075c        0x6 ./Core/Src/stm32l4xx_it.o
                0x000000000800075c                MemManage_Handler
 .text.BusFault_Handler
                0x0000000008000762        0x6 ./Core/Src/stm32l4xx_it.o
                0x0000000008000762                BusFault_Handler
 .text.UsageFault_Handler
                0x0000000008000768        0x6 ./Core/Src/stm32l4xx_it.o
                0x0000000008000768                UsageFault_Handler
 .text.SVC_Handler
                0x000000000800076e        0xe ./Core/Src/stm32l4xx_it.o
                0x000000000800076e                SVC_Handler
 .text.DebugMon_Handler
                0x000000000800077c        0xe ./Core/Src/stm32l4xx_it.o
                0x000000000800077c                DebugMon_Handler
 .text.PendSV_Handler
                0x000000000800078a        0xe ./Core/Src/stm32l4xx_it.o
                0x000000000800078a                PendSV_Handler
 .text.SysTick_Handler
                0x0000000008000798      0x118 ./Core/Src/stm32l4xx_it.o
                0x0000000008000798                SysTick_Handler
 .text.SystemInit
                0x00000000080008b0       0x6c ./Core/Src/system_stm32l4xx.o
                0x00000000080008b0                SystemInit
 .text.Reset_Handler
                0x000000000800091c       0x50 ./Core/Startup/startup_stm32l496zgtx.o
                0x000000000800091c                Reset_Handler
 .text.Default_Handler
                0x000000000800096c        0x2 ./Core/Startup/startup_stm32l496zgtx.o
                0x000000000800096c                RTC_Alarm_IRQHandler
                0x000000000800096c                EXTI2_IRQHandler
                0x000000000800096c                TIM8_TRG_COM_IRQHandler
                0x000000000800096c                TIM8_CC_IRQHandler
                0x000000000800096c                TIM1_CC_IRQHandler
                0x000000000800096c                TSC_IRQHandler
                0x000000000800096c                TAMP_STAMP_IRQHandler
                0x000000000800096c                CAN2_RX1_IRQHandler
                0x000000000800096c                EXTI3_IRQHandler
                0x000000000800096c                LPTIM2_IRQHandler
                0x000000000800096c                DFSDM1_FLT1_IRQHandler
                0x000000000800096c                I2C3_ER_IRQHandler
                0x000000000800096c                DFSDM1_FLT2_IRQHandler
                0x000000000800096c                EXTI0_IRQHandler
                0x000000000800096c                I2C2_EV_IRQHandler
                0x000000000800096c                CAN1_RX0_IRQHandler
                0x000000000800096c                FPU_IRQHandler
                0x000000000800096c                TIM1_UP_TIM16_IRQHandler
                0x000000000800096c                CAN2_SCE_IRQHandler
                0x000000000800096c                ADC1_2_IRQHandler
                0x000000000800096c                SPI1_IRQHandler
                0x000000000800096c                TIM6_DAC_IRQHandler
                0x000000000800096c                DCMI_IRQHandler
                0x000000000800096c                CAN2_RX0_IRQHandler
                0x000000000800096c                TIM8_UP_IRQHandler
                0x000000000800096c                DMA2_Channel2_IRQHandler
                0x000000000800096c                DMA1_Channel4_IRQHandler
                0x000000000800096c                SAI2_IRQHandler
                0x000000000800096c                DFSDM1_FLT3_IRQHandler
                0x000000000800096c                USART3_IRQHandler
                0x000000000800096c                DMA1_Channel7_IRQHandler
                0x000000000800096c                CAN1_RX1_IRQHandler
                0x000000000800096c                LCD_IRQHandler
                0x000000000800096c                UART5_IRQHandler
                0x000000000800096c                ADC3_IRQHandler
                0x000000000800096c                TIM4_IRQHandler
                0x000000000800096c                DMA2_Channel1_IRQHandler
                0x000000000800096c                QUADSPI_IRQHandler
                0x000000000800096c                I2C1_EV_IRQHandler
                0x000000000800096c                DMA1_Channel6_IRQHandler
                0x000000000800096c                UART4_IRQHandler
                0x000000000800096c                DMA2_Channel4_IRQHandler
                0x000000000800096c                TIM3_IRQHandler
                0x000000000800096c                RCC_IRQHandler
                0x000000000800096c                DMA1_Channel1_IRQHandler
                0x000000000800096c                Default_Handler
                0x000000000800096c                DMA2_Channel7_IRQHandler
                0x000000000800096c                EXTI15_10_IRQHandler
                0x000000000800096c                TIM7_IRQHandler
                0x000000000800096c                SDMMC1_IRQHandler
                0x000000000800096c                CAN2_TX_IRQHandler
                0x000000000800096c                TIM5_IRQHandler
                0x000000000800096c                I2C3_EV_IRQHandler
                0x000000000800096c                EXTI9_5_IRQHandler
                0x000000000800096c                RTC_WKUP_IRQHandler
                0x000000000800096c                PVD_PVM_IRQHandler
                0x000000000800096c                SPI2_IRQHandler
                0x000000000800096c                CAN1_TX_IRQHandler
                0x000000000800096c                DMA2_Channel5_IRQHandler
                0x000000000800096c                CRS_IRQHandler
                0x000000000800096c                DMA1_Channel5_IRQHandler
                0x000000000800096c                EXTI4_IRQHandler
                0x000000000800096c                RNG_IRQHandler
                0x000000000800096c                TIM1_TRG_COM_TIM17_IRQHandler
                0x000000000800096c                DMA1_Channel3_IRQHandler
                0x000000000800096c                COMP_IRQHandler
                0x000000000800096c                WWDG_IRQHandler
                0x000000000800096c                I2C4_EV_IRQHandler
                0x000000000800096c                LPUART1_IRQHandler
                0x000000000800096c                DMA2_Channel6_IRQHandler
                0x000000000800096c                EXTI1_IRQHandler
                0x000000000800096c                USART2_IRQHandler
                0x000000000800096c                DFSDM1_FLT0_IRQHandler
                0x000000000800096c                I2C2_ER_IRQHandler
                0x000000000800096c                DMA1_Channel2_IRQHandler
                0x000000000800096c                TIM8_BRK_IRQHandler
                0x000000000800096c                CAN1_SCE_IRQHandler
                0x000000000800096c                FLASH_IRQHandler
                0x000000000800096c                USART1_IRQHandler
                0x000000000800096c                OTG_FS_IRQHandler
                0x000000000800096c                SPI3_IRQHandler
                0x000000000800096c                I2C1_ER_IRQHandler
                0x000000000800096c                FMC_IRQHandler
                0x000000000800096c                SWPMI1_IRQHandler
                0x000000000800096c                LPTIM1_IRQHandler
                0x000000000800096c                I2C4_ER_IRQHandler
                0x000000000800096c                SAI1_IRQHandler
                0x000000000800096c                DMA2_Channel3_IRQHandler
                0x000000000800096c                TIM1_BRK_TIM15_IRQHandler
 .text.HAL_Init
                0x000000000800096e       0x1a ./Drivers/STM32L4xx_HAL_Driver/Src/stm32l4xx_hal.o
                0x000000000800096e                HAL_Init
 .text.HAL_InitTick
                0x0000000008000988       0x38 ./Drivers/STM32L4xx_HAL_Driver/Src/stm32l4xx_hal.o
                0x0000000008000988                HAL_InitTick
 .text.HAL_IncTick
                0x00000000080009c0       0x1c ./Drivers/STM32L4xx_HAL_Driver/Src/stm32l4xx_hal.o
                0x00000000080009c0                HAL_IncTick
 .text.HAL_GetTick
                0x00000000080009dc       0x18 ./Drivers/STM32L4xx_HAL_Driver/Src/stm32l4xx_hal.o
                0x00000000080009dc                HAL_GetTick
 .text.NVIC_SetPriorityGrouping
                0x00000000080009f4       0x48 ./Drivers/STM32L4xx_HAL_Driver/Src/stm32l4xx_hal_cortex.o
 .text.NVIC_GetPriorityGrouping
                0x0000000008000a3c       0x1c ./Drivers/STM32L4xx_HAL_Driver/Src/stm32l4xx_hal_cortex.o
 .text.NVIC_EnableIRQ
                0x0000000008000a58       0x34 ./Drivers/STM32L4xx_HAL_Driver/Src/stm32l4xx_hal_cortex.o
 .text.NVIC_SetPriority
                0x0000000008000a8c       0x54 ./Drivers/STM32L4xx_HAL_Driver/Src/stm32l4xx_hal_cortex.o
 .text.NVIC_EncodePriority
                0x0000000008000ae0       0x66 ./Drivers/STM32L4xx_HAL_Driver/Src/stm32l4xx_hal_cortex.o
 *fill*         0x0000000008000b46        0x2 
 .text.SysTick_Config
                0x0000000008000b48       0x44 ./Drivers/STM32L4xx_HAL_Driver/Src/stm32l4xx_hal_cortex.o
 .text.HAL_NVIC_SetPriorityGrouping
                0x0000000008000b8c       0x16 ./Drivers/STM32L4xx_HAL_Driver/Src/stm32l4xx_hal_cortex.o
                0x0000000008000b8c                HAL_NVIC_SetPriorityGrouping
 .text.HAL_NVIC_SetPriority
                0x0000000008000ba2       0x38 ./Drivers/STM32L4xx_HAL_Driver/Src/stm32l4xx_hal_cortex.o
                0x0000000008000ba2                HAL_NVIC_SetPriority
 .text.HAL_NVIC_EnableIRQ
                0x0000000008000bda       0x1c ./Drivers/STM32L4xx_HAL_Driver/Src/stm32l4xx_hal_cortex.o
                0x0000000008000bda                HAL_NVIC_EnableIRQ
 .text.HAL_SYSTICK_Config
                0x0000000008000bf6       0x18 ./Drivers/STM32L4xx_HAL_Driver/Src/stm32l4xx_hal_cortex.o
                0x0000000008000bf6                HAL_SYSTICK_Config
 *fill*         0x0000000008000c0e        0x2 
 .text.HAL_SYSTICK_CLKSourceConfig
                0x0000000008000c10       0x38 ./Drivers/STM32L4xx_HAL_Driver/Src/stm32l4xx_hal_cortex.o
                0x0000000008000c10                HAL_SYSTICK_CLKSourceConfig
 .text.HAL_SYSTICK_IRQHandler
                0x0000000008000c48        0xc ./Drivers/STM32L4xx_HAL_Driver/Src/stm32l4xx_hal_cortex.o
                0x0000000008000c48                HAL_SYSTICK_IRQHandler
 .text.HAL_SYSTICK_Callback
                0x0000000008000c54        0xe ./Drivers/STM32L4xx_HAL_Driver/Src/stm32l4xx_hal_cortex.o
                0x0000000008000c54                HAL_SYSTICK_Callback
 *fill*         0x0000000008000c62        0x2 
 .text.HAL_GPIO_Init
                0x0000000008000c64      0x32c ./Drivers/STM32L4xx_HAL_Driver/Src/stm32l4xx_hal_gpio.o
                0x0000000008000c64                HAL_GPIO_Init
 .text.HAL_GPIO_WritePin
                0x0000000008000f90       0x30 ./Drivers/STM32L4xx_HAL_Driver/Src/stm32l4xx_hal_gpio.o
                0x0000000008000f90                HAL_GPIO_WritePin
 .text.HAL_PWREx_GetVoltageRange
                0x0000000008000fc0       0x1c ./Drivers/STM32L4xx_HAL_Driver/Src/stm32l4xx_hal_pwr_ex.o
                0x0000000008000fc0                HAL_PWREx_GetVoltageRange
 .text.HAL_PWREx_ControlVoltageScaling
                0x0000000008000fdc       0xac ./Drivers/STM32L4xx_HAL_Driver/Src/stm32l4xx_hal_pwr_ex.o
                0x0000000008000fdc                HAL_PWREx_ControlVoltageScaling
 .text.HAL_PWREx_EnableVddIO2
                0x0000000008001088       0x20 ./Drivers/STM32L4xx_HAL_Driver/Src/stm32l4xx_hal_pwr_ex.o
                0x0000000008001088                HAL_PWREx_EnableVddIO2
 .text.HAL_RCC_OscConfig
                0x00000000080010a8      0x74c ./Drivers/STM32L4xx_HAL_Driver/Src/stm32l4xx_hal_rcc.o
                0x00000000080010a8                HAL_RCC_OscConfig
 .text.HAL_RCC_ClockConfig
                0x00000000080017f4      0x230 ./Drivers/STM32L4xx_HAL_Driver/Src/stm32l4xx_hal_rcc.o
                0x00000000080017f4                HAL_RCC_ClockConfig
 .text.HAL_RCC_GetSysClockFreq
                0x0000000008001a24      0x160 ./Drivers/STM32L4xx_HAL_Driver/Src/stm32l4xx_hal_rcc.o
                0x0000000008001a24                HAL_RCC_GetSysClockFreq
 .text.HAL_RCC_GetHCLKFreq
                0x0000000008001b84       0x18 ./Drivers/STM32L4xx_HAL_Driver/Src/stm32l4xx_hal_rcc.o
                0x0000000008001b84                HAL_RCC_GetHCLKFreq
 .text.RCC_SetFlashLatencyFromMSIRange
                0x0000000008001b9c       0xc4 ./Drivers/STM32L4xx_HAL_Driver/Src/stm32l4xx_hal_rcc.o
 .text.HAL_TIM_Base_Init
                0x0000000008001c60       0x56 ./Drivers/STM32L4xx_HAL_Driver/Src/stm32l4xx_hal_tim.o
                0x0000000008001c60                HAL_TIM_Base_Init
 .text.HAL_TIM_Base_MspInit
                0x0000000008001cb6       0x14 ./Drivers/STM32L4xx_HAL_Driver/Src/stm32l4xx_hal_tim.o
                0x0000000008001cb6                HAL_TIM_Base_MspInit
 .text.HAL_TIM_Base_Start_IT
                0x0000000008001cca       0x36 ./Drivers/STM32L4xx_HAL_Driver/Src/stm32l4xx_hal_tim.o
                0x0000000008001cca                HAL_TIM_Base_Start_IT
 .text.HAL_TIM_ConfigClockSource
                0x0000000008001d00      0x1e4 ./Drivers/STM32L4xx_HAL_Driver/Src/stm32l4xx_hal_tim.o
                0x0000000008001d00                HAL_TIM_ConfigClockSource
 .text.TIM_Base_SetConfig
                0x0000000008001ee4      0x128 ./Drivers/STM32L4xx_HAL_Driver/Src/stm32l4xx_hal_tim.o
                0x0000000008001ee4                TIM_Base_SetConfig
 .text.TIM_TI1_ConfigInputStage
                0x000000000800200c       0x66 ./Drivers/STM32L4xx_HAL_Driver/Src/stm32l4xx_hal_tim.o
 .text.TIM_TI2_ConfigInputStage
                0x0000000008002072       0x68 ./Drivers/STM32L4xx_HAL_Driver/Src/stm32l4xx_hal_tim.o
 .text.TIM_ITRx_SetConfig
                0x00000000080020da       0x40 ./Drivers/STM32L4xx_HAL_Driver/Src/stm32l4xx_hal_tim.o
 .text.TIM_ETR_SetConfig
                0x000000000800211a       0x44 ./Drivers/STM32L4xx_HAL_Driver/Src/stm32l4xx_hal_tim.o
                0x000000000800211a                TIM_ETR_SetConfig
 *fill*         0x000000000800215e        0x2 
 .text.HAL_TIMEx_MasterConfigSynchronization
                0x0000000008002160       0xa8 ./Drivers/STM32L4xx_HAL_Driver/Src/stm32l4xx_hal_tim_ex.o
                0x0000000008002160                HAL_TIMEx_MasterConfigSynchronization
 .text.__libc_init_array
                0x0000000008002208       0x48 c:/st/stm32cubeide_1.10.1/stm32cubeide/plugins/com.st.stm32cube.ide.mcu.externaltools.gnu-tools-for-stm32.10.3-2021.10.win32_1.0.0.202111181127/tools/bin/../lib/gcc/arm-none-eabi/10.3.1/../../../../arm-none-eabi/lib/thumb/v7e-m+fp/hard\libc_nano.a(lib_a-init.o)
                0x0000000008002208                __libc_init_array
 *(.glue_7)
 .glue_7        0x0000000008002250        0x0 linker stubs
 *(.glue_7t)
 .glue_7t       0x0000000008002250        0x0 linker stubs
 *(.eh_frame)
 .eh_frame      0x0000000008002250        0x0 c:/st/stm32cubeide_1.10.1/stm32cubeide/plugins/com.st.stm32cube.ide.mcu.externaltools.gnu-tools-for-stm32.10.3-2021.10.win32_1.0.0.202111181127/tools/bin/../lib/gcc/arm-none-eabi/10.3.1/thumb/v7e-m+fp/hard/crtbegin.o
 *(.init)
 .init          0x0000000008002250        0x4 c:/st/stm32cubeide_1.10.1/stm32cubeide/plugins/com.st.stm32cube.ide.mcu.externaltools.gnu-tools-for-stm32.10.3-2021.10.win32_1.0.0.202111181127/tools/bin/../lib/gcc/arm-none-eabi/10.3.1/thumb/v7e-m+fp/hard/crti.o
                0x0000000008002250                _init
 .init          0x0000000008002254        0x8 c:/st/stm32cubeide_1.10.1/stm32cubeide/plugins/com.st.stm32cube.ide.mcu.externaltools.gnu-tools-for-stm32.10.3-2021.10.win32_1.0.0.202111181127/tools/bin/../lib/gcc/arm-none-eabi/10.3.1/thumb/v7e-m+fp/hard/crtn.o
 *(.fini)
 .fini          0x000000000800225c        0x4 c:/st/stm32cubeide_1.10.1/stm32cubeide/plugins/com.st.stm32cube.ide.mcu.externaltools.gnu-tools-for-stm32.10.3-2021.10.win32_1.0.0.202111181127/tools/bin/../lib/gcc/arm-none-eabi/10.3.1/thumb/v7e-m+fp/hard/crti.o
                0x000000000800225c                _fini
 .fini          0x0000000008002260        0x8 c:/st/stm32cubeide_1.10.1/stm32cubeide/plugins/com.st.stm32cube.ide.mcu.externaltools.gnu-tools-for-stm32.10.3-2021.10.win32_1.0.0.202111181127/tools/bin/../lib/gcc/arm-none-eabi/10.3.1/thumb/v7e-m+fp/hard/crtn.o
                0x0000000008002268                . = ALIGN (0x4)
                0x0000000008002268                _etext = .

.vfp11_veneer   0x0000000008002268        0x0
 .vfp11_veneer  0x0000000008002268        0x0 linker stubs

.v4_bx          0x0000000008002268        0x0
 .v4_bx         0x0000000008002268        0x0 linker stubs

.iplt           0x0000000008002268        0x0
 .iplt          0x0000000008002268        0x0 c:/st/stm32cubeide_1.10.1/stm32cubeide/plugins/com.st.stm32cube.ide.mcu.externaltools.gnu-tools-for-stm32.10.3-2021.10.win32_1.0.0.202111181127/tools/bin/../lib/gcc/arm-none-eabi/10.3.1/thumb/v7e-m+fp/hard/crtbegin.o

.rodata         0x0000000008002268       0x84
                0x0000000008002268                . = ALIGN (0x4)
 *(.rodata)
 .rodata        0x0000000008002268       0x1f ./Core/Src/kamami_l496_7seg.o
 *fill*         0x0000000008002287        0x1 
 .rodata        0x0000000008002288       0x13 ./Core/Src/main.o
 *(.rodata*)
 *fill*         0x000000000800229b        0x1 
 .rodata.segments
                0x000000000800229c        0xa ./Core/Src/kamami_l496_7seg.o
                0x000000000800229c                segments
 *fill*         0x00000000080022a6        0x2 
 .rodata.digits
                0x00000000080022a8        0x4 ./Core/Src/kamami_l496_7seg.o
                0x00000000080022a8                digits
 .rodata.AHBPrescTable
                0x00000000080022ac       0x10 ./Core/Src/system_stm32l4xx.o
                0x00000000080022ac                AHBPrescTable
 .rodata.MSIRangeTable
                0x00000000080022bc       0x30 ./Core/Src/system_stm32l4xx.o
                0x00000000080022bc                MSIRangeTable
                0x00000000080022ec                . = ALIGN (0x4)

.rel.dyn        0x00000000080022ec        0x0
 .rel.iplt      0x00000000080022ec        0x0 c:/st/stm32cubeide_1.10.1/stm32cubeide/plugins/com.st.stm32cube.ide.mcu.externaltools.gnu-tools-for-stm32.10.3-2021.10.win32_1.0.0.202111181127/tools/bin/../lib/gcc/arm-none-eabi/10.3.1/thumb/v7e-m+fp/hard/crtbegin.o

.ARM.extab      0x00000000080022ec        0x0
                0x00000000080022ec                . = ALIGN (0x4)
 *(.ARM.extab* .gnu.linkonce.armextab.*)
                0x00000000080022ec                . = ALIGN (0x4)

.ARM            0x00000000080022ec        0x0
                0x00000000080022ec                . = ALIGN (0x4)
                0x00000000080022ec                __exidx_start = .
 *(.ARM.exidx*)
                0x00000000080022ec                __exidx_end = .
                0x00000000080022ec                . = ALIGN (0x4)

.preinit_array  0x00000000080022ec        0x0
                0x00000000080022ec                . = ALIGN (0x4)
                0x00000000080022ec                PROVIDE (__preinit_array_start = .)
 *(.preinit_array*)
                0x00000000080022ec                PROVIDE (__preinit_array_end = .)
                0x00000000080022ec                . = ALIGN (0x4)

.init_array     0x00000000080022ec        0x4
                0x00000000080022ec                . = ALIGN (0x4)
                0x00000000080022ec                PROVIDE (__init_array_start = .)
 *(SORT_BY_NAME(.init_array.*))
 *(.init_array*)
 .init_array    0x00000000080022ec        0x4 c:/st/stm32cubeide_1.10.1/stm32cubeide/plugins/com.st.stm32cube.ide.mcu.externaltools.gnu-tools-for-stm32.10.3-2021.10.win32_1.0.0.202111181127/tools/bin/../lib/gcc/arm-none-eabi/10.3.1/thumb/v7e-m+fp/hard/crtbegin.o
                0x00000000080022f0                PROVIDE (__init_array_end = .)
                0x00000000080022f0                . = ALIGN (0x4)

.fini_array     0x00000000080022f0        0x4
                0x00000000080022f0                . = ALIGN (0x4)
                [!provide]                        PROVIDE (__fini_array_start = .)
 *(SORT_BY_NAME(.fini_array.*))
 *(.fini_array*)
 .fini_array    0x00000000080022f0        0x4 c:/st/stm32cubeide_1.10.1/stm32cubeide/plugins/com.st.stm32cube.ide.mcu.externaltools.gnu-tools-for-stm32.10.3-2021.10.win32_1.0.0.202111181127/tools/bin/../lib/gcc/arm-none-eabi/10.3.1/thumb/v7e-m+fp/hard/crtbegin.o
                [!provide]                        PROVIDE (__fini_array_end = .)
                0x00000000080022f4                . = ALIGN (0x4)
                0x00000000080022f4                _sidata = LOADADDR (.data)

.data           0x0000000020000000        0x4 load address 0x00000000080022f4
                0x0000000020000000                . = ALIGN (0x4)
                0x0000000020000000                _sdata = .
 *(.data)
 *(.data*)
 .data.SystemCoreClock
                0x0000000020000000        0x4 ./Core/Src/system_stm32l4xx.o
                0x0000000020000000                SystemCoreClock
 *(.RamFunc)
 *(.RamFunc*)
                0x0000000020000004                . = ALIGN (0x4)
                0x0000000020000004                _edata = .

.igot.plt       0x0000000020000004        0x0 load address 0x00000000080022f8
 .igot.plt      0x0000000020000004        0x0 c:/st/stm32cubeide_1.10.1/stm32cubeide/plugins/com.st.stm32cube.ide.mcu.externaltools.gnu-tools-for-stm32.10.3-2021.10.win32_1.0.0.202111181127/tools/bin/../lib/gcc/arm-none-eabi/10.3.1/thumb/v7e-m+fp/hard/crtbegin.o
                0x0000000020000004                . = ALIGN (0x4)

.bss            0x0000000020000004       0x74 load address 0x00000000080022f8
                0x0000000020000004                _sbss = .
                0x0000000020000004                __bss_start__ = _sbss
 *(.bss)
 .bss           0x0000000020000004       0x1c c:/st/stm32cubeide_1.10.1/stm32cubeide/plugins/com.st.stm32cube.ide.mcu.externaltools.gnu-tools-for-stm32.10.3-2021.10.win32_1.0.0.202111181127/tools/bin/../lib/gcc/arm-none-eabi/10.3.1/thumb/v7e-m+fp/hard/crtbegin.o
 *(.bss*)
 .bss.display   0x0000000020000020        0x8 ./Core/Src/kamami_l496_7seg.o
                0x0000000020000020                display
 .bss.htim2     0x0000000020000028       0x3c ./Core/Src/kamami_l496_7seg.o
                0x0000000020000028                htim2
 .bss.dig.0     0x0000000020000064        0x1 ./Core/Src/kamami_l496_7seg.o
 *fill*         0x0000000020000065        0x1 
 .bss.interrupt.5
                0x0000000020000066        0x2 ./Core/Src/stm32l4xx_it.o
 .bss.mode.4    0x0000000020000068        0x2 ./Core/Src/stm32l4xx_it.o
 .bss.mm.3      0x000000002000006a        0x2 ./Core/Src/stm32l4xx_it.o
 .bss.ss.2      0x000000002000006c        0x2 ./Core/Src/stm32l4xx_it.o
 .bss.peakSS.1  0x000000002000006e        0x2 ./Core/Src/stm32l4xx_it.o
 .bss.hh.0      0x0000000020000070        0x2 ./Core/Src/stm32l4xx_it.o
 *fill*         0x0000000020000072        0x2 
 .bss.uwTick    0x0000000020000074        0x4 ./Drivers/STM32L4xx_HAL_Driver/Src/stm32l4xx_hal.o
                0x0000000020000074                uwTick
 *(COMMON)
                0x0000000020000078                . = ALIGN (0x4)
                0x0000000020000078                _ebss = .
                0x0000000020000078                __bss_end__ = _ebss

._user_heap_stack
                0x0000000020000078      0x600 load address 0x00000000080022f8
                0x0000000020000078                . = ALIGN (0x8)
                [!provide]                        PROVIDE (end = .)
                [!provide]                        PROVIDE (_end = .)
                0x0000000020000278                . = (. + _Min_Heap_Size)
 *fill*         0x0000000020000078      0x200 
                0x0000000020000678                . = (. + _Min_Stack_Size)
 *fill*         0x0000000020000278      0x400 
                0x0000000020000678                . = ALIGN (0x8)

/DISCARD/
 libc.a(*)
 libm.a(*)
 libgcc.a(*)

.ARM.attributes
                0x0000000000000000       0x30
 *(.ARM.attributes)
 .ARM.attributes
                0x0000000000000000       0x1e c:/st/stm32cubeide_1.10.1/stm32cubeide/plugins/com.st.stm32cube.ide.mcu.externaltools.gnu-tools-for-stm32.10.3-2021.10.win32_1.0.0.202111181127/tools/bin/../lib/gcc/arm-none-eabi/10.3.1/thumb/v7e-m+fp/hard/crti.o
 .ARM.attributes
                0x000000000000001e       0x34 c:/st/stm32cubeide_1.10.1/stm32cubeide/plugins/com.st.stm32cube.ide.mcu.externaltools.gnu-tools-for-stm32.10.3-2021.10.win32_1.0.0.202111181127/tools/bin/../lib/gcc/arm-none-eabi/10.3.1/thumb/v7e-m+fp/hard/crtbegin.o
 .ARM.attributes
                0x0000000000000052       0x34 ./Core/Src/kamami_l496_7seg.o
 .ARM.attributes
                0x0000000000000086       0x34 ./Core/Src/kamami_l496_joy.o
 .ARM.attributes
                0x00000000000000ba       0x34 ./Core/Src/main.o
 .ARM.attributes
                0x00000000000000ee       0x34 ./Core/Src/stm32l4xx_hal_msp.o
 .ARM.attributes
                0x0000000000000122       0x34 ./Core/Src/stm32l4xx_it.o
 .ARM.attributes
                0x0000000000000156       0x34 ./Core/Src/system_stm32l4xx.o
 .ARM.attributes
                0x000000000000018a       0x21 ./Core/Startup/startup_stm32l496zgtx.o
 .ARM.attributes
                0x00000000000001ab       0x34 ./Drivers/STM32L4xx_HAL_Driver/Src/stm32l4xx_hal.o
 .ARM.attributes
                0x00000000000001df       0x34 ./Drivers/STM32L4xx_HAL_Driver/Src/stm32l4xx_hal_cortex.o
 .ARM.attributes
                0x0000000000000213       0x34 ./Drivers/STM32L4xx_HAL_Driver/Src/stm32l4xx_hal_gpio.o
 .ARM.attributes
                0x0000000000000247       0x34 ./Drivers/STM32L4xx_HAL_Driver/Src/stm32l4xx_hal_pwr_ex.o
 .ARM.attributes
                0x000000000000027b       0x34 ./Drivers/STM32L4xx_HAL_Driver/Src/stm32l4xx_hal_rcc.o
 .ARM.attributes
                0x00000000000002af       0x34 ./Drivers/STM32L4xx_HAL_Driver/Src/stm32l4xx_hal_tim.o
 .ARM.attributes
                0x00000000000002e3       0x34 ./Drivers/STM32L4xx_HAL_Driver/Src/stm32l4xx_hal_tim_ex.o
 .ARM.attributes
                0x0000000000000317       0x34 c:/st/stm32cubeide_1.10.1/stm32cubeide/plugins/com.st.stm32cube.ide.mcu.externaltools.gnu-tools-for-stm32.10.3-2021.10.win32_1.0.0.202111181127/tools/bin/../lib/gcc/arm-none-eabi/10.3.1/../../../../arm-none-eabi/lib/thumb/v7e-m+fp/hard\libc_nano.a(lib_a-init.o)
 .ARM.attributes
                0x000000000000034b       0x1e c:/st/stm32cubeide_1.10.1/stm32cubeide/plugins/com.st.stm32cube.ide.mcu.externaltools.gnu-tools-for-stm32.10.3-2021.10.win32_1.0.0.202111181127/tools/bin/../lib/gcc/arm-none-eabi/10.3.1/thumb/v7e-m+fp/hard/crtn.o
OUTPUT(Zegar.elf elf32-littlearm)
LOAD linker stubs
LOAD c:/st/stm32cubeide_1.10.1/stm32cubeide/plugins/com.st.stm32cube.ide.mcu.externaltools.gnu-tools-for-stm32.10.3-2021.10.win32_1.0.0.202111181127/tools/bin/../lib/gcc/arm-none-eabi/10.3.1/../../../../arm-none-eabi/lib/thumb/v7e-m+fp/hard\libc.a
LOAD c:/st/stm32cubeide_1.10.1/stm32cubeide/plugins/com.st.stm32cube.ide.mcu.externaltools.gnu-tools-for-stm32.10.3-2021.10.win32_1.0.0.202111181127/tools/bin/../lib/gcc/arm-none-eabi/10.3.1/../../../../arm-none-eabi/lib/thumb/v7e-m+fp/hard\libm.a
LOAD c:/st/stm32cubeide_1.10.1/stm32cubeide/plugins/com.st.stm32cube.ide.mcu.externaltools.gnu-tools-for-stm32.10.3-2021.10.win32_1.0.0.202111181127/tools/bin/../lib/gcc/arm-none-eabi/10.3.1/thumb/v7e-m+fp/hard\libgcc.a

.debug_info     0x0000000000000000     0x999c
 .debug_info    0x0000000000000000     0x1037 ./Core/Src/kamami_l496_7seg.o
 .debug_info    0x0000000000001037      0x4d4 ./Core/Src/kamami_l496_joy.o
 .debug_info    0x000000000000150b      0x5f2 ./Core/Src/main.o
 .debug_info    0x0000000000001afd      0x5c8 ./Core/Src/stm32l4xx_hal_msp.o
 .debug_info    0x00000000000020c5      0x2e6 ./Core/Src/stm32l4xx_it.o
 .debug_info    0x00000000000023ab      0x60b ./Core/Src/system_stm32l4xx.o
 .debug_info    0x00000000000029b6       0x22 ./Core/Startup/startup_stm32l496zgtx.o
 .debug_info    0x00000000000029d8      0xade ./Drivers/STM32L4xx_HAL_Driver/Src/stm32l4xx_hal.o
 .debug_info    0x00000000000034b6      0xdd2 ./Drivers/STM32L4xx_HAL_Driver/Src/stm32l4xx_hal_cortex.o
 .debug_info    0x0000000000004288      0x850 ./Drivers/STM32L4xx_HAL_Driver/Src/stm32l4xx_hal_gpio.o
 .debug_info    0x0000000000004ad8      0xa87 ./Drivers/STM32L4xx_HAL_Driver/Src/stm32l4xx_hal_pwr_ex.o
 .debug_info    0x000000000000555f      0xc90 ./Drivers/STM32L4xx_HAL_Driver/Src/stm32l4xx_hal_rcc.o
 .debug_info    0x00000000000061ef     0x24cc ./Drivers/STM32L4xx_HAL_Driver/Src/stm32l4xx_hal_tim.o
 .debug_info    0x00000000000086bb     0x12e1 ./Drivers/STM32L4xx_HAL_Driver/Src/stm32l4xx_hal_tim_ex.o

.debug_abbrev   0x0000000000000000     0x1955
 .debug_abbrev  0x0000000000000000      0x276 ./Core/Src/kamami_l496_7seg.o
 .debug_abbrev  0x0000000000000276      0x17d ./Core/Src/kamami_l496_joy.o
 .debug_abbrev  0x00000000000003f3      0x16c ./Core/Src/main.o
 .debug_abbrev  0x000000000000055f      0x103 ./Core/Src/stm32l4xx_hal_msp.o
 .debug_abbrev  0x0000000000000662      0x141 ./Core/Src/stm32l4xx_it.o
 .debug_abbrev  0x00000000000007a3      0x13b ./Core/Src/system_stm32l4xx.o
 .debug_abbrev  0x00000000000008de       0x12 ./Core/Startup/startup_stm32l496zgtx.o
 .debug_abbrev  0x00000000000008f0      0x207 ./Drivers/STM32L4xx_HAL_Driver/Src/stm32l4xx_hal.o
 .debug_abbrev  0x0000000000000af7      0x2db ./Drivers/STM32L4xx_HAL_Driver/Src/stm32l4xx_hal_cortex.o
 .debug_abbrev  0x0000000000000dd2      0x1c4 ./Drivers/STM32L4xx_HAL_Driver/Src/stm32l4xx_hal_gpio.o
 .debug_abbrev  0x0000000000000f96      0x254 ./Drivers/STM32L4xx_HAL_Driver/Src/stm32l4xx_hal_pwr_ex.o
 .debug_abbrev  0x00000000000011ea      0x2b0 ./Drivers/STM32L4xx_HAL_Driver/Src/stm32l4xx_hal_rcc.o
 .debug_abbrev  0x000000000000149a      0x270 ./Drivers/STM32L4xx_HAL_Driver/Src/stm32l4xx_hal_tim.o
 .debug_abbrev  0x000000000000170a      0x24b ./Drivers/STM32L4xx_HAL_Driver/Src/stm32l4xx_hal_tim_ex.o

.debug_aranges  0x0000000000000000      0xaa0
 .debug_aranges
                0x0000000000000000       0x58 ./Core/Src/kamami_l496_7seg.o
 .debug_aranges
                0x0000000000000058       0x38 ./Core/Src/kamami_l496_joy.o
 .debug_aranges
                0x0000000000000090       0x30 ./Core/Src/main.o
 .debug_aranges
                0x00000000000000c0       0x20 ./Core/Src/stm32l4xx_hal_msp.o
 .debug_aranges
                0x00000000000000e0       0x60 ./Core/Src/stm32l4xx_it.o
 .debug_aranges
                0x0000000000000140       0x28 ./Core/Src/system_stm32l4xx.o
 .debug_aranges
                0x0000000000000168       0x28 ./Core/Startup/startup_stm32l496zgtx.o
 .debug_aranges
                0x0000000000000190      0x118 ./Drivers/STM32L4xx_HAL_Driver/Src/stm32l4xx_hal.o
 .debug_aranges
                0x00000000000002a8      0x108 ./Drivers/STM32L4xx_HAL_Driver/Src/stm32l4xx_hal_cortex.o
 .debug_aranges
                0x00000000000003b0       0x58 ./Drivers/STM32L4xx_HAL_Driver/Src/stm32l4xx_hal_gpio.o
 .debug_aranges
                0x0000000000000408      0x148 ./Drivers/STM32L4xx_HAL_Driver/Src/stm32l4xx_hal_pwr_ex.o
 .debug_aranges
                0x0000000000000550       0x88 ./Drivers/STM32L4xx_HAL_Driver/Src/stm32l4xx_hal_rcc.o
 .debug_aranges
                0x00000000000005d8      0x378 ./Drivers/STM32L4xx_HAL_Driver/Src/stm32l4xx_hal_tim.o
 .debug_aranges
                0x0000000000000950      0x150 ./Drivers/STM32L4xx_HAL_Driver/Src/stm32l4xx_hal_tim_ex.o

.debug_ranges   0x0000000000000000      0x9c8
 .debug_ranges  0x0000000000000000       0x48 ./Core/Src/kamami_l496_7seg.o
 .debug_ranges  0x0000000000000048       0x28 ./Core/Src/kamami_l496_joy.o
 .debug_ranges  0x0000000000000070       0x20 ./Core/Src/main.o
 .debug_ranges  0x0000000000000090       0x10 ./Core/Src/stm32l4xx_hal_msp.o
 .debug_ranges  0x00000000000000a0       0x50 ./Core/Src/stm32l4xx_it.o
 .debug_ranges  0x00000000000000f0       0x18 ./Core/Src/system_stm32l4xx.o
 .debug_ranges  0x0000000000000108       0x20 ./Core/Startup/startup_stm32l496zgtx.o
 .debug_ranges  0x0000000000000128      0x108 ./Drivers/STM32L4xx_HAL_Driver/Src/stm32l4xx_hal.o
 .debug_ranges  0x0000000000000230       0xf8 ./Drivers/STM32L4xx_HAL_Driver/Src/stm32l4xx_hal_cortex.o
 .debug_ranges  0x0000000000000328       0x48 ./Drivers/STM32L4xx_HAL_Driver/Src/stm32l4xx_hal_gpio.o
 .debug_ranges  0x0000000000000370      0x138 ./Drivers/STM32L4xx_HAL_Driver/Src/stm32l4xx_hal_pwr_ex.o
 .debug_ranges  0x00000000000004a8       0x78 ./Drivers/STM32L4xx_HAL_Driver/Src/stm32l4xx_hal_rcc.o
 .debug_ranges  0x0000000000000520      0x368 ./Drivers/STM32L4xx_HAL_Driver/Src/stm32l4xx_hal_tim.o
 .debug_ranges  0x0000000000000888      0x140 ./Drivers/STM32L4xx_HAL_Driver/Src/stm32l4xx_hal_tim_ex.o

.debug_macro    0x0000000000000000    0x29f53
 .debug_macro   0x0000000000000000      0x3da ./Core/Src/kamami_l496_7seg.o
 .debug_macro   0x00000000000003da      0xa78 ./Core/Src/kamami_l496_7seg.o
 .debug_macro   0x0000000000000e52       0x22 ./Core/Src/kamami_l496_7seg.o
 .debug_macro   0x0000000000000e74       0x8e ./Core/Src/kamami_l496_7seg.o
 .debug_macro   0x0000000000000f02       0x51 ./Core/Src/kamami_l496_7seg.o
 .debug_macro   0x0000000000000f53      0x103 ./Core/Src/kamami_l496_7seg.o
 .debug_macro   0x0000000000001056       0x6a ./Core/Src/kamami_l496_7seg.o
 .debug_macro   0x00000000000010c0      0x1df ./Core/Src/kamami_l496_7seg.o
 .debug_macro   0x000000000000129f       0xa0 ./Core/Src/kamami_l496_7seg.o
 .debug_macro   0x000000000000133f       0xb3 ./Core/Src/kamami_l496_7seg.o
 .debug_macro   0x00000000000013f2       0x2e ./Core/Src/kamami_l496_7seg.o
 .debug_macro   0x0000000000001420       0x28 ./Core/Src/kamami_l496_7seg.o
 .debug_macro   0x0000000000001448       0x3b ./Core/Src/kamami_l496_7seg.o
 .debug_macro   0x0000000000001483       0x50 ./Core/Src/kamami_l496_7seg.o
 .debug_macro   0x00000000000014d3      0xe66 ./Core/Src/kamami_l496_7seg.o
 .debug_macro   0x0000000000002339    0x1c200 ./Core/Src/kamami_l496_7seg.o
 .debug_macro   0x000000000001e539       0x43 ./Core/Src/kamami_l496_7seg.o
 .debug_macro   0x000000000001e57c     0x36a1 ./Core/Src/kamami_l496_7seg.o
 .debug_macro   0x0000000000021c1d       0x52 ./Core/Src/kamami_l496_7seg.o
 .debug_macro   0x0000000000021c6f       0x1e ./Core/Src/kamami_l496_7seg.o
 .debug_macro   0x0000000000021c8d       0x3c ./Core/Src/kamami_l496_7seg.o
 .debug_macro   0x0000000000021cc9       0x34 ./Core/Src/kamami_l496_7seg.o
 .debug_macro   0x0000000000021cfd       0x16 ./Core/Src/kamami_l496_7seg.o
 .debug_macro   0x0000000000021d13       0x97 ./Core/Src/kamami_l496_7seg.o
 .debug_macro   0x0000000000021daa      0x341 ./Core/Src/kamami_l496_7seg.o
 .debug_macro   0x00000000000220eb       0xfd ./Core/Src/kamami_l496_7seg.o
 .debug_macro   0x00000000000221e8       0x10 ./Core/Src/kamami_l496_7seg.o
 .debug_macro   0x00000000000221f8       0x16 ./Core/Src/kamami_l496_7seg.o
 .debug_macro   0x000000000002220e       0x43 ./Core/Src/kamami_l496_7seg.o
 .debug_macro   0x0000000000022251       0x34 ./Core/Src/kamami_l496_7seg.o
 .debug_macro   0x0000000000022285       0x10 ./Core/Src/kamami_l496_7seg.o
 .debug_macro   0x0000000000022295       0x58 ./Core/Src/kamami_l496_7seg.o
 .debug_macro   0x00000000000222ed       0x71 ./Core/Src/kamami_l496_7seg.o
 .debug_macro   0x000000000002235e       0x1c ./Core/Src/kamami_l496_7seg.o
 .debug_macro   0x000000000002237a      0x12a ./Core/Src/kamami_l496_7seg.o
 .debug_macro   0x00000000000224a4       0x10 ./Core/Src/kamami_l496_7seg.o
 .debug_macro   0x00000000000224b4       0x1c ./Core/Src/kamami_l496_7seg.o
 .debug_macro   0x00000000000224d0       0x52 ./Core/Src/kamami_l496_7seg.o
 .debug_macro   0x0000000000022522       0x22 ./Core/Src/kamami_l496_7seg.o
 .debug_macro   0x0000000000022544       0x10 ./Core/Src/kamami_l496_7seg.o
 .debug_macro   0x0000000000022554       0x52 ./Core/Src/kamami_l496_7seg.o
 .debug_macro   0x00000000000225a6       0xd5 ./Core/Src/kamami_l496_7seg.o
 .debug_macro   0x000000000002267b       0x1c ./Core/Src/kamami_l496_7seg.o
 .debug_macro   0x0000000000022697       0x3d ./Core/Src/kamami_l496_7seg.o
 .debug_macro   0x00000000000226d4       0x16 ./Core/Src/kamami_l496_7seg.o
 .debug_macro   0x00000000000226ea      0x145 ./Core/Src/kamami_l496_7seg.o
 .debug_macro   0x000000000002282f       0x57 ./Core/Src/kamami_l496_7seg.o
 .debug_macro   0x0000000000022886     0x1845 ./Core/Src/kamami_l496_7seg.o
 .debug_macro   0x00000000000240cb      0x76c ./Core/Src/kamami_l496_7seg.o
 .debug_macro   0x0000000000024837      0x148 ./Core/Src/kamami_l496_7seg.o
 .debug_macro   0x000000000002497f      0x202 ./Core/Src/kamami_l496_7seg.o
 .debug_macro   0x0000000000024b81      0x25d ./Core/Src/kamami_l496_7seg.o
 .debug_macro   0x0000000000024dde      0x23a ./Core/Src/kamami_l496_7seg.o
 .debug_macro   0x0000000000025018      0x401 ./Core/Src/kamami_l496_7seg.o
 .debug_macro   0x0000000000025419      0x5dd ./Core/Src/kamami_l496_7seg.o
 .debug_macro   0x00000000000259f6      0x39f ./Core/Src/kamami_l496_7seg.o
 .debug_macro   0x0000000000025d95       0x10 ./Core/Src/kamami_l496_7seg.o
 .debug_macro   0x0000000000025da5       0xf2 ./Core/Src/kamami_l496_7seg.o
 .debug_macro   0x0000000000025e97      0x202 ./Core/Src/kamami_l496_7seg.o
 .debug_macro   0x0000000000026099       0x61 ./Core/Src/kamami_l496_7seg.o
 .debug_macro   0x00000000000260fa       0x90 ./Core/Src/kamami_l496_7seg.o
 .debug_macro   0x000000000002618a      0x126 ./Core/Src/kamami_l496_7seg.o
 .debug_macro   0x00000000000262b0      0x3e3 ./Core/Src/kamami_l496_7seg.o
 .debug_macro   0x0000000000026693      0x9cd ./Core/Src/kamami_l496_7seg.o
 .debug_macro   0x0000000000027060      0x1f5 ./Core/Src/kamami_l496_7seg.o
 .debug_macro   0x0000000000027255      0x423 ./Core/Src/kamami_l496_7seg.o
 .debug_macro   0x0000000000027678      0x385 ./Core/Src/kamami_l496_joy.o
 .debug_macro   0x00000000000279fd       0x4c ./Core/Src/kamami_l496_joy.o
 .debug_macro   0x0000000000027a49      0x34b ./Core/Src/main.o
 .debug_macro   0x0000000000027d94       0x35 ./Core/Src/main.o
 .debug_macro   0x0000000000027dc9       0x52 ./Core/Src/main.o
 .debug_macro   0x0000000000027e1b      0x334 ./Core/Src/stm32l4xx_hal_msp.o
 .debug_macro   0x000000000002814f      0x351 ./Core/Src/stm32l4xx_it.o
 .debug_macro   0x00000000000284a0      0x33b ./Core/Src/system_stm32l4xx.o
 .debug_macro   0x00000000000287db      0x382 ./Drivers/STM32L4xx_HAL_Driver/Src/stm32l4xx_hal.o
 .debug_macro   0x0000000000028b5d      0x334 ./Drivers/STM32L4xx_HAL_Driver/Src/stm32l4xx_hal_cortex.o
 .debug_macro   0x0000000000028e91      0x373 ./Drivers/STM32L4xx_HAL_Driver/Src/stm32l4xx_hal_gpio.o
 .debug_macro   0x0000000000029204      0x35e ./Drivers/STM32L4xx_HAL_Driver/Src/stm32l4xx_hal_pwr_ex.o
 .debug_macro   0x0000000000029562      0x376 ./Drivers/STM32L4xx_HAL_Driver/Src/stm32l4xx_hal_rcc.o
 .debug_macro   0x00000000000298d8      0x335 ./Drivers/STM32L4xx_HAL_Driver/Src/stm32l4xx_hal_tim.o
 .debug_macro   0x0000000000029c0d      0x346 ./Drivers/STM32L4xx_HAL_Driver/Src/stm32l4xx_hal_tim_ex.o

.debug_line     0x0000000000000000     0xc1cd
 .debug_line    0x0000000000000000      0xbc9 ./Core/Src/kamami_l496_7seg.o
 .debug_line    0x0000000000000bc9      0x92b ./Core/Src/kamami_l496_joy.o
 .debug_line    0x00000000000014f4      0x951 ./Core/Src/main.o
 .debug_line    0x0000000000001e45      0x8b7 ./Core/Src/stm32l4xx_hal_msp.o
 .debug_line    0x00000000000026fc      0xa0f ./Core/Src/stm32l4xx_it.o
 .debug_line    0x000000000000310b      0x984 ./Core/Src/system_stm32l4xx.o
 .debug_line    0x0000000000003a8f       0x88 ./Core/Startup/startup_stm32l496zgtx.o
 .debug_line    0x0000000000003b17      0xc13 ./Drivers/STM32L4xx_HAL_Driver/Src/stm32l4xx_hal.o
 .debug_line    0x000000000000472a      0xdcc ./Drivers/STM32L4xx_HAL_Driver/Src/stm32l4xx_hal_cortex.o
 .debug_line    0x00000000000054f6      0xcfb ./Drivers/STM32L4xx_HAL_Driver/Src/stm32l4xx_hal_gpio.o
 .debug_line    0x00000000000061f1      0xeac ./Drivers/STM32L4xx_HAL_Driver/Src/stm32l4xx_hal_pwr_ex.o
 .debug_line    0x000000000000709d     0x10c2 ./Drivers/STM32L4xx_HAL_Driver/Src/stm32l4xx_hal_rcc.o
 .debug_line    0x000000000000815f     0x2c1b ./Drivers/STM32L4xx_HAL_Driver/Src/stm32l4xx_hal_tim.o
 .debug_line    0x000000000000ad7a     0x1453 ./Drivers/STM32L4xx_HAL_Driver/Src/stm32l4xx_hal_tim_ex.o

.debug_str      0x0000000000000000    0xfe8e7
 .debug_str     0x0000000000000000    0xfbb5a ./Core/Src/kamami_l496_7seg.o
                                      0xfbf72 (size before relaxing)
 .debug_str     0x00000000000fbb5a      0x344 ./Core/Src/kamami_l496_joy.o
                                      0xfb637 (size before relaxing)
 .debug_str     0x00000000000fbe9e      0x1d6 ./Core/Src/main.o
                                      0xfbac5 (size before relaxing)
 .debug_str     0x00000000000fc074       0x49 ./Core/Src/stm32l4xx_hal_msp.o
                                      0xfb81c (size before relaxing)
 .debug_str     0x00000000000fc0bd       0xf6 ./Core/Src/stm32l4xx_it.o
                                      0xfb44d (size before relaxing)
 .debug_str     0x00000000000fc1b3      0x107 ./Core/Src/system_stm32l4xx.o
                                      0xfb37c (size before relaxing)
 .debug_str     0x00000000000fc2ba       0x36 ./Core/Startup/startup_stm32l496zgtx.o
                                         0x63 (size before relaxing)
 .debug_str     0x00000000000fc2f0      0x591 ./Drivers/STM32L4xx_HAL_Driver/Src/stm32l4xx_hal.o
                                      0xfbef5 (size before relaxing)
 .debug_str     0x00000000000fc881      0x2fe ./Drivers/STM32L4xx_HAL_Driver/Src/stm32l4xx_hal_cortex.o
                                      0xfbbc2 (size before relaxing)
 .debug_str     0x00000000000fcb7f      0x25e ./Drivers/STM32L4xx_HAL_Driver/Src/stm32l4xx_hal_gpio.o
                                      0xfb607 (size before relaxing)
 .debug_str     0x00000000000fcddd      0x4c7 ./Drivers/STM32L4xx_HAL_Driver/Src/stm32l4xx_hal_pwr_ex.o
                                      0xfb892 (size before relaxing)
 .debug_str     0x00000000000fd2a4      0x3a6 ./Drivers/STM32L4xx_HAL_Driver/Src/stm32l4xx_hal_rcc.o
                                      0xfb9b0 (size before relaxing)
 .debug_str     0x00000000000fd64a      0xcc7 ./Drivers/STM32L4xx_HAL_Driver/Src/stm32l4xx_hal_tim.o
                                      0xfc332 (size before relaxing)
 .debug_str     0x00000000000fe311      0x5d6 ./Drivers/STM32L4xx_HAL_Driver/Src/stm32l4xx_hal_tim_ex.o
                                      0xfbd81 (size before relaxing)

.comment        0x0000000000000000       0x50
 .comment       0x0000000000000000       0x50 ./Core/Src/kamami_l496_7seg.o
                                         0x51 (size before relaxing)
 .comment       0x0000000000000050       0x51 ./Core/Src/kamami_l496_joy.o
 .comment       0x0000000000000050       0x51 ./Core/Src/main.o
 .comment       0x0000000000000050       0x51 ./Core/Src/stm32l4xx_hal_msp.o
 .comment       0x0000000000000050       0x51 ./Core/Src/stm32l4xx_it.o
 .comment       0x0000000000000050       0x51 ./Core/Src/system_stm32l4xx.o
 .comment       0x0000000000000050       0x51 ./Drivers/STM32L4xx_HAL_Driver/Src/stm32l4xx_hal.o
 .comment       0x0000000000000050       0x51 ./Drivers/STM32L4xx_HAL_Driver/Src/stm32l4xx_hal_cortex.o
 .comment       0x0000000000000050       0x51 ./Drivers/STM32L4xx_HAL_Driver/Src/stm32l4xx_hal_gpio.o
 .comment       0x0000000000000050       0x51 ./Drivers/STM32L4xx_HAL_Driver/Src/stm32l4xx_hal_pwr_ex.o
 .comment       0x0000000000000050       0x51 ./Drivers/STM32L4xx_HAL_Driver/Src/stm32l4xx_hal_rcc.o
 .comment       0x0000000000000050       0x51 ./Drivers/STM32L4xx_HAL_Driver/Src/stm32l4xx_hal_tim.o
 .comment       0x0000000000000050       0x51 ./Drivers/STM32L4xx_HAL_Driver/Src/stm32l4xx_hal_tim_ex.o

.debug_frame    0x0000000000000000     0x2aa4
 .debug_frame   0x0000000000000000      0x130 ./Core/Src/kamami_l496_7seg.o
 .debug_frame   0x0000000000000130       0x94 ./Core/Src/kamami_l496_joy.o
 .debug_frame   0x00000000000001c4       0x6c ./Core/Src/main.o
 .debug_frame   0x0000000000000230       0x34 ./Core/Src/stm32l4xx_hal_msp.o
 .debug_frame   0x0000000000000264      0x10c ./Core/Src/stm32l4xx_it.o
 .debug_frame   0x0000000000000370       0x58 ./Core/Src/system_stm32l4xx.o
 .debug_frame   0x00000000000003c8      0x42c ./Drivers/STM32L4xx_HAL_Driver/Src/stm32l4xx_hal.o
 .debug_frame   0x00000000000007f4      0x450 ./Drivers/STM32L4xx_HAL_Driver/Src/stm32l4xx_hal_cortex.o
 .debug_frame   0x0000000000000c44      0x14c ./Drivers/STM32L4xx_HAL_Driver/Src/stm32l4xx_hal_gpio.o
 .debug_frame   0x0000000000000d90      0x524 ./Drivers/STM32L4xx_HAL_Driver/Src/stm32l4xx_hal_pwr_ex.o
 .debug_frame   0x00000000000012b4      0x1f4 ./Drivers/STM32L4xx_HAL_Driver/Src/stm32l4xx_hal_rcc.o
 .debug_frame   0x00000000000014a8     0x100c ./Drivers/STM32L4xx_HAL_Driver/Src/stm32l4xx_hal_tim.o
 .debug_frame   0x00000000000024b4      0x5c4 ./Drivers/STM32L4xx_HAL_Driver/Src/stm32l4xx_hal_tim_ex.o
 .debug_frame   0x0000000000002a78       0x2c c:/st/stm32cubeide_1.10.1/stm32cubeide/plugins/com.st.stm32cube.ide.mcu.externaltools.gnu-tools-for-stm32.10.3-2021.10.win32_1.0.0.202111181127/tools/bin/../lib/gcc/arm-none-eabi/10.3.1/../../../../arm-none-eabi/lib/thumb/v7e-m+fp/hard\libc_nano.a(lib_a-init.o)
