Archive member included to satisfy reference by file (symbol)

/Applications/STM32CubeIDE.app/Contents/Eclipse/plugins/com.st.stm32cube.ide.mcu.externaltools.gnu-tools-for-stm32.10.3-2021.10.macos64_1.0.0.202111181127/tools/bin/../lib/gcc/arm-none-eabi/10.3.1/../../../../arm-none-eabi/lib/thumb/v7e-m+fp/hard/libc_nano.a(lib_a-exit.o)
                              /Applications/STM32CubeIDE.app/Contents/Eclipse/plugins/com.st.stm32cube.ide.mcu.externaltools.gnu-tools-for-stm32.10.3-2021.10.macos64_1.0.0.202111181127/tools/bin/../lib/gcc/arm-none-eabi/10.3.1/../../../../arm-none-eabi/lib/thumb/v7e-m+fp/hard/crt0.o (exit)
/Applications/STM32CubeIDE.app/Contents/Eclipse/plugins/com.st.stm32cube.ide.mcu.externaltools.gnu-tools-for-stm32.10.3-2021.10.macos64_1.0.0.202111181127/tools/bin/../lib/gcc/arm-none-eabi/10.3.1/../../../../arm-none-eabi/lib/thumb/v7e-m+fp/hard/libc_nano.a(lib_a-impure.o)
                              /Applications/STM32CubeIDE.app/Contents/Eclipse/plugins/com.st.stm32cube.ide.mcu.externaltools.gnu-tools-for-stm32.10.3-2021.10.macos64_1.0.0.202111181127/tools/bin/../lib/gcc/arm-none-eabi/10.3.1/../../../../arm-none-eabi/lib/thumb/v7e-m+fp/hard/libc_nano.a(lib_a-exit.o) (_global_impure_ptr)
/Applications/STM32CubeIDE.app/Contents/Eclipse/plugins/com.st.stm32cube.ide.mcu.externaltools.gnu-tools-for-stm32.10.3-2021.10.macos64_1.0.0.202111181127/tools/bin/../lib/gcc/arm-none-eabi/10.3.1/../../../../arm-none-eabi/lib/thumb/v7e-m+fp/hard/libc_nano.a(lib_a-init.o)
                              /Applications/STM32CubeIDE.app/Contents/Eclipse/plugins/com.st.stm32cube.ide.mcu.externaltools.gnu-tools-for-stm32.10.3-2021.10.macos64_1.0.0.202111181127/tools/bin/../lib/gcc/arm-none-eabi/10.3.1/../../../../arm-none-eabi/lib/thumb/v7e-m+fp/hard/crt0.o (__libc_init_array)
/Applications/STM32CubeIDE.app/Contents/Eclipse/plugins/com.st.stm32cube.ide.mcu.externaltools.gnu-tools-for-stm32.10.3-2021.10.macos64_1.0.0.202111181127/tools/bin/../lib/gcc/arm-none-eabi/10.3.1/../../../../arm-none-eabi/lib/thumb/v7e-m+fp/hard/libc_nano.a(lib_a-memset.o)
                              /Applications/STM32CubeIDE.app/Contents/Eclipse/plugins/com.st.stm32cube.ide.mcu.externaltools.gnu-tools-for-stm32.10.3-2021.10.macos64_1.0.0.202111181127/tools/bin/../lib/gcc/arm-none-eabi/10.3.1/../../../../arm-none-eabi/lib/thumb/v7e-m+fp/hard/crt0.o (memset)
/Applications/STM32CubeIDE.app/Contents/Eclipse/plugins/com.st.stm32cube.ide.mcu.externaltools.gnu-tools-for-stm32.10.3-2021.10.macos64_1.0.0.202111181127/tools/bin/../lib/gcc/arm-none-eabi/10.3.1/../../../../arm-none-eabi/lib/thumb/v7e-m+fp/hard/libnosys.a(_exit.o)
                              /Applications/STM32CubeIDE.app/Contents/Eclipse/plugins/com.st.stm32cube.ide.mcu.externaltools.gnu-tools-for-stm32.10.3-2021.10.macos64_1.0.0.202111181127/tools/bin/../lib/gcc/arm-none-eabi/10.3.1/../../../../arm-none-eabi/lib/thumb/v7e-m+fp/hard/libc_nano.a(lib_a-exit.o) (_exit)

Discarded input sections

 .text          0x0000000000000000        0x0 /Applications/STM32CubeIDE.app/Contents/Eclipse/plugins/com.st.stm32cube.ide.mcu.externaltools.gnu-tools-for-stm32.10.3-2021.10.macos64_1.0.0.202111181127/tools/bin/../lib/gcc/arm-none-eabi/10.3.1/thumb/v7e-m+fp/hard/crti.o
 .data          0x0000000000000000        0x0 /Applications/STM32CubeIDE.app/Contents/Eclipse/plugins/com.st.stm32cube.ide.mcu.externaltools.gnu-tools-for-stm32.10.3-2021.10.macos64_1.0.0.202111181127/tools/bin/../lib/gcc/arm-none-eabi/10.3.1/thumb/v7e-m+fp/hard/crti.o
 .bss           0x0000000000000000        0x0 /Applications/STM32CubeIDE.app/Contents/Eclipse/plugins/com.st.stm32cube.ide.mcu.externaltools.gnu-tools-for-stm32.10.3-2021.10.macos64_1.0.0.202111181127/tools/bin/../lib/gcc/arm-none-eabi/10.3.1/thumb/v7e-m+fp/hard/crti.o
 .data          0x0000000000000000        0x4 /Applications/STM32CubeIDE.app/Contents/Eclipse/plugins/com.st.stm32cube.ide.mcu.externaltools.gnu-tools-for-stm32.10.3-2021.10.macos64_1.0.0.202111181127/tools/bin/../lib/gcc/arm-none-eabi/10.3.1/thumb/v7e-m+fp/hard/crtbegin.o
 .rodata        0x0000000000000000       0x24 /Applications/STM32CubeIDE.app/Contents/Eclipse/plugins/com.st.stm32cube.ide.mcu.externaltools.gnu-tools-for-stm32.10.3-2021.10.macos64_1.0.0.202111181127/tools/bin/../lib/gcc/arm-none-eabi/10.3.1/thumb/v7e-m+fp/hard/crtbegin.o
 .text          0x0000000000000000       0x7c /Applications/STM32CubeIDE.app/Contents/Eclipse/plugins/com.st.stm32cube.ide.mcu.externaltools.gnu-tools-for-stm32.10.3-2021.10.macos64_1.0.0.202111181127/tools/bin/../lib/gcc/arm-none-eabi/10.3.1/../../../../arm-none-eabi/lib/thumb/v7e-m+fp/hard/crt0.o
 .data          0x0000000000000000        0x0 /Applications/STM32CubeIDE.app/Contents/Eclipse/plugins/com.st.stm32cube.ide.mcu.externaltools.gnu-tools-for-stm32.10.3-2021.10.macos64_1.0.0.202111181127/tools/bin/../lib/gcc/arm-none-eabi/10.3.1/../../../../arm-none-eabi/lib/thumb/v7e-m+fp/hard/crt0.o
[...]
Memory Configuration

Name             Origin             Length             Attributes
RAM              0x0000000020000000 0x0000000000050000 xrw
RAM2             0x0000000010000000 0x0000000000010000 xrw
FLASH            0x0000000008000000 0x0000000000100000 xr
*default*        0x0000000000000000 0xffffffffffffffff

Linker script and memory map

LOAD /Applications/STM32CubeIDE.app/Contents/Eclipse/plugins/com.st.stm32cube.ide.mcu.externaltools.gnu-tools-for-stm32.10.3-2021.10.macos64_1.0.0.202111181127/tools/bin/../lib/gcc/arm-none-eabi/10.3.1/thumb/v7e-m+fp/hard/crti.o
LOAD /Applications/STM32CubeIDE.app/Contents/Eclipse/plugins/com.st.stm32cube.ide.mcu.externaltools.gnu-tools-for-stm32.10.3-2021.10.macos64_1.0.0.202111181127/tools/bin/../lib/gcc/arm-none-eabi/10.3.1/thumb/v7e-m+fp/hard/crtbegin.o
LOAD /Applications/STM32CubeIDE.app/Contents/Eclipse/plugins/com.st.stm32cube.ide.mcu.externaltools.gnu-tools-for-stm32.10.3-2021.10.macos64_1.0.0.202111181127/tools/bin/../lib/gcc/arm-none-eabi/10.3.1/../../../../arm-none-eabi/lib/thumb/v7e-m+fp/hard/crt0.o
LOAD ./Core/Src/joystick.o
LOAD ./Core/Src/main.o
LOAD ./Core/Src/stm32l4xx_hal_msp.o
LOAD ./Core/Src/stm32l4xx_it.o
LOAD ./Core/Src/system_stm32l4xx.o
LOAD ./Core/Startup/startup_stm32l496zgtx.o
LOAD ./Drivers/STM32L4xx_HAL_Driver/Src/stm32l4xx_hal.o
LOAD ./Drivers/STM32L4xx_HAL_Driver/Src/stm32l4xx_hal_adc.o
LOAD ./Drivers/STM32L4xx_HAL_Driver/Src/stm32l4xx_hal_adc_ex.o
LOAD ./Drivers/STM32L4xx_HAL_Driver/Src/stm32l4xx_hal_cortex.o
LOAD ./Drivers/STM32L4xx_HAL_Driver/Src/stm32l4xx_hal_dma.o
LOAD ./Drivers/STM32L4xx_HAL_Driver/Src/stm32l4xx_hal_flash.o
LOAD ./Drivers/STM32L4xx_HAL_Driver/Src/stm32l4xx_hal_flash_ex.o
LOAD ./Drivers/STM32L4xx_HAL_Driver/Src/stm32l4xx_hal_flash_ramfunc.o
LOAD ./Drivers/STM32L4xx_HAL_Driver/Src/stm32l4xx_hal_gpio.o
LOAD ./Drivers/STM32L4xx_HAL_Driver/Src/stm32l4xx_hal_i2c.o
LOAD ./Drivers/STM32L4xx_HAL_Driver/Src/stm32l4xx_hal_i2c_ex.o
LOAD ./Drivers/STM32L4xx_HAL_Driver/Src/stm32l4xx_hal_pwr.o
LOAD ./Drivers/STM32L4xx_HAL_Driver/Src/stm32l4xx_hal_pwr_ex.o
LOAD ./Drivers/STM32L4xx_HAL_Driver/Src/stm32l4xx_hal_rcc.o
LOAD ./Drivers/STM32L4xx_HAL_Driver/Src/stm32l4xx_hal_rcc_ex.o
LOAD ./Drivers/STM32L4xx_HAL_Driver/Src/stm32l4xx_hal_tim.o
LOAD ./Drivers/STM32L4xx_HAL_Driver/Src/stm32l4xx_hal_tim_ex.o
START GROUP
LOAD /Applications/STM32CubeIDE.app/Contents/Eclipse/plugins/com.st.stm32cube.ide.mcu.externaltools.gnu-tools-for-stm32.10.3-2021.10.macos64_1.0.0.202111181127/tools/bin/../lib/gcc/arm-none-eabi/10.3.1/../../../../arm-none-eabi/lib/thumb/v7e-m+fp/hard/libc_nano.a
LOAD /Applications/STM32CubeIDE.app/Contents/Eclipse/plugins/com.st.stm32cube.ide.mcu.externaltools.gnu-tools-for-stm32.10.3-2021.10.macos64_1.0.0.202111181127/tools/bin/../lib/gcc/arm-none-eabi/10.3.1/../../../../arm-none-eabi/lib/thumb/v7e-m+fp/hard/libm.a
END GROUP
START GROUP
LOAD /Applications/STM32CubeIDE.app/Contents/Eclipse/plugins/com.st.stm32cube.ide.mcu.externaltools.gnu-tools-for-stm32.10.3-2021.10.macos64_1.0.0.202111181127/tools/bin/../lib/gcc/arm-none-eabi/10.3.1/thumb/v7e-m+fp/hard/libgcc.a
LOAD /Applications/STM32CubeIDE.app/Contents/Eclipse/plugins/com.st.stm32cube.ide.mcu.externaltools.gnu-tools-for-stm32.10.3-2021.10.macos64_1.0.0.202111181127/tools/bin/../lib/gcc/arm-none-eabi/10.3.1/../../../../arm-none-eabi/lib/thumb/v7e-m+fp/hard/libc_nano.a
END GROUP
START GROUP
LOAD /Applications/STM32CubeIDE.app/Contents/Eclipse/plugins/com.st.stm32cube.ide.mcu.externaltools.gnu-tools-for-stm32.10.3-2021.10.macos64_1.0.0.202111181127/tools/bin/../lib/gcc/arm-none-eabi/10.3.1/thumb/v7e-m+fp/hard/libgcc.a
LOAD /Applications/STM32CubeIDE.app/Contents/Eclipse/plugins/com.st.stm32cube.ide.mcu.externaltools.gnu-tools-for-stm32.10.3-2021.10.macos64_1.0.0.202111181127/tools/bin/../lib/gcc/arm-none-eabi/10.3.1/../../../../arm-none-eabi/lib/thumb/v7e-m+fp/hard/libc_nano.a
LOAD /Applications/STM32CubeIDE.app/Contents/Eclipse/plugins/com.st.stm32cube.ide.mcu.externaltools.gnu-tools-for-stm32.10.3-2021.10.macos64_1.0.0.202111181127/tools/bin/../lib/gcc/arm-none-eabi/10.3.1/../../../../arm-none-eabi/lib/thumb/v7e-m+fp/hard/libnosys.a
END GROUP
START GROUP
LOAD /Applications/STM32CubeIDE.app/Contents/Eclipse/plugins/com.st.stm32cube.ide.mcu.externaltools.gnu-tools-for-stm32.10.3-2021.10.macos64_1.0.0.202111181127/tools/bin/../lib/gcc/arm-none-eabi/10.3.1/thumb/v7e-m+fp/hard/libgcc.a
LOAD /Applications/STM32CubeIDE.app/Contents/Eclipse/plugins/com.st.stm32cube.ide.mcu.externaltools.gnu-tools-for-stm32.10.3-2021.10.macos64_1.0.0.202111181127/tools/bin/../lib/gcc/arm-none-eabi/10.3.1/../../../../arm-none-eabi/lib/thumb/v7e-m+fp/hard/libc_nano.a
LOAD /Applications/STM32CubeIDE.app/Contents/Eclipse/plugins/com.st.stm32cube.ide.mcu.externaltools.gnu-tools-for-stm32.10.3-2021.10.macos64_1.0.0.202111181127/tools/bin/../lib/gcc/arm-none-eabi/10.3.1/../../../../arm-none-eabi/lib/thumb/v7e-m+fp/hard/libnosys.a
END GROUP
LOAD /Applications/STM32CubeIDE.app/Contents/Eclipse/plugins/com.st.stm32cube.ide.mcu.externaltools.gnu-tools-for-stm32.10.3-2021.10.macos64_1.0.0.202111181127/tools/bin/../lib/gcc/arm-none-eabi/10.3.1/thumb/v7e-m+fp/hard/crtend.o
LOAD /Applications/STM32CubeIDE.app/Contents/Eclipse/plugins/com.st.stm32cube.ide.mcu.externaltools.gnu-tools-for-stm32.10.3-2021.10.macos64_1.0.0.202111181127/tools/bin/../lib/gcc/arm-none-eabi/10.3.1/thumb/v7e-m+fp/hard/crtn.o
                0x0000000020050000                _estack = (ORIGIN (RAM) + LENGTH (RAM))
                0x0000000000000200                _Min_Heap_Size = 0x200
                0x0000000000000400                _Min_Stack_Size = 0x400

.isr_vector     0x0000000008000000      0x1ac
                0x0000000008000000                . = ALIGN (0x4)
 *(.isr_vector)
 .isr_vector    0x0000000008000000      0x1ac ./Core/Startup/startup_stm32l496zgtx.o
                0x0000000008000000                g_pfnVectors
                0x00000000080001ac                . = ALIGN (0x4)

.text           0x00000000080001ac     0x1ae8
                0x00000000080001ac                . = ALIGN (0x4)
 *(.text)
 .text          0x00000000080001ac       0x40 /Applications/STM32CubeIDE.app/Contents/Eclipse/plugins/com.st.stm32cube.ide.mcu.externaltools.gnu-tools-for-stm32.10.3-2021.10.macos64_1.0.0.202111181127/tools/bin/../lib/gcc/arm-none-eabi/10.3.1/thumb/v7e-m+fp/hard/crtbegin.o
 *(.text*)
 .text.joy_init
                0x00000000080001ec       0x48 ./Core/Src/joystick.o
                0x00000000080001ec                joy_init
 .text.main     0x0000000008000234       0x12 ./Core/Src/main.o
                0x0000000008000234                main
 *fill*         0x0000000008000246        0x2 
 .text.SystemClock_Config
                0x0000000008000248       0xc4 ./Core/Src/main.o
                0x0000000008000248                SystemClock_Config
 .text._Error_Handler
                0x000000000800030c        0xc ./Core/Src/main.o
                0x000000000800030c                _Error_Handler
 .text.HAL_MspInit
                0x0000000008000318       0x9c ./Core/Src/stm32l4xx_hal_msp.o
                0x0000000008000318                HAL_MspInit
 .text.dis7seg_init
                0x00000000080003b4       0xd0 ./Core/Src/stm32l4xx_it.o
                0x00000000080003b4                dis7seg_init
 .text.dis7seg_displayHHMM
                0x0000000008000484       0xec ./Core/Src/stm32l4xx_it.o
                0x0000000008000484                dis7seg_displayHHMM
 .text.dis7seg_displayMMSS
                0x0000000008000570       0xac ./Core/Src/stm32l4xx_it.o
                0x0000000008000570                dis7seg_displayMMSS
 .text.NMI_Handler
                0x000000000800061c        0xe ./Core/Src/stm32l4xx_it.o
                0x000000000800061c                NMI_Handler
 .text.HardFault_Handler
                0x000000000800062a        0x6 ./Core/Src/stm32l4xx_it.o
                0x000000000800062a                HardFault_Handler
 .text.MemManage_Handler
                0x0000000008000630        0x6 ./Core/Src/stm32l4xx_it.o
                0x0000000008000630                MemManage_Handler
 .text.BusFault_Handler
                0x0000000008000636        0x6 ./Core/Src/stm32l4xx_it.o
                0x0000000008000636                BusFault_Handler
 .text.UsageFault_Handler
                0x000000000800063c        0x6 ./Core/Src/stm32l4xx_it.o
                0x000000000800063c                UsageFault_Handler
 .text.SVC_Handler
                0x0000000008000642        0xe ./Core/Src/stm32l4xx_it.o
                0x0000000008000642                SVC_Handler
 .text.DebugMon_Handler
                0x0000000008000650        0xe ./Core/Src/stm32l4xx_it.o
                0x0000000008000650                DebugMon_Handler
 .text.PendSV_Handler
                0x000000000800065e        0xe ./Core/Src/stm32l4xx_it.o
                0x000000000800065e                PendSV_Handler
 .text.SysTick_Handler
                0x000000000800066c      0x268 ./Core/Src/stm32l4xx_it.o
                0x000000000800066c                SysTick_Handler
 .text.SystemInit
                0x00000000080008d4       0x6c ./Core/Src/system_stm32l4xx.o
                0x00000000080008d4                SystemInit
 .text.Reset_Handler
                0x0000000008000940       0x50 ./Core/Startup/startup_stm32l496zgtx.o
                0x0000000008000940                Reset_Handler
 .text.Default_Handler
                0x0000000008000990        0x2 ./Core/Startup/startup_stm32l496zgtx.o
                0x0000000008000990                TIM1_BRK_TIM15_IRQHandler
                0x0000000008000990                EXTI2_IRQHandler
                0x0000000008000990                TIM8_TRG_COM_IRQHandler
                0x0000000008000990                TIM8_CC_IRQHandler
                0x0000000008000990                TIM1_CC_IRQHandler
                0x0000000008000990                TSC_IRQHandler
                0x0000000008000990                TAMP_STAMP_IRQHandler
                0x0000000008000990                CAN2_RX1_IRQHandler
                0x0000000008000990                EXTI3_IRQHandler
                0x0000000008000990                LPTIM2_IRQHandler
                0x0000000008000990                DFSDM1_FLT1_IRQHandler
                0x0000000008000990                I2C3_ER_IRQHandler
                0x0000000008000990                DFSDM1_FLT2_IRQHandler
                0x0000000008000990                EXTI0_IRQHandler
                0x0000000008000990                I2C2_EV_IRQHandler
                0x0000000008000990                CAN1_RX0_IRQHandler
                0x0000000008000990                FPU_IRQHandler
                0x0000000008000990                TIM1_UP_TIM16_IRQHandler
                0x0000000008000990                CAN2_SCE_IRQHandler
                0x0000000008000990                ADC1_2_IRQHandler
                0x0000000008000990                SPI1_IRQHandler
                0x0000000008000990                TIM6_DAC_IRQHandler
                0x0000000008000990                DCMI_IRQHandler
                0x0000000008000990                CAN2_RX0_IRQHandler
                0x0000000008000990                TIM8_UP_IRQHandler
                0x0000000008000990                DMA2_Channel2_IRQHandler
                0x0000000008000990                DMA1_Channel4_IRQHandler
                0x0000000008000990                SAI2_IRQHandler
                0x0000000008000990                DFSDM1_FLT3_IRQHandler
                0x0000000008000990                USART3_IRQHandler
                0x0000000008000990                DMA1_Channel7_IRQHandler
                0x0000000008000990                CAN1_RX1_IRQHandler
                0x0000000008000990                LCD_IRQHandler
                0x0000000008000990                UART5_IRQHandler
                0x0000000008000990                ADC3_IRQHandler
                0x0000000008000990                TIM4_IRQHandler
                0x0000000008000990                DMA2_Channel1_IRQHandler
                0x0000000008000990                QUADSPI_IRQHandler
                0x0000000008000990                I2C1_EV_IRQHandler
                0x0000000008000990                DMA1_Channel6_IRQHandler
                0x0000000008000990                UART4_IRQHandler
                0x0000000008000990                DMA2_Channel4_IRQHandler
                0x0000000008000990                TIM3_IRQHandler
                0x0000000008000990                RCC_IRQHandler
                0x0000000008000990                DMA1_Channel1_IRQHandler
                0x0000000008000990                Default_Handler
                0x0000000008000990                DMA2_Channel7_IRQHandler
                0x0000000008000990                EXTI15_10_IRQHandler
                0x0000000008000990                TIM7_IRQHandler
                0x0000000008000990                SDMMC1_IRQHandler
                0x0000000008000990                CAN2_TX_IRQHandler
                0x0000000008000990                TIM5_IRQHandler
                0x0000000008000990                I2C3_EV_IRQHandler
                0x0000000008000990                EXTI9_5_IRQHandler
                0x0000000008000990                RTC_WKUP_IRQHandler
                0x0000000008000990                PVD_PVM_IRQHandler
                0x0000000008000990                SPI2_IRQHandler
                0x0000000008000990                CAN1_TX_IRQHandler
                0x0000000008000990                DMA2_Channel5_IRQHandler
                0x0000000008000990                CRS_IRQHandler
                0x0000000008000990                DMA1_Channel5_IRQHandler
                0x0000000008000990                EXTI4_IRQHandler
                0x0000000008000990                RNG_IRQHandler
                0x0000000008000990                TIM1_TRG_COM_TIM17_IRQHandler
                0x0000000008000990                DMA1_Channel3_IRQHandler
                0x0000000008000990                COMP_IRQHandler
                0x0000000008000990                WWDG_IRQHandler
                0x0000000008000990                I2C4_EV_IRQHandler
                0x0000000008000990                LPUART1_IRQHandler
                0x0000000008000990                DMA2_Channel6_IRQHandler
                0x0000000008000990                TIM2_IRQHandler
                0x0000000008000990                EXTI1_IRQHandler
                0x0000000008000990                USART2_IRQHandler
                0x0000000008000990                DFSDM1_FLT0_IRQHandler
                0x0000000008000990                I2C2_ER_IRQHandler
                0x0000000008000990                DMA1_Channel2_IRQHandler
                0x0000000008000990                TIM8_BRK_IRQHandler
                0x0000000008000990                CAN1_SCE_IRQHandler
                0x0000000008000990                FLASH_IRQHandler
                0x0000000008000990                USART1_IRQHandler
                0x0000000008000990                OTG_FS_IRQHandler
                0x0000000008000990                SPI3_IRQHandler
                0x0000000008000990                I2C1_ER_IRQHandler
                0x0000000008000990                FMC_IRQHandler
                0x0000000008000990                SWPMI1_IRQHandler
                0x0000000008000990                LPTIM1_IRQHandler
                0x0000000008000990                I2C4_ER_IRQHandler
                0x0000000008000990                SAI1_IRQHandler
                0x0000000008000990                DMA2_Channel3_IRQHandler
                0x0000000008000990                RTC_Alarm_IRQHandler
 .text.HAL_Init
                0x0000000008000992       0x1a ./Drivers/STM32L4xx_HAL_Driver/Src/stm32l4xx_hal.o
                0x0000000008000992                HAL_Init
 .text.HAL_InitTick
                0x00000000080009ac       0x38 ./Drivers/STM32L4xx_HAL_Driver/Src/stm32l4xx_hal.o
                0x00000000080009ac                HAL_InitTick
 .text.HAL_IncTick
                0x00000000080009e4       0x1c ./Drivers/STM32L4xx_HAL_Driver/Src/stm32l4xx_hal.o
                0x00000000080009e4                HAL_IncTick
 .text.HAL_GetTick
                0x0000000008000a00       0x18 ./Drivers/STM32L4xx_HAL_Driver/Src/stm32l4xx_hal.o
                0x0000000008000a00                HAL_GetTick
 .text.NVIC_SetPriorityGrouping
                0x0000000008000a18       0x48 ./Drivers/STM32L4xx_HAL_Driver/Src/stm32l4xx_hal_cortex.o
 .text.NVIC_GetPriorityGrouping
                0x0000000008000a60       0x1c ./Drivers/STM32L4xx_HAL_Driver/Src/stm32l4xx_hal_cortex.o
 .text.NVIC_SetPriority
                0x0000000008000a7c       0x54 ./Drivers/STM32L4xx_HAL_Driver/Src/stm32l4xx_hal_cortex.o
 .text.NVIC_EncodePriority
                0x0000000008000ad0       0x66 ./Drivers/STM32L4xx_HAL_Driver/Src/stm32l4xx_hal_cortex.o
 *fill*         0x0000000008000b36        0x2 
 .text.SysTick_Config
                0x0000000008000b38       0x44 ./Drivers/STM32L4xx_HAL_Driver/Src/stm32l4xx_hal_cortex.o
 .text.HAL_NVIC_SetPriorityGrouping
                0x0000000008000b7c       0x16 ./Drivers/STM32L4xx_HAL_Driver/Src/stm32l4xx_hal_cortex.o
                0x0000000008000b7c                HAL_NVIC_SetPriorityGrouping
 .text.HAL_NVIC_SetPriority
                0x0000000008000b92       0x38 ./Drivers/STM32L4xx_HAL_Driver/Src/stm32l4xx_hal_cortex.o
                0x0000000008000b92                HAL_NVIC_SetPriority
 .text.HAL_SYSTICK_Config
                0x0000000008000bca       0x18 ./Drivers/STM32L4xx_HAL_Driver/Src/stm32l4xx_hal_cortex.o
                0x0000000008000bca                HAL_SYSTICK_Config
 *fill*         0x0000000008000be2        0x2 
 .text.HAL_SYSTICK_CLKSourceConfig
                0x0000000008000be4       0x38 ./Drivers/STM32L4xx_HAL_Driver/Src/stm32l4xx_hal_cortex.o
                0x0000000008000be4                HAL_SYSTICK_CLKSourceConfig
 .text.HAL_SYSTICK_IRQHandler
                0x0000000008000c1c        0xc ./Drivers/STM32L4xx_HAL_Driver/Src/stm32l4xx_hal_cortex.o
                0x0000000008000c1c                HAL_SYSTICK_IRQHandler
 .text.HAL_SYSTICK_Callback
                0x0000000008000c28        0xe ./Drivers/STM32L4xx_HAL_Driver/Src/stm32l4xx_hal_cortex.o
                0x0000000008000c28                HAL_SYSTICK_Callback
 *fill*         0x0000000008000c36        0x2 
 .text.HAL_GPIO_Init
                0x0000000008000c38      0x32c ./Drivers/STM32L4xx_HAL_Driver/Src/stm32l4xx_hal_gpio.o
                0x0000000008000c38                HAL_GPIO_Init
 .text.HAL_GPIO_WritePin
                0x0000000008000f64       0x30 ./Drivers/STM32L4xx_HAL_Driver/Src/stm32l4xx_hal_gpio.o
                0x0000000008000f64                HAL_GPIO_WritePin
 .text.HAL_PWREx_GetVoltageRange
                0x0000000008000f94       0x1c ./Drivers/STM32L4xx_HAL_Driver/Src/stm32l4xx_hal_pwr_ex.o
                0x0000000008000f94                HAL_PWREx_GetVoltageRange
 .text.HAL_PWREx_ControlVoltageScaling
                0x0000000008000fb0       0xac ./Drivers/STM32L4xx_HAL_Driver/Src/stm32l4xx_hal_pwr_ex.o
                0x0000000008000fb0                HAL_PWREx_ControlVoltageScaling
 .text.HAL_PWREx_EnableVddIO2
                0x000000000800105c       0x20 ./Drivers/STM32L4xx_HAL_Driver/Src/stm32l4xx_hal_pwr_ex.o
                0x000000000800105c                HAL_PWREx_EnableVddIO2
 .text.HAL_RCC_OscConfig
                0x000000000800107c      0x74c ./Drivers/STM32L4xx_HAL_Driver/Src/stm32l4xx_hal_rcc.o
                0x000000000800107c                HAL_RCC_OscConfig
 .text.HAL_RCC_ClockConfig
                0x00000000080017c8      0x230 ./Drivers/STM32L4xx_HAL_Driver/Src/stm32l4xx_hal_rcc.o
                0x00000000080017c8                HAL_RCC_ClockConfig
 .text.HAL_RCC_GetSysClockFreq
                0x00000000080019f8      0x160 ./Drivers/STM32L4xx_HAL_Driver/Src/stm32l4xx_hal_rcc.o
                0x00000000080019f8                HAL_RCC_GetSysClockFreq
 .text.HAL_RCC_GetHCLKFreq
                0x0000000008001b58       0x18 ./Drivers/STM32L4xx_HAL_Driver/Src/stm32l4xx_hal_rcc.o
                0x0000000008001b58                HAL_RCC_GetHCLKFreq
 .text.RCC_SetFlashLatencyFromMSIRange
                0x0000000008001b70       0xc4 ./Drivers/STM32L4xx_HAL_Driver/Src/stm32l4xx_hal_rcc.o
 .text.__libc_init_array
                0x0000000008001c34       0x48 /Applications/STM32CubeIDE.app/Contents/Eclipse/plugins/com.st.stm32cube.ide.mcu.externaltools.gnu-tools-for-stm32.10.3-2021.10.macos64_1.0.0.202111181127/tools/bin/../lib/gcc/arm-none-eabi/10.3.1/../../../../arm-none-eabi/lib/thumb/v7e-m+fp/hard/libc_nano.a(lib_a-init.o)
                0x0000000008001c34                __libc_init_array
 *(.glue_7)
 .glue_7        0x0000000008001c7c        0x0 linker stubs
 *(.glue_7t)
 .glue_7t       0x0000000008001c7c        0x0 linker stubs
 *(.eh_frame)
 .eh_frame      0x0000000008001c7c        0x0 /Applications/STM32CubeIDE.app/Contents/Eclipse/plugins/com.st.stm32cube.ide.mcu.externaltools.gnu-tools-for-stm32.10.3-2021.10.macos64_1.0.0.202111181127/tools/bin/../lib/gcc/arm-none-eabi/10.3.1/thumb/v7e-m+fp/hard/crtbegin.o
 *(.init)
 .init          0x0000000008001c7c        0x4 /Applications/STM32CubeIDE.app/Contents/Eclipse/plugins/com.st.stm32cube.ide.mcu.externaltools.gnu-tools-for-stm32.10.3-2021.10.macos64_1.0.0.202111181127/tools/bin/../lib/gcc/arm-none-eabi/10.3.1/thumb/v7e-m+fp/hard/crti.o
                0x0000000008001c7c                _init
 .init          0x0000000008001c80        0x8 /Applications/STM32CubeIDE.app/Contents/Eclipse/plugins/com.st.stm32cube.ide.mcu.externaltools.gnu-tools-for-stm32.10.3-2021.10.macos64_1.0.0.202111181127/tools/bin/../lib/gcc/arm-none-eabi/10.3.1/thumb/v7e-m+fp/hard/crtn.o
 *(.fini)
 .fini          0x0000000008001c88        0x4 /Applications/STM32CubeIDE.app/Contents/Eclipse/plugins/com.st.stm32cube.ide.mcu.externaltools.gnu-tools-for-stm32.10.3-2021.10.macos64_1.0.0.202111181127/tools/bin/../lib/gcc/arm-none-eabi/10.3.1/thumb/v7e-m+fp/hard/crti.o
                0x0000000008001c88                _fini
 .fini          0x0000000008001c8c        0x8 /Applications/STM32CubeIDE.app/Contents/Eclipse/plugins/com.st.stm32cube.ide.mcu.externaltools.gnu-tools-for-stm32.10.3-2021.10.macos64_1.0.0.202111181127/tools/bin/../lib/gcc/arm-none-eabi/10.3.1/thumb/v7e-m+fp/hard/crtn.o
                0x0000000008001c94                . = ALIGN (0x4)
                0x0000000008001c94                _etext = .

.vfp11_veneer   0x0000000008001c94        0x0
 .vfp11_veneer  0x0000000008001c94        0x0 linker stubs

.v4_bx          0x0000000008001c94        0x0
 .v4_bx         0x0000000008001c94        0x0 linker stubs

.iplt           0x0000000008001c94        0x0
 .iplt          0x0000000008001c94        0x0 /Applications/STM32CubeIDE.app/Contents/Eclipse/plugins/com.st.stm32cube.ide.mcu.externaltools.gnu-tools-for-stm32.10.3-2021.10.macos64_1.0.0.202111181127/tools/bin/../lib/gcc/arm-none-eabi/10.3.1/thumb/v7e-m+fp/hard/crtbegin.o

.rodata         0x0000000008001c94       0x64
                0x0000000008001c94                . = ALIGN (0x4)
 *(.rodata)
 .rodata        0x0000000008001c94       0x13 ./Core/Src/main.o
 *(.rodata*)
 *fill*         0x0000000008001ca7        0x1 
 .rodata.segments
                0x0000000008001ca8        0xa ./Core/Src/stm32l4xx_it.o
                0x0000000008001ca8                segments
 *fill*         0x0000000008001cb2        0x2 
 .rodata.digits
                0x0000000008001cb4        0x4 ./Core/Src/stm32l4xx_it.o
                0x0000000008001cb4                digits
 .rodata.AHBPrescTable
                0x0000000008001cb8       0x10 ./Core/Src/system_stm32l4xx.o
                0x0000000008001cb8                AHBPrescTable
 .rodata.MSIRangeTable
                0x0000000008001cc8       0x30 ./Core/Src/system_stm32l4xx.o
                0x0000000008001cc8                MSIRangeTable
                0x0000000008001cf8                . = ALIGN (0x4)

.rel.dyn        0x0000000008001cf8        0x0
 .rel.iplt      0x0000000008001cf8        0x0 /Applications/STM32CubeIDE.app/Contents/Eclipse/plugins/com.st.stm32cube.ide.mcu.externaltools.gnu-tools-for-stm32.10.3-2021.10.macos64_1.0.0.202111181127/tools/bin/../lib/gcc/arm-none-eabi/10.3.1/thumb/v7e-m+fp/hard/crtbegin.o

.ARM.extab      0x0000000008001cf8        0x0
                0x0000000008001cf8                . = ALIGN (0x4)
 *(.ARM.extab* .gnu.linkonce.armextab.*)
                0x0000000008001cf8                . = ALIGN (0x4)

.ARM            0x0000000008001cf8        0x0
                0x0000000008001cf8                . = ALIGN (0x4)
                0x0000000008001cf8                __exidx_start = .
 *(.ARM.exidx*)
                0x0000000008001cf8                __exidx_end = .
                0x0000000008001cf8                . = ALIGN (0x4)

.preinit_array  0x0000000008001cf8        0x0
                0x0000000008001cf8                . = ALIGN (0x4)
                0x0000000008001cf8                PROVIDE (__preinit_array_start = .)
 *(.preinit_array*)
                0x0000000008001cf8                PROVIDE (__preinit_array_end = .)
                0x0000000008001cf8                . = ALIGN (0x4)

.init_array     0x0000000008001cf8        0x4
                0x0000000008001cf8                . = ALIGN (0x4)
                0x0000000008001cf8                PROVIDE (__init_array_start = .)
 *(SORT_BY_NAME(.init_array.*))
 *(.init_array*)
 .init_array    0x0000000008001cf8        0x4 /Applications/STM32CubeIDE.app/Contents/Eclipse/plugins/com.st.stm32cube.ide.mcu.externaltools.gnu-tools-for-stm32.10.3-2021.10.macos64_1.0.0.202111181127/tools/bin/../lib/gcc/arm-none-eabi/10.3.1/thumb/v7e-m+fp/hard/crtbegin.o
                0x0000000008001cfc                PROVIDE (__init_array_end = .)
                0x0000000008001cfc                . = ALIGN (0x4)

.fini_array     0x0000000008001cfc        0x4
                0x0000000008001cfc                . = ALIGN (0x4)
                [!provide]                        PROVIDE (__fini_array_start = .)
 *(SORT_BY_NAME(.fini_array.*))
 *(.fini_array*)
 .fini_array    0x0000000008001cfc        0x4 /Applications/STM32CubeIDE.app/Contents/Eclipse/plugins/com.st.stm32cube.ide.mcu.externaltools.gnu-tools-for-stm32.10.3-2021.10.macos64_1.0.0.202111181127/tools/bin/../lib/gcc/arm-none-eabi/10.3.1/thumb/v7e-m+fp/hard/crtbegin.o
                [!provide]                        PROVIDE (__fini_array_end = .)
                0x0000000008001d00                . = ALIGN (0x4)
                0x0000000008001d00                _sidata = LOADADDR (.data)

.data           0x0000000020000000        0xc load address 0x0000000008001d00
                0x0000000020000000                . = ALIGN (0x4)
                0x0000000020000000                _sdata = .
 *(.data)
 *(.data*)
 .data.mm.7     0x0000000020000000        0x2 ./Core/Src/stm32l4xx_it.o
 .data.ss.6     0x0000000020000002        0x2 ./Core/Src/stm32l4xx_it.o
 .data.hh.5     0x0000000020000004        0x2 ./Core/Src/stm32l4xx_it.o
 .data.freq.2   0x0000000020000006        0x2 ./Core/Src/stm32l4xx_it.o
 .data.SystemCoreClock
                0x0000000020000008        0x4 ./Core/Src/system_stm32l4xx.o
                0x0000000020000008                SystemCoreClock
 *(.RamFunc)
 *(.RamFunc*)
                0x000000002000000c                . = ALIGN (0x4)
                0x000000002000000c                _edata = .

.igot.plt       0x000000002000000c        0x0 load address 0x0000000008001d0c
 .igot.plt      0x000000002000000c        0x0 /Applications/STM32CubeIDE.app/Contents/Eclipse/plugins/com.st.stm32cube.ide.mcu.externaltools.gnu-tools-for-stm32.10.3-2021.10.macos64_1.0.0.202111181127/tools/bin/../lib/gcc/arm-none-eabi/10.3.1/thumb/v7e-m+fp/hard/crtbegin.o
                0x000000002000000c                . = ALIGN (0x4)

.bss            0x000000002000000c       0x34 load address 0x0000000008001d0c
                0x000000002000000c                _sbss = .
                0x000000002000000c                __bss_start__ = _sbss
 *(.bss)
 .bss           0x000000002000000c       0x1c /Applications/STM32CubeIDE.app/Contents/Eclipse/plugins/com.st.stm32cube.ide.mcu.externaltools.gnu-tools-for-stm32.10.3-2021.10.macos64_1.0.0.202111181127/tools/bin/../lib/gcc/arm-none-eabi/10.3.1/thumb/v7e-m+fp/hard/crtbegin.o
 *(.bss*)
 .bss.display   0x0000000020000028        0x8 ./Core/Src/stm32l4xx_it.o
                0x0000000020000028                display
 .bss.interrupt.9
                0x0000000020000030        0x2 ./Core/Src/stm32l4xx_it.o
 .bss.mode.8    0x0000000020000032        0x2 ./Core/Src/stm32l4xx_it.o
 .bss.peakSS.4  0x0000000020000034        0x2 ./Core/Src/stm32l4xx_it.o
 .bss.x.3       0x0000000020000036        0x2 ./Core/Src/stm32l4xx_it.o
 .bss.dig.1     0x0000000020000038        0x1 ./Core/Src/stm32l4xx_it.o
 *fill*         0x0000000020000039        0x1 
 .bss.podtrzymanie.0
                0x000000002000003a        0x2 ./Core/Src/stm32l4xx_it.o
 .bss.uwTick    0x000000002000003c        0x4 ./Drivers/STM32L4xx_HAL_Driver/Src/stm32l4xx_hal.o
                0x000000002000003c                uwTick
 *(COMMON)
                0x0000000020000040                . = ALIGN (0x4)
                0x0000000020000040                _ebss = .
                0x0000000020000040                __bss_end__ = _ebss

._user_heap_stack
                0x0000000020000040      0x600 load address 0x0000000008001d0c
                0x0000000020000040                . = ALIGN (0x8)
                [!provide]                        PROVIDE (end = .)
                [!provide]                        PROVIDE (_end = .)
                0x0000000020000240                . = (. + _Min_Heap_Size)
 *fill*         0x0000000020000040      0x200 
                0x0000000020000640                . = (. + _Min_Stack_Size)
 *fill*         0x0000000020000240      0x400 
                0x0000000020000640                . = ALIGN (0x8)

/DISCARD/
 libc.a(*)
 libm.a(*)
 libgcc.a(*)

.ARM.attributes
                0x0000000000000000       0x30
 *(.ARM.attributes)
 .ARM.attributes
                0x0000000000000000       0x1e /Applications/STM32CubeIDE.app/Contents/Eclipse/plugins/com.st.stm32cube.ide.mcu.externaltools.gnu-tools-for-stm32.10.3-2021.10.macos64_1.0.0.202111181127/tools/bin/../lib/gcc/arm-none-eabi/10.3.1/thumb/v7e-m+fp/hard/crti.o
 .ARM.attributes
                0x000000000000001e       0x34 /Applications/STM32CubeIDE.app/Contents/Eclipse/plugins/com.st.stm32cube.ide.mcu.externaltools.gnu-tools-for-stm32.10.3-2021.10.macos64_1.0.0.202111181127/tools/bin/../lib/gcc/arm-none-eabi/10.3.1/thumb/v7e-m+fp/hard/crtbegin.o
 .ARM.attributes
                0x0000000000000052       0x34 ./Core/Src/joystick.o
 .ARM.attributes
                0x0000000000000086       0x34 ./Core/Src/main.o
 .ARM.attributes
                0x00000000000000ba       0x34 ./Core/Src/stm32l4xx_hal_msp.o
 .ARM.attributes
                0x00000000000000ee       0x34 ./Core/Src/stm32l4xx_it.o
 .ARM.attributes
                0x0000000000000122       0x34 ./Core/Src/system_stm32l4xx.o
 .ARM.attributes
                0x0000000000000156       0x21 ./Core/Startup/startup_stm32l496zgtx.o
 .ARM.attributes
                0x0000000000000177       0x34 ./Drivers/STM32L4xx_HAL_Driver/Src/stm32l4xx_hal.o
 .ARM.attributes
                0x00000000000001ab       0x34 ./Drivers/STM32L4xx_HAL_Driver/Src/stm32l4xx_hal_cortex.o
 .ARM.attributes
                0x00000000000001df       0x34 ./Drivers/STM32L4xx_HAL_Driver/Src/stm32l4xx_hal_gpio.o
 .ARM.attributes
                0x0000000000000213       0x34 ./Drivers/STM32L4xx_HAL_Driver/Src/stm32l4xx_hal_pwr_ex.o
 .ARM.attributes
                0x0000000000000247       0x34 ./Drivers/STM32L4xx_HAL_Driver/Src/stm32l4xx_hal_rcc.o
 .ARM.attributes
                0x000000000000027b       0x34 /Applications/STM32CubeIDE.app/Contents/Eclipse/plugins/com.st.stm32cube.ide.mcu.externaltools.gnu-tools-for-stm32.10.3-2021.10.macos64_1.0.0.202111181127/tools/bin/../lib/gcc/arm-none-eabi/10.3.1/../../../../arm-none-eabi/lib/thumb/v7e-m+fp/hard/libc_nano.a(lib_a-init.o)
 .ARM.attributes
                0x00000000000002af       0x1e /Applications/STM32CubeIDE.app/Contents/Eclipse/plugins/com.st.stm32cube.ide.mcu.externaltools.gnu-tools-for-stm32.10.3-2021.10.macos64_1.0.0.202111181127/tools/bin/../lib/gcc/arm-none-eabi/10.3.1/thumb/v7e-m+fp/hard/crtn.o
OUTPUT(Zegar.elf elf32-littlearm)
LOAD linker stubs
LOAD /Applications/STM32CubeIDE.app/Contents/Eclipse/plugins/com.st.stm32cube.ide.mcu.externaltools.gnu-tools-for-stm32.10.3-2021.10.macos64_1.0.0.202111181127/tools/bin/../lib/gcc/arm-none-eabi/10.3.1/../../../../arm-none-eabi/lib/thumb/v7e-m+fp/hard/libc.a
LOAD /Applications/STM32CubeIDE.app/Contents/Eclipse/plugins/com.st.stm32cube.ide.mcu.externaltools.gnu-tools-for-stm32.10.3-2021.10.macos64_1.0.0.202111181127/tools/bin/../lib/gcc/arm-none-eabi/10.3.1/../../../../arm-none-eabi/lib/thumb/v7e-m+fp/hard/libm.a
LOAD /Applications/STM32CubeIDE.app/Contents/Eclipse/plugins/com.st.stm32cube.ide.mcu.externaltools.gnu-tools-for-stm32.10.3-2021.10.macos64_1.0.0.202111181127/tools/bin/../lib/gcc/arm-none-eabi/10.3.1/thumb/v7e-m+fp/hard/libgcc.a

.debug_info     0x0000000000000000     0x5657
 .debug_info    0x0000000000000000      0x4d4 ./Core/Src/joystick.o
 .debug_info    0x00000000000004d4      0x5ea ./Core/Src/main.o
 .debug_info    0x0000000000000abe      0x5c8 ./Core/Src/stm32l4xx_hal_msp.o
 .debug_info    0x0000000000001086      0x78d ./Core/Src/stm32l4xx_it.o
 .debug_info    0x0000000000001813      0x60b ./Core/Src/system_stm32l4xx.o
 .debug_info    0x0000000000001e1e       0x22 ./Core/Startup/startup_stm32l496zgtx.o
 .debug_info    0x0000000000001e40      0xade ./Drivers/STM32L4xx_HAL_Driver/Src/stm32l4xx_hal.o
 .debug_info    0x000000000000291e      0xdd2 ./Drivers/STM32L4xx_HAL_Driver/Src/stm32l4xx_hal_cortex.o
 .debug_info    0x00000000000036f0      0x850 ./Drivers/STM32L4xx_HAL_Driver/Src/stm32l4xx_hal_gpio.o
 .debug_info    0x0000000000003f40      0xa87 ./Drivers/STM32L4xx_HAL_Driver/Src/stm32l4xx_hal_pwr_ex.o
 .debug_info    0x00000000000049c7      0xc90 ./Drivers/STM32L4xx_HAL_Driver/Src/stm32l4xx_hal_rcc.o

.debug_abbrev   0x0000000000000000     0x1308
 .debug_abbrev  0x0000000000000000      0x17d ./Core/Src/joystick.o
 .debug_abbrev  0x000000000000017d      0x16c ./Core/Src/main.o
 .debug_abbrev  0x00000000000002e9      0x103 ./Core/Src/stm32l4xx_hal_msp.o
 .debug_abbrev  0x00000000000003ec      0x225 ./Core/Src/stm32l4xx_it.o
 .debug_abbrev  0x0000000000000611      0x13b ./Core/Src/system_stm32l4xx.o
 .debug_abbrev  0x000000000000074c       0x12 ./Core/Startup/startup_stm32l496zgtx.o
 .debug_abbrev  0x000000000000075e      0x207 ./Drivers/STM32L4xx_HAL_Driver/Src/stm32l4xx_hal.o
 .debug_abbrev  0x0000000000000965      0x2db ./Drivers/STM32L4xx_HAL_Driver/Src/stm32l4xx_hal_cortex.o
 .debug_abbrev  0x0000000000000c40      0x1c4 ./Drivers/STM32L4xx_HAL_Driver/Src/stm32l4xx_hal_gpio.o
 .debug_abbrev  0x0000000000000e04      0x254 ./Drivers/STM32L4xx_HAL_Driver/Src/stm32l4xx_hal_pwr_ex.o
 .debug_abbrev  0x0000000000001058      0x2b0 ./Drivers/STM32L4xx_HAL_Driver/Src/stm32l4xx_hal_rcc.o

.debug_aranges  0x0000000000000000      0x598
 .debug_aranges
                0x0000000000000000       0x38 ./Core/Src/joystick.o
 .debug_aranges
                0x0000000000000038       0x30 ./Core/Src/main.o
 .debug_aranges
                0x0000000000000068       0x20 ./Core/Src/stm32l4xx_hal_msp.o
 .debug_aranges
                0x0000000000000088       0x78 ./Core/Src/stm32l4xx_it.o
 .debug_aranges
                0x0000000000000100       0x28 ./Core/Src/system_stm32l4xx.o
 .debug_aranges
                0x0000000000000128       0x28 ./Core/Startup/startup_stm32l496zgtx.o
 .debug_aranges
                0x0000000000000150      0x118 ./Drivers/STM32L4xx_HAL_Driver/Src/stm32l4xx_hal.o
 .debug_aranges
                0x0000000000000268      0x108 ./Drivers/STM32L4xx_HAL_Driver/Src/stm32l4xx_hal_cortex.o
 .debug_aranges
                0x0000000000000370       0x58 ./Drivers/STM32L4xx_HAL_Driver/Src/stm32l4xx_hal_gpio.o
 .debug_aranges
                0x00000000000003c8      0x148 ./Drivers/STM32L4xx_HAL_Driver/Src/stm32l4xx_hal_pwr_ex.o
 .debug_aranges
                0x0000000000000510       0x88 ./Drivers/STM32L4xx_HAL_Driver/Src/stm32l4xx_hal_rcc.o

.debug_ranges   0x0000000000000000      0x4f0
 .debug_ranges  0x0000000000000000       0x28 ./Core/Src/joystick.o
 .debug_ranges  0x0000000000000028       0x20 ./Core/Src/main.o
 .debug_ranges  0x0000000000000048       0x10 ./Core/Src/stm32l4xx_hal_msp.o
 .debug_ranges  0x0000000000000058       0x68 ./Core/Src/stm32l4xx_it.o
 .debug_ranges  0x00000000000000c0       0x18 ./Core/Src/system_stm32l4xx.o
 .debug_ranges  0x00000000000000d8       0x20 ./Core/Startup/startup_stm32l496zgtx.o
 .debug_ranges  0x00000000000000f8      0x108 ./Drivers/STM32L4xx_HAL_Driver/Src/stm32l4xx_hal.o
 .debug_ranges  0x0000000000000200       0xf8 ./Drivers/STM32L4xx_HAL_Driver/Src/stm32l4xx_hal_cortex.o
 .debug_ranges  0x00000000000002f8       0x48 ./Drivers/STM32L4xx_HAL_Driver/Src/stm32l4xx_hal_gpio.o
 .debug_ranges  0x0000000000000340      0x138 ./Drivers/STM32L4xx_HAL_Driver/Src/stm32l4xx_hal_pwr_ex.o
 .debug_ranges  0x0000000000000478       0x78 ./Drivers/STM32L4xx_HAL_Driver/Src/stm32l4xx_hal_rcc.o

.debug_macro    0x0000000000000000    0x2954a
 .debug_macro   0x0000000000000000      0x385 ./Core/Src/joystick.o
 .debug_macro   0x0000000000000385      0xa78 ./Core/Src/joystick.o
 .debug_macro   0x0000000000000dfd       0x22 ./Core/Src/joystick.o
 .debug_macro   0x0000000000000e1f       0x8e ./Core/Src/joystick.o
 .debug_macro   0x0000000000000ead       0x51 ./Core/Src/joystick.o
 .debug_macro   0x0000000000000efe      0x103 ./Core/Src/joystick.o
 .debug_macro   0x0000000000001001       0x6a ./Core/Src/joystick.o
 .debug_macro   0x000000000000106b      0x1df ./Core/Src/joystick.o
 .debug_macro   0x000000000000124a       0x4c ./Core/Src/joystick.o
 .debug_macro   0x0000000000001296       0xa0 ./Core/Src/joystick.o
 .debug_macro   0x0000000000001336       0xb3 ./Core/Src/joystick.o
 .debug_macro   0x00000000000013e9       0x2e ./Core/Src/joystick.o
 .debug_macro   0x0000000000001417       0x28 ./Core/Src/joystick.o
 .debug_macro   0x000000000000143f       0x3b ./Core/Src/joystick.o
 .debug_macro   0x000000000000147a       0x50 ./Core/Src/joystick.o
 .debug_macro   0x00000000000014ca      0xe66 ./Core/Src/joystick.o
 .debug_macro   0x0000000000002330    0x1c200 ./Core/Src/joystick.o
 .debug_macro   0x000000000001e530       0x43 ./Core/Src/joystick.o
 .debug_macro   0x000000000001e573     0x36a1 ./Core/Src/joystick.o
 .debug_macro   0x0000000000021c14       0x52 ./Core/Src/joystick.o
 .debug_macro   0x0000000000021c66       0x1e ./Core/Src/joystick.o
 .debug_macro   0x0000000000021c84       0x3c ./Core/Src/joystick.o
 .debug_macro   0x0000000000021cc0       0x34 ./Core/Src/joystick.o
 .debug_macro   0x0000000000021cf4       0x16 ./Core/Src/joystick.o
 .debug_macro   0x0000000000021d0a       0x97 ./Core/Src/joystick.o
 .debug_macro   0x0000000000021da1      0x341 ./Core/Src/joystick.o
 .debug_macro   0x00000000000220e2       0xfd ./Core/Src/joystick.o
 .debug_macro   0x00000000000221df       0x10 ./Core/Src/joystick.o
 .debug_macro   0x00000000000221ef       0x16 ./Core/Src/joystick.o
 .debug_macro   0x0000000000022205       0x43 ./Core/Src/joystick.o
 .debug_macro   0x0000000000022248       0x34 ./Core/Src/joystick.o
 .debug_macro   0x000000000002227c       0x10 ./Core/Src/joystick.o
 .debug_macro   0x000000000002228c       0x58 ./Core/Src/joystick.o
 .debug_macro   0x00000000000222e4       0x71 ./Core/Src/joystick.o
 .debug_macro   0x0000000000022355       0x1c ./Core/Src/joystick.o
 .debug_macro   0x0000000000022371      0x12a ./Core/Src/joystick.o
 .debug_macro   0x000000000002249b       0x10 ./Core/Src/joystick.o
 .debug_macro   0x00000000000224ab       0x1c ./Core/Src/joystick.o
 .debug_macro   0x00000000000224c7       0x52 ./Core/Src/joystick.o
 .debug_macro   0x0000000000022519       0x22 ./Core/Src/joystick.o
 .debug_macro   0x000000000002253b       0x10 ./Core/Src/joystick.o
 .debug_macro   0x000000000002254b       0x52 ./Core/Src/joystick.o
 .debug_macro   0x000000000002259d       0xd5 ./Core/Src/joystick.o
 .debug_macro   0x0000000000022672       0x1c ./Core/Src/joystick.o
 .debug_macro   0x000000000002268e       0x3d ./Core/Src/joystick.o
 .debug_macro   0x00000000000226cb       0x16 ./Core/Src/joystick.o
 .debug_macro   0x00000000000226e1      0x145 ./Core/Src/joystick.o
 .debug_macro   0x0000000000022826       0x57 ./Core/Src/joystick.o
 .debug_macro   0x000000000002287d     0x1845 ./Core/Src/joystick.o
 .debug_macro   0x00000000000240c2      0x76c ./Core/Src/joystick.o
 .debug_macro   0x000000000002482e      0x148 ./Core/Src/joystick.o
 .debug_macro   0x0000000000024976      0x202 ./Core/Src/joystick.o
 .debug_macro   0x0000000000024b78      0x25d ./Core/Src/joystick.o
 .debug_macro   0x0000000000024dd5      0x23a ./Core/Src/joystick.o
 .debug_macro   0x000000000002500f      0x401 ./Core/Src/joystick.o
 .debug_macro   0x0000000000025410      0x5dd ./Core/Src/joystick.o
 .debug_macro   0x00000000000259ed      0x39f ./Core/Src/joystick.o
 .debug_macro   0x0000000000025d8c       0x10 ./Core/Src/joystick.o
 .debug_macro   0x0000000000025d9c       0xf2 ./Core/Src/joystick.o
 .debug_macro   0x0000000000025e8e      0x202 ./Core/Src/joystick.o
 .debug_macro   0x0000000000026090       0x61 ./Core/Src/joystick.o
 .debug_macro   0x00000000000260f1       0x90 ./Core/Src/joystick.o
 .debug_macro   0x0000000000026181      0x126 ./Core/Src/joystick.o
 .debug_macro   0x00000000000262a7      0x3e3 ./Core/Src/joystick.o
 .debug_macro   0x000000000002668a      0x9cd ./Core/Src/joystick.o
 .debug_macro   0x0000000000027057      0x1f5 ./Core/Src/joystick.o
 .debug_macro   0x000000000002724c      0x423 ./Core/Src/joystick.o
 .debug_macro   0x000000000002766f      0x34b ./Core/Src/main.o
 .debug_macro   0x00000000000279ba      0x334 ./Core/Src/stm32l4xx_hal_msp.o
 .debug_macro   0x0000000000027cee       0x35 ./Core/Src/stm32l4xx_hal_msp.o
 .debug_macro   0x0000000000027d23      0x3ef ./Core/Src/stm32l4xx_it.o
 .debug_macro   0x0000000000028112      0x33b ./Core/Src/system_stm32l4xx.o
 .debug_macro   0x000000000002844d      0x382 ./Drivers/STM32L4xx_HAL_Driver/Src/stm32l4xx_hal.o
 .debug_macro   0x00000000000287cf      0x334 ./Drivers/STM32L4xx_HAL_Driver/Src/stm32l4xx_hal_cortex.o
 .debug_macro   0x0000000000028b03      0x373 ./Drivers/STM32L4xx_HAL_Driver/Src/stm32l4xx_hal_gpio.o
 .debug_macro   0x0000000000028e76      0x35e ./Drivers/STM32L4xx_HAL_Driver/Src/stm32l4xx_hal_pwr_ex.o
 .debug_macro   0x00000000000291d4      0x376 ./Drivers/STM32L4xx_HAL_Driver/Src/stm32l4xx_hal_rcc.o

.debug_line     0x0000000000000000     0x7905
 .debug_line    0x0000000000000000      0x954 ./Core/Src/joystick.o
 .debug_line    0x0000000000000954      0x97c ./Core/Src/main.o
 .debug_line    0x00000000000012d0      0x8ee ./Core/Src/stm32l4xx_hal_msp.o
 .debug_line    0x0000000000001bbe      0xba9 ./Core/Src/stm32l4xx_it.o
 .debug_line    0x0000000000002767      0x9bb ./Core/Src/system_stm32l4xx.o
 .debug_line    0x0000000000003122       0x88 ./Core/Startup/startup_stm32l496zgtx.o
 .debug_line    0x00000000000031aa      0xc4a ./Drivers/STM32L4xx_HAL_Driver/Src/stm32l4xx_hal.o
 .debug_line    0x0000000000003df4      0xe03 ./Drivers/STM32L4xx_HAL_Driver/Src/stm32l4xx_hal_cortex.o
 .debug_line    0x0000000000004bf7      0xd32 ./Drivers/STM32L4xx_HAL_Driver/Src/stm32l4xx_hal_gpio.o
 .debug_line    0x0000000000005929      0xee3 ./Drivers/STM32L4xx_HAL_Driver/Src/stm32l4xx_hal_pwr_ex.o
 .debug_line    0x000000000000680c     0x10f9 ./Drivers/STM32L4xx_HAL_Driver/Src/stm32l4xx_hal_rcc.o

.debug_str      0x0000000000000000    0xfd161
 .debug_str     0x0000000000000000    0xfb380 ./Core/Src/joystick.o
                                      0xfb635 (size before relaxing)
 .debug_str     0x00000000000fb380      0x715 ./Core/Src/main.o
                                      0xfbaba (size before relaxing)
 .debug_str     0x00000000000fba95       0x49 ./Core/Src/stm32l4xx_hal_msp.o
                                      0xfb821 (size before relaxing)
 .debug_str     0x00000000000fbade      0x1cd ./Core/Src/stm32l4xx_it.o
                                      0xfb6c8 (size before relaxing)
 .debug_str     0x00000000000fbcab      0x107 ./Core/Src/system_stm32l4xx.o
                                      0xfb381 (size before relaxing)
 .debug_str     0x00000000000fbdb2       0x36 ./Core/Startup/startup_stm32l496zgtx.o
                                         0x68 (size before relaxing)
 .debug_str     0x00000000000fbde8      0x591 ./Drivers/STM32L4xx_HAL_Driver/Src/stm32l4xx_hal.o
                                      0xfbefa (size before relaxing)
 .debug_str     0x00000000000fc379      0x31d ./Drivers/STM32L4xx_HAL_Driver/Src/stm32l4xx_hal_cortex.o
                                      0xfbbc7 (size before relaxing)
 .debug_str     0x00000000000fc696      0x25e ./Drivers/STM32L4xx_HAL_Driver/Src/stm32l4xx_hal_gpio.o
                                      0xfb60c (size before relaxing)
 .debug_str     0x00000000000fc8f4      0x4c7 ./Drivers/STM32L4xx_HAL_Driver/Src/stm32l4xx_hal_pwr_ex.o
                                      0xfb897 (size before relaxing)
 .debug_str     0x00000000000fcdbb      0x3a6 ./Drivers/STM32L4xx_HAL_Driver/Src/stm32l4xx_hal_rcc.o
                                      0xfb9b5 (size before relaxing)

.comment        0x0000000000000000       0x50
 .comment       0x0000000000000000       0x50 ./Core/Src/joystick.o
                                         0x51 (size before relaxing)
 .comment       0x0000000000000050       0x51 ./Core/Src/main.o
 .comment       0x0000000000000050       0x51 ./Core/Src/stm32l4xx_hal_msp.o
 .comment       0x0000000000000050       0x51 ./Core/Src/stm32l4xx_it.o
 .comment       0x0000000000000050       0x51 ./Core/Src/system_stm32l4xx.o
 .comment       0x0000000000000050       0x51 ./Drivers/STM32L4xx_HAL_Driver/Src/stm32l4xx_hal.o
 .comment       0x0000000000000050       0x51 ./Drivers/STM32L4xx_HAL_Driver/Src/stm32l4xx_hal_cortex.o
 .comment       0x0000000000000050       0x51 ./Drivers/STM32L4xx_HAL_Driver/Src/stm32l4xx_hal_gpio.o
 .comment       0x0000000000000050       0x51 ./Drivers/STM32L4xx_HAL_Driver/Src/stm32l4xx_hal_pwr_ex.o
 .comment       0x0000000000000050       0x51 ./Drivers/STM32L4xx_HAL_Driver/Src/stm32l4xx_hal_rcc.o

.debug_frame    0x0000000000000000     0x1418
 .debug_frame   0x0000000000000000       0x94 ./Core/Src/joystick.o
 .debug_frame   0x0000000000000094       0x6c ./Core/Src/main.o
 .debug_frame   0x0000000000000100       0x34 ./Core/Src/stm32l4xx_hal_msp.o
 .debug_frame   0x0000000000000134      0x180 ./Core/Src/stm32l4xx_it.o
 .debug_frame   0x00000000000002b4       0x58 ./Core/Src/system_stm32l4xx.o
 .debug_frame   0x000000000000030c      0x42c ./Drivers/STM32L4xx_HAL_Driver/Src/stm32l4xx_hal.o
 .debug_frame   0x0000000000000738      0x450 ./Drivers/STM32L4xx_HAL_Driver/Src/stm32l4xx_hal_cortex.o
 .debug_frame   0x0000000000000b88      0x14c ./Drivers/STM32L4xx_HAL_Driver/Src/stm32l4xx_hal_gpio.o
 .debug_frame   0x0000000000000cd4      0x524 ./Drivers/STM32L4xx_HAL_Driver/Src/stm32l4xx_hal_pwr_ex.o
 .debug_frame   0x00000000000011f8      0x1f4 ./Drivers/STM32L4xx_HAL_Driver/Src/stm32l4xx_hal_rcc.o
 .debug_frame   0x00000000000013ec       0x2c /Applications/STM32CubeIDE.app/Contents/Eclipse/plugins/com.st.stm32cube.ide.mcu.externaltools.gnu-tools-for-stm32.10.3-2021.10.macos64_1.0.0.202111181127/tools/bin/../lib/gcc/arm-none-eabi/10.3.1/../../../../arm-none-eabi/lib/thumb/v7e-m+fp/hard/libc_nano.a(lib_a-init.o)
