19:01:58 **** Incremental Build of configuration Debug for project Zegar ****
make -j3 all 
arm-none-eabi-gcc "../Core/Src/main.c" -mcpu=cortex-m4 -std=gnu11 -g3 -DDEBUG -DUSE_HAL_DRIVER -DSTM32L496xx -c -I../Core/Inc -I../Drivers/STM32L4xx_HAL_Driver/Inc -I../Drivers/STM32L4xx_HAL_Driver/Inc/Legacy -I../Drivers/CMSIS/Device/ST/STM32L4xx/Include -I../Drivers/CMSIS/Include -O0 -ffunction-sections -fdata-sections -Wall -fstack-usage -MMD -MP -MF"Core/Src/main.d" -MT"Core/Src/main.o" --specs=nano.specs -mfpu=fpv4-sp-d16 -mfloat-abi=hard -mthumb -o "Core/Src/main.o"
arm-none-eabi-gcc -o "Zegar.elf" @"objects.list"   -mcpu=cortex-m4 -T"/Users/adamludwiczak/SystemyWbudowane/Zegar/STM32L496ZGTX_FLASH.ld" --specs=nosys.specs -Wl,-Map="Zegar.map" -Wl,--gc-sections -static --specs=nano.specs -mfpu=fpv4-sp-d16 -mfloat-abi=hard -mthumb -Wl,--start-group -lc -lm -Wl,--end-group
Finished building target: Zegar.elf
 
arm-none-eabi-size   Zegar.elf 
arm-none-eabi-objdump -h -S  Zegar.elf  > "Zegar.list"
   text	   data	    bss	    dec	    hex	filename
   8592	     12	   1644	  10248	   2808	Zegar.elf
Finished building: default.size.stdout
 
Finished building: Zegar.list
 
19:02:33 **** Incremental Build of configuration Debug for project Zegar ****
make -j3 all 
arm-none-eabi-size   Zegar.elf 
   text	   data	    bss	    dec	    hex	filename
   8592	     12	   1644	  10248	   2808	Zegar.elf
Finished building: default.size.stdout
 
19:03:12 **** Incremental Build of configuration Debug for project Zegar ****
make -j3 all 
arm-none-eabi-gcc "../Core/Src/main.c" -mcpu=cortex-m4 -std=gnu11 -g3 -DDEBUG -DUSE_HAL_DRIVER -DSTM32L496xx -c -I../Core/Inc -I../Drivers/STM32L4xx_HAL_Driver/Inc -I../Drivers/STM32L4xx_HAL_Driver/Inc/Legacy -I../Drivers/CMSIS/Device/ST/STM32L4xx/Include -I../Drivers/CMSIS/Include -O0 -ffunction-sections -fdata-sections -Wall -fstack-usage -MMD -MP -MF"Core/Src/main.d" -MT"Core/Src/main.o" --specs=nano.specs -mfpu=fpv4-sp-d16 -mfloat-abi=hard -mthumb -o "Core/Src/main.o"
arm-none-eabi-gcc "../Core/Src/stm32l4xx_it.c" -mcpu=cortex-m4 -std=gnu11 -g3 -DDEBUG -DUSE_HAL_DRIVER -DSTM32L496xx -c -I../Core/Inc -I../Drivers/STM32L4xx_HAL_Driver/Inc -I../Drivers/STM32L4xx_HAL_Driver/Inc/Legacy -I../Drivers/CMSIS/Device/ST/STM32L4xx/Include -I../Drivers/CMSIS/Include -O0 -ffunction-sections -fdata-sections -Wall -fstack-usage -MMD -MP -MF"Core/Src/stm32l4xx_it.d" -MT"Core/Src/stm32l4xx_it.o" --specs=nano.specs -mfpu=fpv4-sp-d16 -mfloat-abi=hard -mthumb -o "Core/Src/stm32l4xx_it.o"
arm-none-eabi-gcc -o "Zegar.elf" @"objects.list"   -mcpu=cortex-m4 -T"/Users/adamludwiczak/SystemyWbudowane/Zegar/STM32L496ZGTX_FLASH.ld" --specs=nosys.specs -Wl,-Map="Zegar.map" -Wl,--gc-sections -static --specs=nano.specs -mfpu=fpv4-sp-d16 -mfloat-abi=hard -mthumb -Wl,--start-group -lc -lm -Wl,--end-group
Finished building target: Zegar.elf
 
arm-none-eabi-size   Zegar.elf 
arm-none-eabi-objdump -h -S  Zegar.elf  > "Zegar.list"
   text	   data	    bss	    dec	    hex	filename
   8584	     12	   1644	  10240	   2800	Zegar.elf
Finished building: default.size.stdout
 
Finished building: Zegar.list
 
19:03:40 **** Incremental Build of configuration Debug for project Zegar ****
make -j3 all 
arm-none-eabi-gcc "../Core/Src/main.c" -mcpu=cortex-m4 -std=gnu11 -g3 -DDEBUG -DUSE_HAL_DRIVER -DSTM32L496xx -c -I../Core/Inc -I../Drivers/STM32L4xx_HAL_Driver/Inc -I../Drivers/STM32L4xx_HAL_Driver/Inc/Legacy -I../Drivers/CMSIS/Device/ST/STM32L4xx/Include -I../Drivers/CMSIS/Include -O0 -ffunction-sections -fdata-sections -Wall -fstack-usage -MMD -MP -MF"Core/Src/main.d" -MT"Core/Src/main.o" --specs=nano.specs -mfpu=fpv4-sp-d16 -mfloat-abi=hard -mthumb -o "Core/Src/main.o"
arm-none-eabi-gcc -o "Zegar.elf" @"objects.list"   -mcpu=cortex-m4 -T"/Users/adamludwiczak/SystemyWbudowane/Zegar/STM32L496ZGTX_FLASH.ld" --specs=nosys.specs -Wl,-Map="Zegar.map" -Wl,--gc-sections -static --specs=nano.specs -mfpu=fpv4-sp-d16 -mfloat-abi=hard -mthumb -Wl,--start-group -lc -lm -Wl,--end-group
Finished building target: Zegar.elf
 
arm-none-eabi-size   Zegar.elf 
arm-none-eabi-objdump -h -S  Zegar.elf  > "Zegar.list"
   text	   data	    bss	    dec	    hex	filename
   8588	     12	   1644	  10244	   2804	Zegar.elf
Finished building: default.size.stdout
 
Finished building: Zegar.list
 
16:29:03 **** Build of configuration Debug for project Zegar ****
make -j12 all 
arm-none-eabi-gcc "../Drivers/STM32L4xx_HAL_Driver/Src/stm32l4xx_hal.c" -mcpu=cortex-m4 -std=gnu11 -g3 -DDEBUG -DUSE_HAL_DRIVER -DSTM32L496xx -c -I../Core/Inc -I../Drivers/STM32L4xx_HAL_Driver/Inc -I../Drivers/STM32L4xx_HAL_Driver/Inc/Legacy -I../Drivers/CMSIS/Device/ST/STM32L4xx/Include -I../Drivers/CMSIS/Include -O0 -ffunction-sections -fdata-sections -Wall -fstack-usage -MMD -MP -MF"Drivers/STM32L4xx_HAL_Driver/Src/stm32l4xx_hal.d" -MT"Drivers/STM32L4xx_HAL_Driver/Src/stm32l4xx_hal.o" --specs=nano.specs -mfpu=fpv4-sp-d16 -mfloat-abi=hard -mthumb -o "Drivers/STM32L4xx_HAL_Driver/Src/stm32l4xx_hal.o"
arm-none-eabi-gcc "../Drivers/STM32L4xx_HAL_Driver/Src/stm32l4xx_hal_adc.c" -mcpu=cortex-m4 -std=gnu11 -g3 -DDEBUG -DUSE_HAL_DRIVER -DSTM32L496xx -c -I../Core/Inc -I../Drivers/STM32L4xx_HAL_Driver/Inc -I../Drivers/STM32L4xx_HAL_Driver/Inc/Legacy -I../Drivers/CMSIS/Device/ST/STM32L4xx/Include -I../Drivers/CMSIS/Include -O0 -ffunction-sections -fdata-sections -Wall -fstack-usage -MMD -MP -MF"Drivers/STM32L4xx_HAL_Driver/Src/stm32l4xx_hal_adc.d" -MT"Drivers/STM32L4xx_HAL_Driver/Src/stm32l4xx_hal_adc.o" --specs=nano.specs -mfpu=fpv4-sp-d16 -mfloat-abi=hard -mthumb -o "Drivers/STM32L4xx_HAL_Driver/Src/stm32l4xx_hal_adc.o"
arm-none-eabi-gcc "../Drivers/STM32L4xx_HAL_Driver/Src/stm32l4xx_hal_adc_ex.c" -mcpu=cortex-m4 -std=gnu11 -g3 -DDEBUG -DUSE_HAL_DRIVER -DSTM32L496xx -c -I../Core/Inc -I../Drivers/STM32L4xx_HAL_Driver/Inc -I../Drivers/STM32L4xx_HAL_Driver/Inc/Legacy -I../Drivers/CMSIS/Device/ST/STM32L4xx/Include -I../Drivers/CMSIS/Include -O0 -ffunction-sections -fdata-sections -Wall -fstack-usage -MMD -MP -MF"Drivers/STM32L4xx_HAL_Driver/Src/stm32l4xx_hal_adc_ex.d" -MT"Drivers/STM32L4xx_HAL_Driver/Src/stm32l4xx_hal_adc_ex.o" --specs=nano.specs -mfpu=fpv4-sp-d16 -mfloat-abi=hard -mthumb -o "Drivers/STM32L4xx_HAL_Driver/Src/stm32l4xx_hal_adc_ex.o"
arm-none-eabi-gcc "../Drivers/STM32L4xx_HAL_Driver/Src/stm32l4xx_hal_cortex.c" -mcpu=cortex-m4 -std=gnu11 -g3 -DDEBUG -DUSE_HAL_DRIVER -DSTM32L496xx -c -I../Core/Inc -I../Drivers/STM32L4xx_HAL_Driver/Inc -I../Drivers/STM32L4xx_HAL_Driver/Inc/Legacy -I../Drivers/CMSIS/Device/ST/STM32L4xx/Include -I../Drivers/CMSIS/Include -O0 -ffunction-sections -fdata-sections -Wall -fstack-usage -MMD -MP -MF"Drivers/STM32L4xx_HAL_Driver/Src/stm32l4xx_hal_cortex.d" -MT"Drivers/STM32L4xx_HAL_Driver/Src/stm32l4xx_hal_cortex.o" --specs=nano.specs -mfpu=fpv4-sp-d16 -mfloat-abi=hard -mthumb -o "Drivers/STM32L4xx_HAL_Driver/Src/stm32l4xx_hal_cortex.o"
arm-none-eabi-gcc "../Drivers/STM32L4xx_HAL_Driver/Src/stm32l4xx_hal_dma.c" -mcpu=cortex-m4 -std=gnu11 -g3 -DDEBUG -DUSE_HAL_DRIVER -DSTM32L496xx -c -I../Core/Inc -I../Drivers/STM32L4xx_HAL_Driver/Inc -I../Drivers/STM32L4xx_HAL_Driver/Inc/Legacy -I../Drivers/CMSIS/Device/ST/STM32L4xx/Include -I../Drivers/CMSIS/Include -O0 -ffunction-sections -fdata-sections -Wall -fstack-usage -MMD -MP -MF"Drivers/STM32L4xx_HAL_Driver/Src/stm32l4xx_hal_dma.d" -MT"Drivers/STM32L4xx_HAL_Driver/Src/stm32l4xx_hal_dma.o" --specs=nano.specs -mfpu=fpv4-sp-d16 -mfloat-abi=hard -mthumb -o "Drivers/STM32L4xx_HAL_Driver/Src/stm32l4xx_hal_dma.o"
arm-none-eabi-gcc "../Drivers/STM32L4xx_HAL_Driver/Src/stm32l4xx_hal_flash.c" -mcpu=cortex-m4 -std=gnu11 -g3 -DDEBUG -DUSE_HAL_DRIVER -DSTM32L496xx -c -I../Core/Inc -I../Drivers/STM32L4xx_HAL_Driver/Inc -I../Drivers/STM32L4xx_HAL_Driver/Inc/Legacy -I../Drivers/CMSIS/Device/ST/STM32L4xx/Include -I../Drivers/CMSIS/Include -O0 -ffunction-sections -fdata-sections -Wall -fstack-usage -MMD -MP -MF"Drivers/STM32L4xx_HAL_Driver/Src/stm32l4xx_hal_flash.d" -MT"Drivers/STM32L4xx_HAL_Driver/Src/stm32l4xx_hal_flash.o" --specs=nano.specs -mfpu=fpv4-sp-d16 -mfloat-abi=hard -mthumb -o "Drivers/STM32L4xx_HAL_Driver/Src/stm32l4xx_hal_flash.o"
arm-none-eabi-gcc "../Drivers/STM32L4xx_HAL_Driver/Src/stm32l4xx_hal_flash_ex.c" -mcpu=cortex-m4 -std=gnu11 -g3 -DDEBUG -DUSE_HAL_DRIVER -DSTM32L496xx -c -I../Core/Inc -I../Drivers/STM32L4xx_HAL_Driver/Inc -I../Drivers/STM32L4xx_HAL_Driver/Inc/Legacy -I../Drivers/CMSIS/Device/ST/STM32L4xx/Include -I../Drivers/CMSIS/Include -O0 -ffunction-sections -fdata-sections -Wall -fstack-usage -MMD -MP -MF"Drivers/STM32L4xx_HAL_Driver/Src/stm32l4xx_hal_flash_ex.d" -MT"Drivers/STM32L4xx_HAL_Driver/Src/stm32l4xx_hal_flash_ex.o" --specs=nano.specs -mfpu=fpv4-sp-d16 -mfloat-abi=hard -mthumb -o "Drivers/STM32L4xx_HAL_Driver/Src/stm32l4xx_hal_flash_ex.o"
arm-none-eabi-gcc "../Drivers/STM32L4xx_HAL_Driver/Src/stm32l4xx_hal_flash_ramfunc.c" -mcpu=cortex-m4 -std=gnu11 -g3 -DDEBUG -DUSE_HAL_DRIVER -DSTM32L496xx -c -I../Core/Inc -I../Drivers/STM32L4xx_HAL_Driver/Inc -I../Drivers/STM32L4xx_HAL_Driver/Inc/Legacy -I../Drivers/CMSIS/Device/ST/STM32L4xx/Include -I../Drivers/CMSIS/Include -O0 -ffunction-sections -fdata-sections -Wall -fstack-usage -MMD -MP -MF"Drivers/STM32L4xx_HAL_Driver/Src/stm32l4xx_hal_flash_ramfunc.d" -MT"Drivers/STM32L4xx_HAL_Driver/Src/stm32l4xx_hal_flash_ramfunc.o" --specs=nano.specs -mfpu=fpv4-sp-d16 -mfloat-abi=hard -mthumb -o "Drivers/STM32L4xx_HAL_Driver/Src/stm32l4xx_hal_flash_ramfunc.o"
arm-none-eabi-gcc "../Drivers/STM32L4xx_HAL_Driver/Src/stm32l4xx_hal_gpio.c" -mcpu=cortex-m4 -std=gnu11 -g3 -DDEBUG -DUSE_HAL_DRIVER -DSTM32L496xx -c -I../Core/Inc -I../Drivers/STM32L4xx_HAL_Driver/Inc -I../Drivers/STM32L4xx_HAL_Driver/Inc/Legacy -I../Drivers/CMSIS/Device/ST/STM32L4xx/Include -I../Drivers/CMSIS/Include -O0 -ffunction-sections -fdata-sections -Wall -fstack-usage -MMD -MP -MF"Drivers/STM32L4xx_HAL_Driver/Src/stm32l4xx_hal_gpio.d" -MT"Drivers/STM32L4xx_HAL_Driver/Src/stm32l4xx_hal_gpio.o" --specs=nano.specs -mfpu=fpv4-sp-d16 -mfloat-abi=hard -mthumb -o "Drivers/STM32L4xx_HAL_Driver/Src/stm32l4xx_hal_gpio.o"
arm-none-eabi-gcc "../Drivers/STM32L4xx_HAL_Driver/Src/stm32l4xx_hal_i2c.c" -mcpu=cortex-m4 -std=gnu11 -g3 -DDEBUG -DUSE_HAL_DRIVER -DSTM32L496xx -c -I../Core/Inc -I../Drivers/STM32L4xx_HAL_Driver/Inc -I../Drivers/STM32L4xx_HAL_Driver/Inc/Legacy -I../Drivers/CMSIS/Device/ST/STM32L4xx/Include -I../Drivers/CMSIS/Include -O0 -ffunction-sections -fdata-sections -Wall -fstack-usage -MMD -MP -MF"Drivers/STM32L4xx_HAL_Driver/Src/stm32l4xx_hal_i2c.d" -MT"Drivers/STM32L4xx_HAL_Driver/Src/stm32l4xx_hal_i2c.o" --specs=nano.specs -mfpu=fpv4-sp-d16 -mfloat-abi=hard -mthumb -o "Drivers/STM32L4xx_HAL_Driver/Src/stm32l4xx_hal_i2c.o"
arm-none-eabi-gcc "../Drivers/STM32L4xx_HAL_Driver/Src/stm32l4xx_hal_i2c_ex.c" -mcpu=cortex-m4 -std=gnu11 -g3 -DDEBUG -DUSE_HAL_DRIVER -DSTM32L496xx -c -I../Core/Inc -I../Drivers/STM32L4xx_HAL_Driver/Inc -I../Drivers/STM32L4xx_HAL_Driver/Inc/Legacy -I../Drivers/CMSIS/Device/ST/STM32L4xx/Include -I../Drivers/CMSIS/Include -O0 -ffunction-sections -fdata-sections -Wall -fstack-usage -MMD -MP -MF"Drivers/STM32L4xx_HAL_Driver/Src/stm32l4xx_hal_i2c_ex.d" -MT"Drivers/STM32L4xx_HAL_Driver/Src/stm32l4xx_hal_i2c_ex.o" --specs=nano.specs -mfpu=fpv4-sp-d16 -mfloat-abi=hard -mthumb -o "Drivers/STM32L4xx_HAL_Driver/Src/stm32l4xx_hal_i2c_ex.o"
arm-none-eabi-gcc "../Drivers/STM32L4xx_HAL_Driver/Src/stm32l4xx_hal_pwr.c" -mcpu=cortex-m4 -std=gnu11 -g3 -DDEBUG -DUSE_HAL_DRIVER -DSTM32L496xx -c -I../Core/Inc -I../Drivers/STM32L4xx_HAL_Driver/Inc -I../Drivers/STM32L4xx_HAL_Driver/Inc/Legacy -I../Drivers/CMSIS/Device/ST/STM32L4xx/Include -I../Drivers/CMSIS/Include -O0 -ffunction-sections -fdata-sections -Wall -fstack-usage -MMD -MP -MF"Drivers/STM32L4xx_HAL_Driver/Src/stm32l4xx_hal_pwr.d" -MT"Drivers/STM32L4xx_HAL_Driver/Src/stm32l4xx_hal_pwr.o" --specs=nano.specs -mfpu=fpv4-sp-d16 -mfloat-abi=hard -mthumb -o "Drivers/STM32L4xx_HAL_Driver/Src/stm32l4xx_hal_pwr.o"
arm-none-eabi-gcc "../Drivers/STM32L4xx_HAL_Driver/Src/stm32l4xx_hal_pwr_ex.c" -mcpu=cortex-m4 -std=gnu11 -g3 -DDEBUG -DUSE_HAL_DRIVER -DSTM32L496xx -c -I../Core/Inc -I../Drivers/STM32L4xx_HAL_Driver/Inc -I../Drivers/STM32L4xx_HAL_Driver/Inc/Legacy -I../Drivers/CMSIS/Device/ST/STM32L4xx/Include -I../Drivers/CMSIS/Include -O0 -ffunction-sections -fdata-sections -Wall -fstack-usage -MMD -MP -MF"Drivers/STM32L4xx_HAL_Driver/Src/stm32l4xx_hal_pwr_ex.d" -MT"Drivers/STM32L4xx_HAL_Driver/Src/stm32l4xx_hal_pwr_ex.o" --specs=nano.specs -mfpu=fpv4-sp-d16 -mfloat-abi=hard -mthumb -o "Drivers/STM32L4xx_HAL_Driver/Src/stm32l4xx_hal_pwr_ex.o"
arm-none-eabi-gcc "../Drivers/STM32L4xx_HAL_Driver/Src/stm32l4xx_hal_rcc.c" -mcpu=cortex-m4 -std=gnu11 -g3 -DDEBUG -DUSE_HAL_DRIVER -DSTM32L496xx -c -I../Core/Inc -I../Drivers/STM32L4xx_HAL_Driver/Inc -I../Drivers/STM32L4xx_HAL_Driver/Inc/Legacy -I../Drivers/CMSIS/Device/ST/STM32L4xx/Include -I../Drivers/CMSIS/Include -O0 -ffunction-sections -fdata-sections -Wall -fstack-usage -MMD -MP -MF"Drivers/STM32L4xx_HAL_Driver/Src/stm32l4xx_hal_rcc.d" -MT"Drivers/STM32L4xx_HAL_Driver/Src/stm32l4xx_hal_rcc.o" --specs=nano.specs -mfpu=fpv4-sp-d16 -mfloat-abi=hard -mthumb -o "Drivers/STM32L4xx_HAL_Driver/Src/stm32l4xx_hal_rcc.o"
arm-none-eabi-gcc "../Drivers/STM32L4xx_HAL_Driver/Src/stm32l4xx_hal_rcc_ex.c" -mcpu=cortex-m4 -std=gnu11 -g3 -DDEBUG -DUSE_HAL_DRIVER -DSTM32L496xx -c -I../Core/Inc -I../Drivers/STM32L4xx_HAL_Driver/Inc -I../Drivers/STM32L4xx_HAL_Driver/Inc/Legacy -I../Drivers/CMSIS/Device/ST/STM32L4xx/Include -I../Drivers/CMSIS/Include -O0 -ffunction-sections -fdata-sections -Wall -fstack-usage -MMD -MP -MF"Drivers/STM32L4xx_HAL_Driver/Src/stm32l4xx_hal_rcc_ex.d" -MT"Drivers/STM32L4xx_HAL_Driver/Src/stm32l4xx_hal_rcc_ex.o" --specs=nano.specs -mfpu=fpv4-sp-d16 -mfloat-abi=hard -mthumb -o "Drivers/STM32L4xx_HAL_Driver/Src/stm32l4xx_hal_rcc_ex.o"
arm-none-eabi-gcc "../Drivers/STM32L4xx_HAL_Driver/Src/stm32l4xx_hal_tim.c" -mcpu=cortex-m4 -std=gnu11 -g3 -DDEBUG -DUSE_HAL_DRIVER -DSTM32L496xx -c -I../Core/Inc -I../Drivers/STM32L4xx_HAL_Driver/Inc -I../Drivers/STM32L4xx_HAL_Driver/Inc/Legacy -I../Drivers/CMSIS/Device/ST/STM32L4xx/Include -I../Drivers/CMSIS/Include -O0 -ffunction-sections -fdata-sections -Wall -fstack-usage -MMD -MP -MF"Drivers/STM32L4xx_HAL_Driver/Src/stm32l4xx_hal_tim.d" -MT"Drivers/STM32L4xx_HAL_Driver/Src/stm32l4xx_hal_tim.o" --specs=nano.specs -mfpu=fpv4-sp-d16 -mfloat-abi=hard -mthumb -o "Drivers/STM32L4xx_HAL_Driver/Src/stm32l4xx_hal_tim.o"
arm-none-eabi-gcc "../Drivers/STM32L4xx_HAL_Driver/Src/stm32l4xx_hal_tim_ex.c" -mcpu=cortex-m4 -std=gnu11 -g3 -DDEBUG -DUSE_HAL_DRIVER -DSTM32L496xx -c -I../Core/Inc -I../Drivers/STM32L4xx_HAL_Driver/Inc -I../Drivers/STM32L4xx_HAL_Driver/Inc/Legacy -I../Drivers/CMSIS/Device/ST/STM32L4xx/Include -I../Drivers/CMSIS/Include -O0 -ffunction-sections -fdata-sections -Wall -fstack-usage -MMD -MP -MF"Drivers/STM32L4xx_HAL_Driver/Src/stm32l4xx_hal_tim_ex.d" -MT"Drivers/STM32L4xx_HAL_Driver/Src/stm32l4xx_hal_tim_ex.o" --specs=nano.specs -mfpu=fpv4-sp-d16 -mfloat-abi=hard -mthumb -o "Drivers/STM32L4xx_HAL_Driver/Src/stm32l4xx_hal_tim_ex.o"
arm-none-eabi-gcc -mcpu=cortex-m4 -g3 -DDEBUG -c -x assembler-with-cpp -MMD -MP -MF"Core/Startup/startup_stm32l496zgtx.d" -MT"Core/Startup/startup_stm32l496zgtx.o" --specs=nano.specs -mfpu=fpv4-sp-d16 -mfloat-abi=hard -mthumb -o "Core/Startup/startup_stm32l496zgtx.o" "../Core/Startup/startup_stm32l496zgtx.s"
arm-none-eabi-gcc "../Core/Src/kamami_l496_7seg.c" -mcpu=cortex-m4 -std=gnu11 -g3 -DDEBUG -DUSE_HAL_DRIVER -DSTM32L496xx -c -I../Core/Inc -I../Drivers/STM32L4xx_HAL_Driver/Inc -I../Drivers/STM32L4xx_HAL_Driver/Inc/Legacy -I../Drivers/CMSIS/Device/ST/STM32L4xx/Include -I../Drivers/CMSIS/Include -O0 -ffunction-sections -fdata-sections -Wall -fstack-usage -MMD -MP -MF"Core/Src/kamami_l496_7seg.d" -MT"Core/Src/kamami_l496_7seg.o" --specs=nano.specs -mfpu=fpv4-sp-d16 -mfloat-abi=hard -mthumb -o "Core/Src/kamami_l496_7seg.o"
arm-none-eabi-gcc "../Core/Src/main.c" -mcpu=cortex-m4 -std=gnu11 -g3 -DDEBUG -DUSE_HAL_DRIVER -DSTM32L496xx -c -I../Core/Inc -I../Drivers/STM32L4xx_HAL_Driver/Inc -I../Drivers/STM32L4xx_HAL_Driver/Inc/Legacy -I../Drivers/CMSIS/Device/ST/STM32L4xx/Include -I../Drivers/CMSIS/Include -O0 -ffunction-sections -fdata-sections -Wall -fstack-usage -MMD -MP -MF"Core/Src/main.d" -MT"Core/Src/main.o" --specs=nano.specs -mfpu=fpv4-sp-d16 -mfloat-abi=hard -mthumb -o "Core/Src/main.o"
arm-none-eabi-gcc "../Core/Src/stm32l4xx_hal_msp.c" -mcpu=cortex-m4 -std=gnu11 -g3 -DDEBUG -DUSE_HAL_DRIVER -DSTM32L496xx -c -I../Core/Inc -I../Drivers/STM32L4xx_HAL_Driver/Inc -I../Drivers/STM32L4xx_HAL_Driver/Inc/Legacy -I../Drivers/CMSIS/Device/ST/STM32L4xx/Include -I../Drivers/CMSIS/Include -O0 -ffunction-sections -fdata-sections -Wall -fstack-usage -MMD -MP -MF"Core/Src/stm32l4xx_hal_msp.d" -MT"Core/Src/stm32l4xx_hal_msp.o" --specs=nano.specs -mfpu=fpv4-sp-d16 -mfloat-abi=hard -mthumb -o "Core/Src/stm32l4xx_hal_msp.o"
arm-none-eabi-gcc "../Core/Src/stm32l4xx_it.c" -mcpu=cortex-m4 -std=gnu11 -g3 -DDEBUG -DUSE_HAL_DRIVER -DSTM32L496xx -c -I../Core/Inc -I../Drivers/STM32L4xx_HAL_Driver/Inc -I../Drivers/STM32L4xx_HAL_Driver/Inc/Legacy -I../Drivers/CMSIS/Device/ST/STM32L4xx/Include -I../Drivers/CMSIS/Include -O0 -ffunction-sections -fdata-sections -Wall -fstack-usage -MMD -MP -MF"Core/Src/stm32l4xx_it.d" -MT"Core/Src/stm32l4xx_it.o" --specs=nano.specs -mfpu=fpv4-sp-d16 -mfloat-abi=hard -mthumb -o "Core/Src/stm32l4xx_it.o"
arm-none-eabi-gcc "../Core/Src/system_stm32l4xx.c" -mcpu=cortex-m4 -std=gnu11 -g3 -DDEBUG -DUSE_HAL_DRIVER -DSTM32L496xx -c -I../Core/Inc -I../Drivers/STM32L4xx_HAL_Driver/Inc -I../Drivers/STM32L4xx_HAL_Driver/Inc/Legacy -I../Drivers/CMSIS/Device/ST/STM32L4xx/Include -I../Drivers/CMSIS/Include -O0 -ffunction-sections -fdata-sections -Wall -fstack-usage -MMD -MP -MF"Core/Src/system_stm32l4xx.d" -MT"Core/Src/system_stm32l4xx.o" --specs=nano.specs -mfpu=fpv4-sp-d16 -mfloat-abi=hard -mthumb -o "Core/Src/system_stm32l4xx.o"
../Core/Src/main.c: In function 'main':
../Core/Src/main.c:107:18: error: 'x' undeclared (first use in this function)
  107 |  dis7seg_display(x);
      |                  ^
../Core/Src/main.c:107:18: note: each undeclared identifier is reported only once for each function it appears in
../Core/Src/main.c:106:18: warning: unused variable 'ss' [-Wunused-variable]
  106 |  static uint32_t ss=0;
      |                  ^~
../Core/Src/main.c:105:18: warning: unused variable 'mm' [-Wunused-variable]
  105 |  static uint32_t mm=0;
      |                  ^~
../Core/Src/main.c:104:18: warning: unused variable 'hh' [-Wunused-variable]
  104 |  static uint32_t hh=0;
      |                  ^~
At top level:
../Core/Src/main.c:104:18: warning: 'hh' defined but not used [-Wunused-variable]
../Core/Src/main.c:105:18: warning: 'mm' defined but not used [-Wunused-variable]
  105 |  static uint32_t mm=0;
      |                  ^~
../Core/Src/main.c:106:18: warning: 'ss' defined but not used [-Wunused-variable]
  106 |  static uint32_t ss=0;
      |                  ^~
make: *** [Core/Src/subdir.mk:31: Core/Src/main.o] Error 1
make: *** Waiting for unfinished jobs....
"make -j12 all" terminated with exit code 2. Build might be incomplete.
16:30:11 **** Incremental Build of configuration Debug for project Zegar ****
make -j12 all 
arm-none-eabi-gcc "../Core/Src/main.c" -mcpu=cortex-m4 -std=gnu11 -g3 -DDEBUG -DUSE_HAL_DRIVER -DSTM32L496xx -c -I../Core/Inc -I../Drivers/STM32L4xx_HAL_Driver/Inc -I../Drivers/STM32L4xx_HAL_Driver/Inc/Legacy -I../Drivers/CMSIS/Device/ST/STM32L4xx/Include -I../Drivers/CMSIS/Include -O0 -ffunction-sections -fdata-sections -Wall -fstack-usage -MMD -MP -MF"Core/Src/main.d" -MT"Core/Src/main.o" --specs=nano.specs -mfpu=fpv4-sp-d16 -mfloat-abi=hard -mthumb -o "Core/Src/main.o"
../Core/Src/main.c: In function 'main':
../Core/Src/main.c:107:18: error: 'x' undeclared (first use in this function)
  107 |  dis7seg_display(x);
      |                  ^
../Core/Src/main.c:107:18: note: each undeclared identifier is reported only once for each function it appears in
../Core/Src/main.c:106:18: warning: unused variable 'ss' [-Wunused-variable]
  106 |  static uint32_t ss=0;
      |                  ^~
../Core/Src/main.c:105:18: warning: unused variable 'mm' [-Wunused-variable]
  105 |  static uint32_t mm=0;
      |                  ^~
../Core/Src/main.c:104:18: warning: unused variable 'hh' [-Wunused-variable]
  104 |  static uint32_t hh=0;
      |                  ^~
At top level:
../Core/Src/main.c:104:18: warning: 'hh' defined but not used [-Wunused-variable]
../Core/Src/main.c:105:18: warning: 'mm' defined but not used [-Wunused-variable]
  105 |  static uint32_t mm=0;
      |                  ^~
../Core/Src/main.c:106:18: warning: 'ss' defined but not used [-Wunused-variable]
  106 |  static uint32_t ss=0;
      |                  ^~
make: *** [Core/Src/subdir.mk:31: Core/Src/main.o] Error 1
"make -j12 all" terminated with exit code 2. Build might be incomplete.
16:40:27 **** Incremental Build of configuration Debug for project Zegar ****
make -j12 all 
arm-none-eabi-gcc "../Core/Src/kamami_l496_7seg.c" -mcpu=cortex-m4 -std=gnu11 -g3 -DDEBUG -DUSE_HAL_DRIVER -DSTM32L496xx -c -I../Core/Inc -I../Drivers/STM32L4xx_HAL_Driver/Inc -I../Drivers/STM32L4xx_HAL_Driver/Inc/Legacy -I../Drivers/CMSIS/Device/ST/STM32L4xx/Include -I../Drivers/CMSIS/Include -O0 -ffunction-sections -fdata-sections -Wall -fstack-usage -MMD -MP -MF"Core/Src/kamami_l496_7seg.d" -MT"Core/Src/kamami_l496_7seg.o" --specs=nano.specs -mfpu=fpv4-sp-d16 -mfloat-abi=hard -mthumb -o "Core/Src/kamami_l496_7seg.o"
arm-none-eabi-gcc "../Core/Src/main.c" -mcpu=cortex-m4 -std=gnu11 -g3 -DDEBUG -DUSE_HAL_DRIVER -DSTM32L496xx -c -I../Core/Inc -I../Drivers/STM32L4xx_HAL_Driver/Inc -I../Drivers/STM32L4xx_HAL_Driver/Inc/Legacy -I../Drivers/CMSIS/Device/ST/STM32L4xx/Include -I../Drivers/CMSIS/Include -O0 -ffunction-sections -fdata-sections -Wall -fstack-usage -MMD -MP -MF"Core/Src/main.d" -MT"Core/Src/main.o" --specs=nano.specs -mfpu=fpv4-sp-d16 -mfloat-abi=hard -mthumb -o "Core/Src/main.o"
../Core/Src/kamami_l496_7seg.c: In function 'dis7seg_displayHHMM':
../Core/Src/kamami_l496_7seg.c:109:5: error: 'value' undeclared (first use in this function)
  109 |  if(value > 9999)
      |     ^~~~~
../Core/Src/kamami_l496_7seg.c:109:5: note: each undeclared identifier is reported only once for each function it appears in
make: *** [Core/Src/subdir.mk:31: Core/Src/kamami_l496_7seg.o] Error 1
make: *** Waiting for unfinished jobs....
../Core/Src/main.c: In function 'main':
../Core/Src/main.c:107:2: warning: implicit declaration of function 'dis7seg_displayHHMM'; did you mean 'dis7seg_display'? [-Wimplicit-function-declaration]
  107 |  dis7seg_displayHHMM(hh, mm);
      |  ^~~~~~~~~~~~~~~~~~~
      |  dis7seg_display
../Core/Src/main.c:106:18: warning: unused variable 'ss' [-Wunused-variable]
  106 |  static uint16_t ss=0;
      |                  ^~
At top level:
../Core/Src/main.c:106:18: warning: 'ss' defined but not used [-Wunused-variable]
"make -j12 all" terminated with exit code 2. Build might be incomplete.
16:40:38 **** Incremental Build of configuration Debug for project Zegar ****
make -j12 all 
arm-none-eabi-gcc "../Core/Src/kamami_l496_7seg.c" -mcpu=cortex-m4 -std=gnu11 -g3 -DDEBUG -DUSE_HAL_DRIVER -DSTM32L496xx -c -I../Core/Inc -I../Drivers/STM32L4xx_HAL_Driver/Inc -I../Drivers/STM32L4xx_HAL_Driver/Inc/Legacy -I../Drivers/CMSIS/Device/ST/STM32L4xx/Include -I../Drivers/CMSIS/Include -O0 -ffunction-sections -fdata-sections -Wall -fstack-usage -MMD -MP -MF"Core/Src/kamami_l496_7seg.d" -MT"Core/Src/kamami_l496_7seg.o" --specs=nano.specs -mfpu=fpv4-sp-d16 -mfloat-abi=hard -mthumb -o "Core/Src/kamami_l496_7seg.o"
../Core/Src/kamami_l496_7seg.c: In function 'dis7seg_displayHHMM':
../Core/Src/kamami_l496_7seg.c:109:5: error: 'value' undeclared (first use in this function)
  109 |  if(value > 9999)
      |     ^~~~~
../Core/Src/kamami_l496_7seg.c:109:5: note: each undeclared identifier is reported only once for each function it appears in
make: *** [Core/Src/subdir.mk:31: Core/Src/kamami_l496_7seg.o] Error 1
"make -j12 all" terminated with exit code 2. Build might be incomplete.
16:40:55 **** Incremental Build of configuration Debug for project Zegar ****
make -j12 all 
arm-none-eabi-gcc "../Core/Src/kamami_l496_7seg.c" -mcpu=cortex-m4 -std=gnu11 -g3 -DDEBUG -DUSE_HAL_DRIVER -DSTM32L496xx -c -I../Core/Inc -I../Drivers/STM32L4xx_HAL_Driver/Inc -I../Drivers/STM32L4xx_HAL_Driver/Inc/Legacy -I../Drivers/CMSIS/Device/ST/STM32L4xx/Include -I../Drivers/CMSIS/Include -O0 -ffunction-sections -fdata-sections -Wall -fstack-usage -MMD -MP -MF"Core/Src/kamami_l496_7seg.d" -MT"Core/Src/kamami_l496_7seg.o" --specs=nano.specs -mfpu=fpv4-sp-d16 -mfloat-abi=hard -mthumb -o "Core/Src/kamami_l496_7seg.o"
arm-none-eabi-gcc -o "Zegar.elf" @"objects.list"   -mcpu=cortex-m4 -T"C:\Users\adaml\Documents\STMRepo\Zegar\STM32L496ZGTX_FLASH.ld" --specs=nosys.specs -Wl,-Map="Zegar.map" -Wl,--gc-sections -static --specs=nano.specs -mfpu=fpv4-sp-d16 -mfloat-abi=hard -mthumb -Wl,--start-group -lc -lm -Wl,--end-group
Finished building target: Zegar.elf
 
arm-none-eabi-size   Zegar.elf 
arm-none-eabi-objdump -h -S  Zegar.elf  > "Zegar.list"
   text	   data	    bss	    dec	    hex	filename
   8348	     16	   1640	  10004	   2714	Zegar.elf
Finished building: default.size.stdout
 
Finished building: Zegar.list
 
16:41:44 **** Incremental Build of configuration Debug for project Zegar ****
make -j12 all 
arm-none-eabi-size   Zegar.elf 
   text	   data	    bss	    dec	    hex	filename
   8348	     16	   1640	  10004	   2714	Zegar.elf
Finished building: default.size.stdout
 
16:42:01 **** Incremental Build of configuration Debug for project RGBLed ****
make -j12 all 
arm-none-eabi-gcc "../Drivers/STM32L4xx_HAL_Driver/Src/stm32l4xx_hal.c" -mcpu=cortex-m4 -std=gnu11 -g3 -DDEBUG -DUSE_HAL_DRIVER -DSTM32L496xx -c -I../Core/Inc -I../Drivers/STM32L4xx_HAL_Driver/Inc -I../Drivers/STM32L4xx_HAL_Driver/Inc/Legacy -I../Drivers/CMSIS/Device/ST/STM32L4xx/Include -I../Drivers/CMSIS/Include -O0 -ffunction-sections -fdata-sections -Wall -fstack-usage -MMD -MP -MF"Drivers/STM32L4xx_HAL_Driver/Src/stm32l4xx_hal.d" -MT"Drivers/STM32L4xx_HAL_Driver/Src/stm32l4xx_hal.o" --specs=nano.specs -mfpu=fpv4-sp-d16 -mfloat-abi=hard -mthumb -o "Drivers/STM32L4xx_HAL_Driver/Src/stm32l4xx_hal.o"
arm-none-eabi-gcc "../Drivers/STM32L4xx_HAL_Driver/Src/stm32l4xx_hal_cortex.c" -mcpu=cortex-m4 -std=gnu11 -g3 -DDEBUG -DUSE_HAL_DRIVER -DSTM32L496xx -c -I../Core/Inc -I../Drivers/STM32L4xx_HAL_Driver/Inc -I../Drivers/STM32L4xx_HAL_Driver/Inc/Legacy -I../Drivers/CMSIS/Device/ST/STM32L4xx/Include -I../Drivers/CMSIS/Include -O0 -ffunction-sections -fdata-sections -Wall -fstack-usage -MMD -MP -MF"Drivers/STM32L4xx_HAL_Driver/Src/stm32l4xx_hal_cortex.d" -MT"Drivers/STM32L4xx_HAL_Driver/Src/stm32l4xx_hal_cortex.o" --specs=nano.specs -mfpu=fpv4-sp-d16 -mfloat-abi=hard -mthumb -o "Drivers/STM32L4xx_HAL_Driver/Src/stm32l4xx_hal_cortex.o"
arm-none-eabi-gcc "../Drivers/STM32L4xx_HAL_Driver/Src/stm32l4xx_hal_dma.c" -mcpu=cortex-m4 -std=gnu11 -g3 -DDEBUG -DUSE_HAL_DRIVER -DSTM32L496xx -c -I../Core/Inc -I../Drivers/STM32L4xx_HAL_Driver/Inc -I../Drivers/STM32L4xx_HAL_Driver/Inc/Legacy -I../Drivers/CMSIS/Device/ST/STM32L4xx/Include -I../Drivers/CMSIS/Include -O0 -ffunction-sections -fdata-sections -Wall -fstack-usage -MMD -MP -MF"Drivers/STM32L4xx_HAL_Driver/Src/stm32l4xx_hal_dma.d" -MT"Drivers/STM32L4xx_HAL_Driver/Src/stm32l4xx_hal_dma.o" --specs=nano.specs -mfpu=fpv4-sp-d16 -mfloat-abi=hard -mthumb -o "Drivers/STM32L4xx_HAL_Driver/Src/stm32l4xx_hal_dma.o"
arm-none-eabi-gcc "../Drivers/STM32L4xx_HAL_Driver/Src/stm32l4xx_hal_dma_ex.c" -mcpu=cortex-m4 -std=gnu11 -g3 -DDEBUG -DUSE_HAL_DRIVER -DSTM32L496xx -c -I../Core/Inc -I../Drivers/STM32L4xx_HAL_Driver/Inc -I../Drivers/STM32L4xx_HAL_Driver/Inc/Legacy -I../Drivers/CMSIS/Device/ST/STM32L4xx/Include -I../Drivers/CMSIS/Include -O0 -ffunction-sections -fdata-sections -Wall -fstack-usage -MMD -MP -MF"Drivers/STM32L4xx_HAL_Driver/Src/stm32l4xx_hal_dma_ex.d" -MT"Drivers/STM32L4xx_HAL_Driver/Src/stm32l4xx_hal_dma_ex.o" --specs=nano.specs -mfpu=fpv4-sp-d16 -mfloat-abi=hard -mthumb -o "Drivers/STM32L4xx_HAL_Driver/Src/stm32l4xx_hal_dma_ex.o"
arm-none-eabi-gcc "../Drivers/STM32L4xx_HAL_Driver/Src/stm32l4xx_hal_exti.c" -mcpu=cortex-m4 -std=gnu11 -g3 -DDEBUG -DUSE_HAL_DRIVER -DSTM32L496xx -c -I../Core/Inc -I../Drivers/STM32L4xx_HAL_Driver/Inc -I../Drivers/STM32L4xx_HAL_Driver/Inc/Legacy -I../Drivers/CMSIS/Device/ST/STM32L4xx/Include -I../Drivers/CMSIS/Include -O0 -ffunction-sections -fdata-sections -Wall -fstack-usage -MMD -MP -MF"Drivers/STM32L4xx_HAL_Driver/Src/stm32l4xx_hal_exti.d" -MT"Drivers/STM32L4xx_HAL_Driver/Src/stm32l4xx_hal_exti.o" --specs=nano.specs -mfpu=fpv4-sp-d16 -mfloat-abi=hard -mthumb -o "Drivers/STM32L4xx_HAL_Driver/Src/stm32l4xx_hal_exti.o"
arm-none-eabi-gcc "../Drivers/STM32L4xx_HAL_Driver/Src/stm32l4xx_hal_flash.c" -mcpu=cortex-m4 -std=gnu11 -g3 -DDEBUG -DUSE_HAL_DRIVER -DSTM32L496xx -c -I../Core/Inc -I../Drivers/STM32L4xx_HAL_Driver/Inc -I../Drivers/STM32L4xx_HAL_Driver/Inc/Legacy -I../Drivers/CMSIS/Device/ST/STM32L4xx/Include -I../Drivers/CMSIS/Include -O0 -ffunction-sections -fdata-sections -Wall -fstack-usage -MMD -MP -MF"Drivers/STM32L4xx_HAL_Driver/Src/stm32l4xx_hal_flash.d" -MT"Drivers/STM32L4xx_HAL_Driver/Src/stm32l4xx_hal_flash.o" --specs=nano.specs -mfpu=fpv4-sp-d16 -mfloat-abi=hard -mthumb -o "Drivers/STM32L4xx_HAL_Driver/Src/stm32l4xx_hal_flash.o"
arm-none-eabi-gcc "../Drivers/STM32L4xx_HAL_Driver/Src/stm32l4xx_hal_flash_ex.c" -mcpu=cortex-m4 -std=gnu11 -g3 -DDEBUG -DUSE_HAL_DRIVER -DSTM32L496xx -c -I../Core/Inc -I../Drivers/STM32L4xx_HAL_Driver/Inc -I../Drivers/STM32L4xx_HAL_Driver/Inc/Legacy -I../Drivers/CMSIS/Device/ST/STM32L4xx/Include -I../Drivers/CMSIS/Include -O0 -ffunction-sections -fdata-sections -Wall -fstack-usage -MMD -MP -MF"Drivers/STM32L4xx_HAL_Driver/Src/stm32l4xx_hal_flash_ex.d" -MT"Drivers/STM32L4xx_HAL_Driver/Src/stm32l4xx_hal_flash_ex.o" --specs=nano.specs -mfpu=fpv4-sp-d16 -mfloat-abi=hard -mthumb -o "Drivers/STM32L4xx_HAL_Driver/Src/stm32l4xx_hal_flash_ex.o"
arm-none-eabi-gcc "../Drivers/STM32L4xx_HAL_Driver/Src/stm32l4xx_hal_flash_ramfunc.c" -mcpu=cortex-m4 -std=gnu11 -g3 -DDEBUG -DUSE_HAL_DRIVER -DSTM32L496xx -c -I../Core/Inc -I../Drivers/STM32L4xx_HAL_Driver/Inc -I../Drivers/STM32L4xx_HAL_Driver/Inc/Legacy -I../Drivers/CMSIS/Device/ST/STM32L4xx/Include -I../Drivers/CMSIS/Include -O0 -ffunction-sections -fdata-sections -Wall -fstack-usage -MMD -MP -MF"Drivers/STM32L4xx_HAL_Driver/Src/stm32l4xx_hal_flash_ramfunc.d" -MT"Drivers/STM32L4xx_HAL_Driver/Src/stm32l4xx_hal_flash_ramfunc.o" --specs=nano.specs -mfpu=fpv4-sp-d16 -mfloat-abi=hard -mthumb -o "Drivers/STM32L4xx_HAL_Driver/Src/stm32l4xx_hal_flash_ramfunc.o"
arm-none-eabi-gcc "../Drivers/STM32L4xx_HAL_Driver/Src/stm32l4xx_hal_gpio.c" -mcpu=cortex-m4 -std=gnu11 -g3 -DDEBUG -DUSE_HAL_DRIVER -DSTM32L496xx -c -I../Core/Inc -I../Drivers/STM32L4xx_HAL_Driver/Inc -I../Drivers/STM32L4xx_HAL_Driver/Inc/Legacy -I../Drivers/CMSIS/Device/ST/STM32L4xx/Include -I../Drivers/CMSIS/Include -O0 -ffunction-sections -fdata-sections -Wall -fstack-usage -MMD -MP -MF"Drivers/STM32L4xx_HAL_Driver/Src/stm32l4xx_hal_gpio.d" -MT"Drivers/STM32L4xx_HAL_Driver/Src/stm32l4xx_hal_gpio.o" --specs=nano.specs -mfpu=fpv4-sp-d16 -mfloat-abi=hard -mthumb -o "Drivers/STM32L4xx_HAL_Driver/Src/stm32l4xx_hal_gpio.o"
arm-none-eabi-gcc "../Drivers/STM32L4xx_HAL_Driver/Src/stm32l4xx_hal_i2c.c" -mcpu=cortex-m4 -std=gnu11 -g3 -DDEBUG -DUSE_HAL_DRIVER -DSTM32L496xx -c -I../Core/Inc -I../Drivers/STM32L4xx_HAL_Driver/Inc -I../Drivers/STM32L4xx_HAL_Driver/Inc/Legacy -I../Drivers/CMSIS/Device/ST/STM32L4xx/Include -I../Drivers/CMSIS/Include -O0 -ffunction-sections -fdata-sections -Wall -fstack-usage -MMD -MP -MF"Drivers/STM32L4xx_HAL_Driver/Src/stm32l4xx_hal_i2c.d" -MT"Drivers/STM32L4xx_HAL_Driver/Src/stm32l4xx_hal_i2c.o" --specs=nano.specs -mfpu=fpv4-sp-d16 -mfloat-abi=hard -mthumb -o "Drivers/STM32L4xx_HAL_Driver/Src/stm32l4xx_hal_i2c.o"
arm-none-eabi-gcc "../Drivers/STM32L4xx_HAL_Driver/Src/stm32l4xx_hal_i2c_ex.c" -mcpu=cortex-m4 -std=gnu11 -g3 -DDEBUG -DUSE_HAL_DRIVER -DSTM32L496xx -c -I../Core/Inc -I../Drivers/STM32L4xx_HAL_Driver/Inc -I../Drivers/STM32L4xx_HAL_Driver/Inc/Legacy -I../Drivers/CMSIS/Device/ST/STM32L4xx/Include -I../Drivers/CMSIS/Include -O0 -ffunction-sections -fdata-sections -Wall -fstack-usage -MMD -MP -MF"Drivers/STM32L4xx_HAL_Driver/Src/stm32l4xx_hal_i2c_ex.d" -MT"Drivers/STM32L4xx_HAL_Driver/Src/stm32l4xx_hal_i2c_ex.o" --specs=nano.specs -mfpu=fpv4-sp-d16 -mfloat-abi=hard -mthumb -o "Drivers/STM32L4xx_HAL_Driver/Src/stm32l4xx_hal_i2c_ex.o"
arm-none-eabi-gcc "../Drivers/STM32L4xx_HAL_Driver/Src/stm32l4xx_hal_pwr.c" -mcpu=cortex-m4 -std=gnu11 -g3 -DDEBUG -DUSE_HAL_DRIVER -DSTM32L496xx -c -I../Core/Inc -I../Drivers/STM32L4xx_HAL_Driver/Inc -I../Drivers/STM32L4xx_HAL_Driver/Inc/Legacy -I../Drivers/CMSIS/Device/ST/STM32L4xx/Include -I../Drivers/CMSIS/Include -O0 -ffunction-sections -fdata-sections -Wall -fstack-usage -MMD -MP -MF"Drivers/STM32L4xx_HAL_Driver/Src/stm32l4xx_hal_pwr.d" -MT"Drivers/STM32L4xx_HAL_Driver/Src/stm32l4xx_hal_pwr.o" --specs=nano.specs -mfpu=fpv4-sp-d16 -mfloat-abi=hard -mthumb -o "Drivers/STM32L4xx_HAL_Driver/Src/stm32l4xx_hal_pwr.o"
arm-none-eabi-gcc "../Drivers/STM32L4xx_HAL_Driver/Src/stm32l4xx_hal_pwr_ex.c" -mcpu=cortex-m4 -std=gnu11 -g3 -DDEBUG -DUSE_HAL_DRIVER -DSTM32L496xx -c -I../Core/Inc -I../Drivers/STM32L4xx_HAL_Driver/Inc -I../Drivers/STM32L4xx_HAL_Driver/Inc/Legacy -I../Drivers/CMSIS/Device/ST/STM32L4xx/Include -I../Drivers/CMSIS/Include -O0 -ffunction-sections -fdata-sections -Wall -fstack-usage -MMD -MP -MF"Drivers/STM32L4xx_HAL_Driver/Src/stm32l4xx_hal_pwr_ex.d" -MT"Drivers/STM32L4xx_HAL_Driver/Src/stm32l4xx_hal_pwr_ex.o" --specs=nano.specs -mfpu=fpv4-sp-d16 -mfloat-abi=hard -mthumb -o "Drivers/STM32L4xx_HAL_Driver/Src/stm32l4xx_hal_pwr_ex.o"
arm-none-eabi-gcc "../Drivers/STM32L4xx_HAL_Driver/Src/stm32l4xx_hal_rcc.c" -mcpu=cortex-m4 -std=gnu11 -g3 -DDEBUG -DUSE_HAL_DRIVER -DSTM32L496xx -c -I../Core/Inc -I../Drivers/STM32L4xx_HAL_Driver/Inc -I../Drivers/STM32L4xx_HAL_Driver/Inc/Legacy -I../Drivers/CMSIS/Device/ST/STM32L4xx/Include -I../Drivers/CMSIS/Include -O0 -ffunction-sections -fdata-sections -Wall -fstack-usage -MMD -MP -MF"Drivers/STM32L4xx_HAL_Driver/Src/stm32l4xx_hal_rcc.d" -MT"Drivers/STM32L4xx_HAL_Driver/Src/stm32l4xx_hal_rcc.o" --specs=nano.specs -mfpu=fpv4-sp-d16 -mfloat-abi=hard -mthumb -o "Drivers/STM32L4xx_HAL_Driver/Src/stm32l4xx_hal_rcc.o"
arm-none-eabi-gcc "../Drivers/STM32L4xx_HAL_Driver/Src/stm32l4xx_hal_rcc_ex.c" -mcpu=cortex-m4 -std=gnu11 -g3 -DDEBUG -DUSE_HAL_DRIVER -DSTM32L496xx -c -I../Core/Inc -I../Drivers/STM32L4xx_HAL_Driver/Inc -I../Drivers/STM32L4xx_HAL_Driver/Inc/Legacy -I../Drivers/CMSIS/Device/ST/STM32L4xx/Include -I../Drivers/CMSIS/Include -O0 -ffunction-sections -fdata-sections -Wall -fstack-usage -MMD -MP -MF"Drivers/STM32L4xx_HAL_Driver/Src/stm32l4xx_hal_rcc_ex.d" -MT"Drivers/STM32L4xx_HAL_Driver/Src/stm32l4xx_hal_rcc_ex.o" --specs=nano.specs -mfpu=fpv4-sp-d16 -mfloat-abi=hard -mthumb -o "Drivers/STM32L4xx_HAL_Driver/Src/stm32l4xx_hal_rcc_ex.o"
arm-none-eabi-gcc "../Drivers/STM32L4xx_HAL_Driver/Src/stm32l4xx_hal_tim.c" -mcpu=cortex-m4 -std=gnu11 -g3 -DDEBUG -DUSE_HAL_DRIVER -DSTM32L496xx -c -I../Core/Inc -I../Drivers/STM32L4xx_HAL_Driver/Inc -I../Drivers/STM32L4xx_HAL_Driver/Inc/Legacy -I../Drivers/CMSIS/Device/ST/STM32L4xx/Include -I../Drivers/CMSIS/Include -O0 -ffunction-sections -fdata-sections -Wall -fstack-usage -MMD -MP -MF"Drivers/STM32L4xx_HAL_Driver/Src/stm32l4xx_hal_tim.d" -MT"Drivers/STM32L4xx_HAL_Driver/Src/stm32l4xx_hal_tim.o" --specs=nano.specs -mfpu=fpv4-sp-d16 -mfloat-abi=hard -mthumb -o "Drivers/STM32L4xx_HAL_Driver/Src/stm32l4xx_hal_tim.o"
arm-none-eabi-gcc "../Drivers/STM32L4xx_HAL_Driver/Src/stm32l4xx_hal_tim_ex.c" -mcpu=cortex-m4 -std=gnu11 -g3 -DDEBUG -DUSE_HAL_DRIVER -DSTM32L496xx -c -I../Core/Inc -I../Drivers/STM32L4xx_HAL_Driver/Inc -I../Drivers/STM32L4xx_HAL_Driver/Inc/Legacy -I../Drivers/CMSIS/Device/ST/STM32L4xx/Include -I../Drivers/CMSIS/Include -O0 -ffunction-sections -fdata-sections -Wall -fstack-usage -MMD -MP -MF"Drivers/STM32L4xx_HAL_Driver/Src/stm32l4xx_hal_tim_ex.d" -MT"Drivers/STM32L4xx_HAL_Driver/Src/stm32l4xx_hal_tim_ex.o" --specs=nano.specs -mfpu=fpv4-sp-d16 -mfloat-abi=hard -mthumb -o "Drivers/STM32L4xx_HAL_Driver/Src/stm32l4xx_hal_tim_ex.o"
arm-none-eabi-gcc -mcpu=cortex-m4 -g3 -DDEBUG -c -x assembler-with-cpp -MMD -MP -MF"Core/Startup/startup_stm32l496zgtx.d" -MT"Core/Startup/startup_stm32l496zgtx.o" --specs=nano.specs -mfpu=fpv4-sp-d16 -mfloat-abi=hard -mthumb -o "Core/Startup/startup_stm32l496zgtx.o" "../Core/Startup/startup_stm32l496zgtx.s"
arm-none-eabi-gcc "../Core/Src/kamami_l496_joy.c" -mcpu=cortex-m4 -std=gnu11 -g3 -DDEBUG -DUSE_HAL_DRIVER -DSTM32L496xx -c -I../Core/Inc -I../Drivers/STM32L4xx_HAL_Driver/Inc -I../Drivers/STM32L4xx_HAL_Driver/Inc/Legacy -I../Drivers/CMSIS/Device/ST/STM32L4xx/Include -I../Drivers/CMSIS/Include -O0 -ffunction-sections -fdata-sections -Wall -fstack-usage -MMD -MP -MF"Core/Src/kamami_l496_joy.d" -MT"Core/Src/kamami_l496_joy.o" --specs=nano.specs -mfpu=fpv4-sp-d16 -mfloat-abi=hard -mthumb -o "Core/Src/kamami_l496_joy.o"
arm-none-eabi-gcc "../Core/Src/kamami_l496_led_rgb.c" -mcpu=cortex-m4 -std=gnu11 -g3 -DDEBUG -DUSE_HAL_DRIVER -DSTM32L496xx -c -I../Core/Inc -I../Drivers/STM32L4xx_HAL_Driver/Inc -I../Drivers/STM32L4xx_HAL_Driver/Inc/Legacy -I../Drivers/CMSIS/Device/ST/STM32L4xx/Include -I../Drivers/CMSIS/Include -O0 -ffunction-sections -fdata-sections -Wall -fstack-usage -MMD -MP -MF"Core/Src/kamami_l496_led_rgb.d" -MT"Core/Src/kamami_l496_led_rgb.o" --specs=nano.specs -mfpu=fpv4-sp-d16 -mfloat-abi=hard -mthumb -o "Core/Src/kamami_l496_led_rgb.o"
arm-none-eabi-gcc "../Core/Src/main.c" -mcpu=cortex-m4 -std=gnu11 -g3 -DDEBUG -DUSE_HAL_DRIVER -DSTM32L496xx -c -I../Core/Inc -I../Drivers/STM32L4xx_HAL_Driver/Inc -I../Drivers/STM32L4xx_HAL_Driver/Inc/Legacy -I../Drivers/CMSIS/Device/ST/STM32L4xx/Include -I../Drivers/CMSIS/Include -O0 -ffunction-sections -fdata-sections -Wall -fstack-usage -MMD -MP -MF"Core/Src/main.d" -MT"Core/Src/main.o" --specs=nano.specs -mfpu=fpv4-sp-d16 -mfloat-abi=hard -mthumb -o "Core/Src/main.o"
arm-none-eabi-gcc "../Core/Src/stm32l4xx_hal_msp.c" -mcpu=cortex-m4 -std=gnu11 -g3 -DDEBUG -DUSE_HAL_DRIVER -DSTM32L496xx -c -I../Core/Inc -I../Drivers/STM32L4xx_HAL_Driver/Inc -I../Drivers/STM32L4xx_HAL_Driver/Inc/Legacy -I../Drivers/CMSIS/Device/ST/STM32L4xx/Include -I../Drivers/CMSIS/Include -O0 -ffunction-sections -fdata-sections -Wall -fstack-usage -MMD -MP -MF"Core/Src/stm32l4xx_hal_msp.d" -MT"Core/Src/stm32l4xx_hal_msp.o" --specs=nano.specs -mfpu=fpv4-sp-d16 -mfloat-abi=hard -mthumb -o "Core/Src/stm32l4xx_hal_msp.o"
arm-none-eabi-gcc "../Core/Src/stm32l4xx_it.c" -mcpu=cortex-m4 -std=gnu11 -g3 -DDEBUG -DUSE_HAL_DRIVER -DSTM32L496xx -c -I../Core/Inc -I../Drivers/STM32L4xx_HAL_Driver/Inc -I../Drivers/STM32L4xx_HAL_Driver/Inc/Legacy -I../Drivers/CMSIS/Device/ST/STM32L4xx/Include -I../Drivers/CMSIS/Include -O0 -ffunction-sections -fdata-sections -Wall -fstack-usage -MMD -MP -MF"Core/Src/stm32l4xx_it.d" -MT"Core/Src/stm32l4xx_it.o" --specs=nano.specs -mfpu=fpv4-sp-d16 -mfloat-abi=hard -mthumb -o "Core/Src/stm32l4xx_it.o"
arm-none-eabi-gcc "../Core/Src/syscalls.c" -mcpu=cortex-m4 -std=gnu11 -g3 -DDEBUG -DUSE_HAL_DRIVER -DSTM32L496xx -c -I../Core/Inc -I../Drivers/STM32L4xx_HAL_Driver/Inc -I../Drivers/STM32L4xx_HAL_Driver/Inc/Legacy -I../Drivers/CMSIS/Device/ST/STM32L4xx/Include -I../Drivers/CMSIS/Include -O0 -ffunction-sections -fdata-sections -Wall -fstack-usage -MMD -MP -MF"Core/Src/syscalls.d" -MT"Core/Src/syscalls.o" --specs=nano.specs -mfpu=fpv4-sp-d16 -mfloat-abi=hard -mthumb -o "Core/Src/syscalls.o"
../Core/Src/main.c: In function 'SystemClock_Config':
../Core/Src/main.c:141:5: warning: implicit declaration of function '_Error_Handler'; did you mean 'Error_Handler'? [-Wimplicit-function-declaration]
  141 |     _Error_Handler(__FILE__, __LINE__);
      |     ^~~~~~~~~~~~~~
      |     Error_Handler
../Core/Src/main.c: At top level:
../Core/Src/main.c:186:6: warning: conflicting types for '_Error_Handler'
  186 | void _Error_Handler(char * file, int line)
      |      ^~~~~~~~~~~~~~
../Core/Src/main.c:141:5: note: previous implicit declaration of '_Error_Handler' was here
  141 |     _Error_Handler(__FILE__, __LINE__);
      |     ^~~~~~~~~~~~~~
../Core/Src/main.c:60:13: warning: 'MX_GPIO_Init' declared 'static' but never defined [-Wunused-function]
   60 | static void MX_GPIO_Init(void);
      |             ^~~~~~~~~~~~
../Core/Src/kamami_l496_led_rgb.c: In function 'MX_TIM4_Init':
../Core/Src/kamami_l496_led_rgb.c:123:5: warning: implicit declaration of function '_Error_Handler' [-Wimplicit-function-declaration]
  123 |     _Error_Handler(__FILE__, __LINE__);
      |     ^~~~~~~~~~~~~~
arm-none-eabi-gcc "../Core/Src/sysmem.c" -mcpu=cortex-m4 -std=gnu11 -g3 -DDEBUG -DUSE_HAL_DRIVER -DSTM32L496xx -c -I../Core/Inc -I../Drivers/STM32L4xx_HAL_Driver/Inc -I../Drivers/STM32L4xx_HAL_Driver/Inc/Legacy -I../Drivers/CMSIS/Device/ST/STM32L4xx/Include -I../Drivers/CMSIS/Include -O0 -ffunction-sections -fdata-sections -Wall -fstack-usage -MMD -MP -MF"Core/Src/sysmem.d" -MT"Core/Src/sysmem.o" --specs=nano.specs -mfpu=fpv4-sp-d16 -mfloat-abi=hard -mthumb -o "Core/Src/sysmem.o"
arm-none-eabi-gcc "../Core/Src/system_stm32l4xx.c" -mcpu=cortex-m4 -std=gnu11 -g3 -DDEBUG -DUSE_HAL_DRIVER -DSTM32L496xx -c -I../Core/Inc -I../Drivers/STM32L4xx_HAL_Driver/Inc -I../Drivers/STM32L4xx_HAL_Driver/Inc/Legacy -I../Drivers/CMSIS/Device/ST/STM32L4xx/Include -I../Drivers/CMSIS/Include -O0 -ffunction-sections -fdata-sections -Wall -fstack-usage -MMD -MP -MF"Core/Src/system_stm32l4xx.d" -MT"Core/Src/system_stm32l4xx.o" --specs=nano.specs -mfpu=fpv4-sp-d16 -mfloat-abi=hard -mthumb -o "Core/Src/system_stm32l4xx.o"
arm-none-eabi-gcc -o "RGBLed.elf" @"objects.list"   -mcpu=cortex-m4 -T"C:\Users\adaml\Documents\STMRepo\RGBLed\STM32L496ZGTX_FLASH.ld" --specs=nosys.specs -Wl,-Map="RGBLed.map" -Wl,--gc-sections -static --specs=nano.specs -mfpu=fpv4-sp-d16 -mfloat-abi=hard -mthumb -Wl,--start-group -lc -lm -Wl,--end-group
Finished building target: RGBLed.elf
 
arm-none-eabi-size   RGBLed.elf 
arm-none-eabi-objdump -h -S  RGBLed.elf  > "RGBLed.list"
   text	   data	    bss	    dec	    hex	filename
  11752	     24	   1680	  13456	   3490	RGBLed.elf
Finished building: default.size.stdout
 
Finished building: RGBLed.list
 
16:43:51 **** Incremental Build of configuration Debug for project Zegar ****
make -j12 all 
arm-none-eabi-size   Zegar.elf 
   text	   data	    bss	    dec	    hex	filename
   8348	     16	   1640	  10004	   2714	Zegar.elf
Finished building: default.size.stdout
 
16:45:35 **** Incremental Build of configuration Debug for project Zegar ****
make -j12 all 
arm-none-eabi-gcc "../Core/Src/kamami_l496_7seg.c" -mcpu=cortex-m4 -std=gnu11 -g3 -DDEBUG -DUSE_HAL_DRIVER -DSTM32L496xx -c -I../Core/Inc -I../Drivers/STM32L4xx_HAL_Driver/Inc -I../Drivers/STM32L4xx_HAL_Driver/Inc/Legacy -I../Drivers/CMSIS/Device/ST/STM32L4xx/Include -I../Drivers/CMSIS/Include -O0 -ffunction-sections -fdata-sections -Wall -fstack-usage -MMD -MP -MF"Core/Src/kamami_l496_7seg.d" -MT"Core/Src/kamami_l496_7seg.o" --specs=nano.specs -mfpu=fpv4-sp-d16 -mfloat-abi=hard -mthumb -o "Core/Src/kamami_l496_7seg.o"
arm-none-eabi-gcc -o "Zegar.elf" @"objects.list"   -mcpu=cortex-m4 -T"C:\Users\adaml\Documents\STMRepo\Zegar\STM32L496ZGTX_FLASH.ld" --specs=nosys.specs -Wl,-Map="Zegar.map" -Wl,--gc-sections -static --specs=nano.specs -mfpu=fpv4-sp-d16 -mfloat-abi=hard -mthumb -Wl,--start-group -lc -lm -Wl,--end-group
Finished building target: Zegar.elf
 
arm-none-eabi-size   Zegar.elf 
arm-none-eabi-objdump -h -S  Zegar.elf  > "Zegar.list"
   text	   data	    bss	    dec	    hex	filename
   8372	     16	   1640	  10028	   272c	Zegar.elf
Finished building: default.size.stdout
 
Finished building: Zegar.list
 
16:45:52 **** Incremental Build of configuration Debug for project Zegar ****
make -j12 all 
arm-none-eabi-gcc "../Core/Src/kamami_l496_7seg.c" -mcpu=cortex-m4 -std=gnu11 -g3 -DDEBUG -DUSE_HAL_DRIVER -DSTM32L496xx -c -I../Core/Inc -I../Drivers/STM32L4xx_HAL_Driver/Inc -I../Drivers/STM32L4xx_HAL_Driver/Inc/Legacy -I../Drivers/CMSIS/Device/ST/STM32L4xx/Include -I../Drivers/CMSIS/Include -O0 -ffunction-sections -fdata-sections -Wall -fstack-usage -MMD -MP -MF"Core/Src/kamami_l496_7seg.d" -MT"Core/Src/kamami_l496_7seg.o" --specs=nano.specs -mfpu=fpv4-sp-d16 -mfloat-abi=hard -mthumb -o "Core/Src/kamami_l496_7seg.o"
arm-none-eabi-gcc -o "Zegar.elf" @"objects.list"   -mcpu=cortex-m4 -T"C:\Users\adaml\Documents\STMRepo\Zegar\STM32L496ZGTX_FLASH.ld" --specs=nosys.specs -Wl,-Map="Zegar.map" -Wl,--gc-sections -static --specs=nano.specs -mfpu=fpv4-sp-d16 -mfloat-abi=hard -mthumb -Wl,--start-group -lc -lm -Wl,--end-group
Finished building target: Zegar.elf
 
arm-none-eabi-size   Zegar.elf 
arm-none-eabi-objdump -h -S  Zegar.elf  > "Zegar.list"
   text	   data	    bss	    dec	    hex	filename
   8372	     16	   1640	  10028	   272c	Zegar.elf
Finished building: default.size.stdout
 
Finished building: Zegar.list
 
16:46:50 **** Incremental Build of configuration Debug for project Zegar ****
make -j12 all 
arm-none-eabi-gcc "../Core/Src/kamami_l496_7seg.c" -mcpu=cortex-m4 -std=gnu11 -g3 -DDEBUG -DUSE_HAL_DRIVER -DSTM32L496xx -c -I../Core/Inc -I../Drivers/STM32L4xx_HAL_Driver/Inc -I../Drivers/STM32L4xx_HAL_Driver/Inc/Legacy -I../Drivers/CMSIS/Device/ST/STM32L4xx/Include -I../Drivers/CMSIS/Include -O0 -ffunction-sections -fdata-sections -Wall -fstack-usage -MMD -MP -MF"Core/Src/kamami_l496_7seg.d" -MT"Core/Src/kamami_l496_7seg.o" --specs=nano.specs -mfpu=fpv4-sp-d16 -mfloat-abi=hard -mthumb -o "Core/Src/kamami_l496_7seg.o"
arm-none-eabi-gcc -o "Zegar.elf" @"objects.list"   -mcpu=cortex-m4 -T"C:\Users\adaml\Documents\STMRepo\Zegar\STM32L496ZGTX_FLASH.ld" --specs=nosys.specs -Wl,-Map="Zegar.map" -Wl,--gc-sections -static --specs=nano.specs -mfpu=fpv4-sp-d16 -mfloat-abi=hard -mthumb -Wl,--start-group -lc -lm -Wl,--end-group
Finished building target: Zegar.elf
 
arm-none-eabi-size   Zegar.elf 
arm-none-eabi-objdump -h -S  Zegar.elf  > "Zegar.list"
   text	   data	    bss	    dec	    hex	filename
   8432	     16	   1640	  10088	   2768	Zegar.elf
Finished building: default.size.stdout
 
Finished building: Zegar.list
 
16:47:18 **** Incremental Build of configuration Debug for project Zegar ****
make -j12 all 
arm-none-eabi-gcc "../Core/Src/kamami_l496_7seg.c" -mcpu=cortex-m4 -std=gnu11 -g3 -DDEBUG -DUSE_HAL_DRIVER -DSTM32L496xx -c -I../Core/Inc -I../Drivers/STM32L4xx_HAL_Driver/Inc -I../Drivers/STM32L4xx_HAL_Driver/Inc/Legacy -I../Drivers/CMSIS/Device/ST/STM32L4xx/Include -I../Drivers/CMSIS/Include -O0 -ffunction-sections -fdata-sections -Wall -fstack-usage -MMD -MP -MF"Core/Src/kamami_l496_7seg.d" -MT"Core/Src/kamami_l496_7seg.o" --specs=nano.specs -mfpu=fpv4-sp-d16 -mfloat-abi=hard -mthumb -o "Core/Src/kamami_l496_7seg.o"
../Core/Src/kamami_l496_7seg.c: In function 'dis7seg_displayHHMM':
../Core/Src/kamami_l496_7seg.c:109:10: error: 'fraction_digits' undeclared (first use in this function)
  109 |  display[fraction_digits] |= SEG_DP_Pin;
      |          ^~~~~~~~~~~~~~~
../Core/Src/kamami_l496_7seg.c:109:10: note: each undeclared identifier is reported only once for each function it appears in
make: *** [Core/Src/subdir.mk:31: Core/Src/kamami_l496_7seg.o] Error 1
"make -j12 all" terminated with exit code 2. Build might be incomplete.
16:48:34 **** Incremental Build of configuration Debug for project Zegar ****
make -j12 all 
arm-none-eabi-gcc "../Core/Src/kamami_l496_7seg.c" -mcpu=cortex-m4 -std=gnu11 -g3 -DDEBUG -DUSE_HAL_DRIVER -DSTM32L496xx -c -I../Core/Inc -I../Drivers/STM32L4xx_HAL_Driver/Inc -I../Drivers/STM32L4xx_HAL_Driver/Inc/Legacy -I../Drivers/CMSIS/Device/ST/STM32L4xx/Include -I../Drivers/CMSIS/Include -O0 -ffunction-sections -fdata-sections -Wall -fstack-usage -MMD -MP -MF"Core/Src/kamami_l496_7seg.d" -MT"Core/Src/kamami_l496_7seg.o" --specs=nano.specs -mfpu=fpv4-sp-d16 -mfloat-abi=hard -mthumb -o "Core/Src/kamami_l496_7seg.o"
arm-none-eabi-gcc -o "Zegar.elf" @"objects.list"   -mcpu=cortex-m4 -T"C:\Users\adaml\Documents\STMRepo\Zegar\STM32L496ZGTX_FLASH.ld" --specs=nosys.specs -Wl,-Map="Zegar.map" -Wl,--gc-sections -static --specs=nano.specs -mfpu=fpv4-sp-d16 -mfloat-abi=hard -mthumb -Wl,--start-group -lc -lm -Wl,--end-group
Finished building target: Zegar.elf
 
arm-none-eabi-size   Zegar.elf 
arm-none-eabi-objdump -h -S  Zegar.elf  > "Zegar.list"
   text	   data	    bss	    dec	    hex	filename
   8444	     16	   1640	  10100	   2774	Zegar.elf
Finished building: default.size.stdout
 
Finished building: Zegar.list
 
16:48:47 **** Incremental Build of configuration Debug for project Zegar ****
make -j12 all 
arm-none-eabi-gcc "../Core/Src/kamami_l496_7seg.c" -mcpu=cortex-m4 -std=gnu11 -g3 -DDEBUG -DUSE_HAL_DRIVER -DSTM32L496xx -c -I../Core/Inc -I../Drivers/STM32L4xx_HAL_Driver/Inc -I../Drivers/STM32L4xx_HAL_Driver/Inc/Legacy -I../Drivers/CMSIS/Device/ST/STM32L4xx/Include -I../Drivers/CMSIS/Include -O0 -ffunction-sections -fdata-sections -Wall -fstack-usage -MMD -MP -MF"Core/Src/kamami_l496_7seg.d" -MT"Core/Src/kamami_l496_7seg.o" --specs=nano.specs -mfpu=fpv4-sp-d16 -mfloat-abi=hard -mthumb -o "Core/Src/kamami_l496_7seg.o"
arm-none-eabi-gcc -o "Zegar.elf" @"objects.list"   -mcpu=cortex-m4 -T"C:\Users\adaml\Documents\STMRepo\Zegar\STM32L496ZGTX_FLASH.ld" --specs=nosys.specs -Wl,-Map="Zegar.map" -Wl,--gc-sections -static --specs=nano.specs -mfpu=fpv4-sp-d16 -mfloat-abi=hard -mthumb -Wl,--start-group -lc -lm -Wl,--end-group
Finished building target: Zegar.elf
 
arm-none-eabi-size   Zegar.elf 
arm-none-eabi-objdump -h -S  Zegar.elf  > "Zegar.list"
   text	   data	    bss	    dec	    hex	filename
   8444	     16	   1640	  10100	   2774	Zegar.elf
Finished building: default.size.stdout
 
Finished building: Zegar.list
 
16:49:32 **** Incremental Build of configuration Debug for project Zegar ****
make -j12 all 
arm-none-eabi-gcc "../Core/Src/kamami_l496_7seg.c" -mcpu=cortex-m4 -std=gnu11 -g3 -DDEBUG -DUSE_HAL_DRIVER -DSTM32L496xx -c -I../Core/Inc -I../Drivers/STM32L4xx_HAL_Driver/Inc -I../Drivers/STM32L4xx_HAL_Driver/Inc/Legacy -I../Drivers/CMSIS/Device/ST/STM32L4xx/Include -I../Drivers/CMSIS/Include -O0 -ffunction-sections -fdata-sections -Wall -fstack-usage -MMD -MP -MF"Core/Src/kamami_l496_7seg.d" -MT"Core/Src/kamami_l496_7seg.o" --specs=nano.specs -mfpu=fpv4-sp-d16 -mfloat-abi=hard -mthumb -o "Core/Src/kamami_l496_7seg.o"
arm-none-eabi-gcc -o "Zegar.elf" @"objects.list"   -mcpu=cortex-m4 -T"C:\Users\adaml\Documents\STMRepo\Zegar\STM32L496ZGTX_FLASH.ld" --specs=nosys.specs -Wl,-Map="Zegar.map" -Wl,--gc-sections -static --specs=nano.specs -mfpu=fpv4-sp-d16 -mfloat-abi=hard -mthumb -Wl,--start-group -lc -lm -Wl,--end-group
Finished building target: Zegar.elf
 
arm-none-eabi-size   Zegar.elf 
arm-none-eabi-objdump -h -S  Zegar.elf  > "Zegar.list"
   text	   data	    bss	    dec	    hex	filename
   8444	     16	   1640	  10100	   2774	Zegar.elf
Finished building: default.size.stdout
 
Finished building: Zegar.list
 
16:54:29 **** Incremental Build of configuration Debug for project Zegar ****
make -j12 all 
arm-none-eabi-gcc "../Core/Src/main.c" -mcpu=cortex-m4 -std=gnu11 -g3 -DDEBUG -DUSE_HAL_DRIVER -DSTM32L496xx -c -I../Core/Inc -I../Drivers/STM32L4xx_HAL_Driver/Inc -I../Drivers/STM32L4xx_HAL_Driver/Inc/Legacy -I../Drivers/CMSIS/Device/ST/STM32L4xx/Include -I../Drivers/CMSIS/Include -O0 -ffunction-sections -fdata-sections -Wall -fstack-usage -MMD -MP -MF"Core/Src/main.d" -MT"Core/Src/main.o" --specs=nano.specs -mfpu=fpv4-sp-d16 -mfloat-abi=hard -mthumb -o "Core/Src/main.o"
arm-none-eabi-gcc "../Core/Src/stm32l4xx_it.c" -mcpu=cortex-m4 -std=gnu11 -g3 -DDEBUG -DUSE_HAL_DRIVER -DSTM32L496xx -c -I../Core/Inc -I../Drivers/STM32L4xx_HAL_Driver/Inc -I../Drivers/STM32L4xx_HAL_Driver/Inc/Legacy -I../Drivers/CMSIS/Device/ST/STM32L4xx/Include -I../Drivers/CMSIS/Include -O0 -ffunction-sections -fdata-sections -Wall -fstack-usage -MMD -MP -MF"Core/Src/stm32l4xx_it.d" -MT"Core/Src/stm32l4xx_it.o" --specs=nano.specs -mfpu=fpv4-sp-d16 -mfloat-abi=hard -mthumb -o "Core/Src/stm32l4xx_it.o"
../Core/Src/stm32l4xx_it.c: In function 'SysTick_Handler':
../Core/Src/stm32l4xx_it.c:175:10: error: unknown type name 'init8_t'
  175 |   static init8_t interrupt = 0;
      |          ^~~~~~~
../Core/Src/stm32l4xx_it.c:180:8: error: 'interupt' undeclared (first use in this function); did you mean 'interrupt'?
  180 |   if(++interupt == 50)
      |        ^~~~~~~~
      |        interrupt
../Core/Src/stm32l4xx_it.c:180:8: note: each undeclared identifier is reported only once for each function it appears in
../Core/Src/stm32l4xx_it.c:182:4: warning: implicit declaration of function 'dis7seg_displayHHMM'; did you mean 'dis7seg_display'? [-Wimplicit-function-declaration]
  182 |    dis7seg_displayHHMM(hh, mm);
      |    ^~~~~~~~~~~~~~~~~~~
      |    dis7seg_display
../Core/Src/stm32l4xx_it.c:178:19: warning: unused variable 'ss' [-Wunused-variable]
  178 |   static uint16_t ss=0;
      |                   ^~
../Core/Src/stm32l4xx_it.c:175:18: warning: unused variable 'interrupt' [-Wunused-variable]
  175 |   static init8_t interrupt = 0;
      |                  ^~~~~~~~~
At top level:
../Core/Src/stm32l4xx_it.c:175:18: warning: 'interrupt' defined but not used [-Wunused-variable]
../Core/Src/stm32l4xx_it.c:178:19: warning: 'ss' defined but not used [-Wunused-variable]
  178 |   static uint16_t ss=0;
      |                   ^~
make: *** [Core/Src/subdir.mk:31: Core/Src/stm32l4xx_it.o] Error 1
make: *** Waiting for unfinished jobs....
"make -j12 all" terminated with exit code 2. Build might be incomplete.
16:55:21 **** Incremental Build of configuration Debug for project Zegar ****
make -j12 all 
arm-none-eabi-gcc "../Core/Src/stm32l4xx_it.c" -mcpu=cortex-m4 -std=gnu11 -g3 -DDEBUG -DUSE_HAL_DRIVER -DSTM32L496xx -c -I../Core/Inc -I../Drivers/STM32L4xx_HAL_Driver/Inc -I../Drivers/STM32L4xx_HAL_Driver/Inc/Legacy -I../Drivers/CMSIS/Device/ST/STM32L4xx/Include -I../Drivers/CMSIS/Include -O0 -ffunction-sections -fdata-sections -Wall -fstack-usage -MMD -MP -MF"Core/Src/stm32l4xx_it.d" -MT"Core/Src/stm32l4xx_it.o" --specs=nano.specs -mfpu=fpv4-sp-d16 -mfloat-abi=hard -mthumb -o "Core/Src/stm32l4xx_it.o"
../Core/Src/stm32l4xx_it.c: In function 'SysTick_Handler':
../Core/Src/stm32l4xx_it.c:182:4: warning: implicit declaration of function 'dis7seg_displayHHMM'; did you mean 'dis7seg_display'? [-Wimplicit-function-declaration]
  182 |    dis7seg_displayHHMM(hh, mm);
      |    ^~~~~~~~~~~~~~~~~~~
      |    dis7seg_display
arm-none-eabi-gcc -o "Zegar.elf" @"objects.list"   -mcpu=cortex-m4 -T"C:\Users\adaml\Documents\STMRepo\Zegar\STM32L496ZGTX_FLASH.ld" --specs=nosys.specs -Wl,-Map="Zegar.map" -Wl,--gc-sections -static --specs=nano.specs -mfpu=fpv4-sp-d16 -mfloat-abi=hard -mthumb -Wl,--start-group -lc -lm -Wl,--end-group
Finished building target: Zegar.elf
 
arm-none-eabi-size   Zegar.elf 
arm-none-eabi-objdump -h -S  Zegar.elf  > "Zegar.list"
   text	   data	    bss	    dec	    hex	filename
   8472	     16	   1640	  10128	   2790	Zegar.elf
Finished building: default.size.stdout
 
Finished building: Zegar.list
 
17:02:34 **** Incremental Build of configuration Debug for project Zegar ****
make -j12 all 
arm-none-eabi-gcc "../Core/Src/kamami_l496_7seg.c" -mcpu=cortex-m4 -std=gnu11 -g3 -DDEBUG -DUSE_HAL_DRIVER -DSTM32L496xx -c -I../Core/Inc -I../Drivers/STM32L4xx_HAL_Driver/Inc -I../Drivers/STM32L4xx_HAL_Driver/Inc/Legacy -I../Drivers/CMSIS/Device/ST/STM32L4xx/Include -I../Drivers/CMSIS/Include -O0 -ffunction-sections -fdata-sections -Wall -fstack-usage -MMD -MP -MF"Core/Src/kamami_l496_7seg.d" -MT"Core/Src/kamami_l496_7seg.o" --specs=nano.specs -mfpu=fpv4-sp-d16 -mfloat-abi=hard -mthumb -o "Core/Src/kamami_l496_7seg.o"
arm-none-eabi-gcc "../Core/Src/main.c" -mcpu=cortex-m4 -std=gnu11 -g3 -DDEBUG -DUSE_HAL_DRIVER -DSTM32L496xx -c -I../Core/Inc -I../Drivers/STM32L4xx_HAL_Driver/Inc -I../Drivers/STM32L4xx_HAL_Driver/Inc/Legacy -I../Drivers/CMSIS/Device/ST/STM32L4xx/Include -I../Drivers/CMSIS/Include -O0 -ffunction-sections -fdata-sections -Wall -fstack-usage -MMD -MP -MF"Core/Src/main.d" -MT"Core/Src/main.o" --specs=nano.specs -mfpu=fpv4-sp-d16 -mfloat-abi=hard -mthumb -o "Core/Src/main.o"
arm-none-eabi-gcc "../Core/Src/stm32l4xx_it.c" -mcpu=cortex-m4 -std=gnu11 -g3 -DDEBUG -DUSE_HAL_DRIVER -DSTM32L496xx -c -I../Core/Inc -I../Drivers/STM32L4xx_HAL_Driver/Inc -I../Drivers/STM32L4xx_HAL_Driver/Inc/Legacy -I../Drivers/CMSIS/Device/ST/STM32L4xx/Include -I../Drivers/CMSIS/Include -O0 -ffunction-sections -fdata-sections -Wall -fstack-usage -MMD -MP -MF"Core/Src/stm32l4xx_it.d" -MT"Core/Src/stm32l4xx_it.o" --specs=nano.specs -mfpu=fpv4-sp-d16 -mfloat-abi=hard -mthumb -o "Core/Src/stm32l4xx_it.o"
../Core/Src/stm32l4xx_it.c: In function 'SysTick_Handler':
../Core/Src/stm32l4xx_it.c:183:8: error: 'JOY_OK_DOWN' undeclared (first use in this function)
  183 |    if (JOY_OK_DOWN)
      |        ^~~~~~~~~~~
../Core/Src/stm32l4xx_it.c:183:8: note: each undeclared identifier is reported only once for each function it appears in
../Core/Src/stm32l4xx_it.c:190:5: warning: implicit declaration of function 'dis7seg_displayHHMM'; did you mean 'dis7seg_display'? [-Wimplicit-function-declaration]
  190 |     dis7seg_displayHHMM(hh, mm);
      |     ^~~~~~~~~~~~~~~~~~~
      |     dis7seg_display
../Core/Src/stm32l4xx_it.c:194:5: warning: implicit declaration of function 'dis7seg_displayMMSS'; did you mean 'dis7seg_display'? [-Wimplicit-function-declaration]
  194 |     dis7seg_displayMMSS(mm, ss);
      |     ^~~~~~~~~~~~~~~~~~~
      |     dis7seg_display
make: *** [Core/Src/subdir.mk:31: Core/Src/stm32l4xx_it.o] Error 1
make: *** Waiting for unfinished jobs....
"make -j12 all" terminated with exit code 2. Build might be incomplete.
17:07:26 **** Incremental Build of configuration Debug for project Zegar ****
make -j12 all 
arm-none-eabi-gcc "../Core/Src/kamami_l496_7seg.c" -mcpu=cortex-m4 -std=gnu11 -g3 -DDEBUG -DUSE_HAL_DRIVER -DSTM32L496xx -c -I../Core/Inc -I../Drivers/STM32L4xx_HAL_Driver/Inc -I../Drivers/STM32L4xx_HAL_Driver/Inc/Legacy -I../Drivers/CMSIS/Device/ST/STM32L4xx/Include -I../Drivers/CMSIS/Include -O0 -ffunction-sections -fdata-sections -Wall -fstack-usage -MMD -MP -MF"Core/Src/kamami_l496_7seg.d" -MT"Core/Src/kamami_l496_7seg.o" --specs=nano.specs -mfpu=fpv4-sp-d16 -mfloat-abi=hard -mthumb -o "Core/Src/kamami_l496_7seg.o"
arm-none-eabi-gcc "../Core/Src/kamami_l496_joy.c" -mcpu=cortex-m4 -std=gnu11 -g3 -DDEBUG -DUSE_HAL_DRIVER -DSTM32L496xx -c -I../Core/Inc -I../Drivers/STM32L4xx_HAL_Driver/Inc -I../Drivers/STM32L4xx_HAL_Driver/Inc/Legacy -I../Drivers/CMSIS/Device/ST/STM32L4xx/Include -I../Drivers/CMSIS/Include -O0 -ffunction-sections -fdata-sections -Wall -fstack-usage -MMD -MP -MF"Core/Src/kamami_l496_joy.d" -MT"Core/Src/kamami_l496_joy.o" --specs=nano.specs -mfpu=fpv4-sp-d16 -mfloat-abi=hard -mthumb -o "Core/Src/kamami_l496_joy.o"
arm-none-eabi-gcc "../Core/Src/main.c" -mcpu=cortex-m4 -std=gnu11 -g3 -DDEBUG -DUSE_HAL_DRIVER -DSTM32L496xx -c -I../Core/Inc -I../Drivers/STM32L4xx_HAL_Driver/Inc -I../Drivers/STM32L4xx_HAL_Driver/Inc/Legacy -I../Drivers/CMSIS/Device/ST/STM32L4xx/Include -I../Drivers/CMSIS/Include -O0 -ffunction-sections -fdata-sections -Wall -fstack-usage -MMD -MP -MF"Core/Src/main.d" -MT"Core/Src/main.o" --specs=nano.specs -mfpu=fpv4-sp-d16 -mfloat-abi=hard -mthumb -o "Core/Src/main.o"
arm-none-eabi-gcc "../Core/Src/stm32l4xx_hal_msp.c" -mcpu=cortex-m4 -std=gnu11 -g3 -DDEBUG -DUSE_HAL_DRIVER -DSTM32L496xx -c -I../Core/Inc -I../Drivers/STM32L4xx_HAL_Driver/Inc -I../Drivers/STM32L4xx_HAL_Driver/Inc/Legacy -I../Drivers/CMSIS/Device/ST/STM32L4xx/Include -I../Drivers/CMSIS/Include -O0 -ffunction-sections -fdata-sections -Wall -fstack-usage -MMD -MP -MF"Core/Src/stm32l4xx_hal_msp.d" -MT"Core/Src/stm32l4xx_hal_msp.o" --specs=nano.specs -mfpu=fpv4-sp-d16 -mfloat-abi=hard -mthumb -o "Core/Src/stm32l4xx_hal_msp.o"
arm-none-eabi-gcc "../Core/Src/stm32l4xx_it.c" -mcpu=cortex-m4 -std=gnu11 -g3 -DDEBUG -DUSE_HAL_DRIVER -DSTM32L496xx -c -I../Core/Inc -I../Drivers/STM32L4xx_HAL_Driver/Inc -I../Drivers/STM32L4xx_HAL_Driver/Inc/Legacy -I../Drivers/CMSIS/Device/ST/STM32L4xx/Include -I../Drivers/CMSIS/Include -O0 -ffunction-sections -fdata-sections -Wall -fstack-usage -MMD -MP -MF"Core/Src/stm32l4xx_it.d" -MT"Core/Src/stm32l4xx_it.o" --specs=nano.specs -mfpu=fpv4-sp-d16 -mfloat-abi=hard -mthumb -o "Core/Src/stm32l4xx_it.o"
arm-none-eabi-gcc "../Core/Src/system_stm32l4xx.c" -mcpu=cortex-m4 -std=gnu11 -g3 -DDEBUG -DUSE_HAL_DRIVER -DSTM32L496xx -c -I../Core/Inc -I../Drivers/STM32L4xx_HAL_Driver/Inc -I../Drivers/STM32L4xx_HAL_Driver/Inc/Legacy -I../Drivers/CMSIS/Device/ST/STM32L4xx/Include -I../Drivers/CMSIS/Include -O0 -ffunction-sections -fdata-sections -Wall -fstack-usage -MMD -MP -MF"Core/Src/system_stm32l4xx.d" -MT"Core/Src/system_stm32l4xx.o" --specs=nano.specs -mfpu=fpv4-sp-d16 -mfloat-abi=hard -mthumb -o "Core/Src/system_stm32l4xx.o"
../Core/Src/stm32l4xx_it.c: In function 'SysTick_Handler':
../Core/Src/stm32l4xx_it.c:191:5: warning: implicit declaration of function 'dis7seg_displayHHMM'; did you mean 'dis7seg_display'? [-Wimplicit-function-declaration]
  191 |     dis7seg_displayHHMM(hh, mm);
      |     ^~~~~~~~~~~~~~~~~~~
      |     dis7seg_display
../Core/Src/stm32l4xx_it.c:195:5: warning: implicit declaration of function 'dis7seg_displayMMSS'; did you mean 'dis7seg_display'? [-Wimplicit-function-declaration]
  195 |     dis7seg_displayMMSS(mm, ss);
      |     ^~~~~~~~~~~~~~~~~~~
      |     dis7seg_display
arm-none-eabi-gcc -o "Zegar.elf" @"objects.list"   -mcpu=cortex-m4 -T"C:\Users\adaml\Documents\STMRepo\Zegar\STM32L496ZGTX_FLASH.ld" --specs=nosys.specs -Wl,-Map="Zegar.map" -Wl,--gc-sections -static --specs=nano.specs -mfpu=fpv4-sp-d16 -mfloat-abi=hard -mthumb -Wl,--start-group -lc -lm -Wl,--end-group
Finished building target: Zegar.elf
 
arm-none-eabi-size   Zegar.elf 
arm-none-eabi-objdump -h -S  Zegar.elf  > "Zegar.list"
   text	   data	    bss	    dec	    hex	filename
   8868	     12	   1652	  10532	   2924	Zegar.elf
Finished building: default.size.stdout
 
Finished building: Zegar.list
 
17:07:31 **** Incremental Build of configuration Debug for project Zegar ****
make -j12 all 
arm-none-eabi-size   Zegar.elf 
   text	   data	    bss	    dec	    hex	filename
   8868	     12	   1652	  10532	   2924	Zegar.elf
Finished building: default.size.stdout
 
17:08:13 **** Incremental Build of configuration Debug for project Zegar ****
make -j12 all 
arm-none-eabi-gcc "../Core/Src/stm32l4xx_it.c" -mcpu=cortex-m4 -std=gnu11 -g3 -DDEBUG -DUSE_HAL_DRIVER -DSTM32L496xx -c -I../Core/Inc -I../Drivers/STM32L4xx_HAL_Driver/Inc -I../Drivers/STM32L4xx_HAL_Driver/Inc/Legacy -I../Drivers/CMSIS/Device/ST/STM32L4xx/Include -I../Drivers/CMSIS/Include -O0 -ffunction-sections -fdata-sections -Wall -fstack-usage -MMD -MP -MF"Core/Src/stm32l4xx_it.d" -MT"Core/Src/stm32l4xx_it.o" --specs=nano.specs -mfpu=fpv4-sp-d16 -mfloat-abi=hard -mthumb -o "Core/Src/stm32l4xx_it.o"
../Core/Src/stm32l4xx_it.c: In function 'SysTick_Handler':
../Core/Src/stm32l4xx_it.c:191:5: warning: implicit declaration of function 'dis7seg_displayHHMM'; did you mean 'dis7seg_display'? [-Wimplicit-function-declaration]
  191 |     dis7seg_displayHHMM(hh, mm);
      |     ^~~~~~~~~~~~~~~~~~~
      |     dis7seg_display
../Core/Src/stm32l4xx_it.c:195:5: warning: implicit declaration of function 'dis7seg_displayMMSS'; did you mean 'dis7seg_display'? [-Wimplicit-function-declaration]
  195 |     dis7seg_displayMMSS(mm, ss);
      |     ^~~~~~~~~~~~~~~~~~~
      |     dis7seg_display
arm-none-eabi-gcc -o "Zegar.elf" @"objects.list"   -mcpu=cortex-m4 -T"C:\Users\adaml\Documents\STMRepo\Zegar\STM32L496ZGTX_FLASH.ld" --specs=nosys.specs -Wl,-Map="Zegar.map" -Wl,--gc-sections -static --specs=nano.specs -mfpu=fpv4-sp-d16 -mfloat-abi=hard -mthumb -Wl,--start-group -lc -lm -Wl,--end-group
Finished building target: Zegar.elf
 
arm-none-eabi-size   Zegar.elf 
arm-none-eabi-objdump -h -S  Zegar.elf  > "Zegar.list"
   text	   data	    bss	    dec	    hex	filename
   8868	     16	   1648	  10532	   2924	Zegar.elf
Finished building: default.size.stdout
 
Finished building: Zegar.list
 
17:08:52 **** Incremental Build of configuration Debug for project Zegar ****
make -j12 all 
arm-none-eabi-gcc "../Core/Src/stm32l4xx_it.c" -mcpu=cortex-m4 -std=gnu11 -g3 -DDEBUG -DUSE_HAL_DRIVER -DSTM32L496xx -c -I../Core/Inc -I../Drivers/STM32L4xx_HAL_Driver/Inc -I../Drivers/STM32L4xx_HAL_Driver/Inc/Legacy -I../Drivers/CMSIS/Device/ST/STM32L4xx/Include -I../Drivers/CMSIS/Include -O0 -ffunction-sections -fdata-sections -Wall -fstack-usage -MMD -MP -MF"Core/Src/stm32l4xx_it.d" -MT"Core/Src/stm32l4xx_it.o" --specs=nano.specs -mfpu=fpv4-sp-d16 -mfloat-abi=hard -mthumb -o "Core/Src/stm32l4xx_it.o"
../Core/Src/stm32l4xx_it.c: In function 'SysTick_Handler':
../Core/Src/stm32l4xx_it.c:192:4: warning: implicit declaration of function 'dis7seg_displayHHMM'; did you mean 'dis7seg_display'? [-Wimplicit-function-declaration]
  192 |    dis7seg_displayHHMM(hh, mm);
      |    ^~~~~~~~~~~~~~~~~~~
      |    dis7seg_display
../Core/Src/stm32l4xx_it.c:196:4: warning: implicit declaration of function 'dis7seg_displayMMSS'; did you mean 'dis7seg_display'? [-Wimplicit-function-declaration]
  196 |    dis7seg_displayMMSS(mm, ss);
      |    ^~~~~~~~~~~~~~~~~~~
      |    dis7seg_display
arm-none-eabi-gcc -o "Zegar.elf" @"objects.list"   -mcpu=cortex-m4 -T"C:\Users\adaml\Documents\STMRepo\Zegar\STM32L496ZGTX_FLASH.ld" --specs=nosys.specs -Wl,-Map="Zegar.map" -Wl,--gc-sections -static --specs=nano.specs -mfpu=fpv4-sp-d16 -mfloat-abi=hard -mthumb -Wl,--start-group -lc -lm -Wl,--end-group
Finished building target: Zegar.elf
 
arm-none-eabi-size   Zegar.elf 
arm-none-eabi-objdump -h -S  Zegar.elf  > "Zegar.list"
   text	   data	    bss	    dec	    hex	filename
   8868	     16	   1648	  10532	   2924	Zegar.elf
Finished building: default.size.stdout
 
Finished building: Zegar.list
 
17:09:19 **** Incremental Build of configuration Debug for project Zegar ****
make -j12 all 
arm-none-eabi-gcc "../Core/Src/stm32l4xx_it.c" -mcpu=cortex-m4 -std=gnu11 -g3 -DDEBUG -DUSE_HAL_DRIVER -DSTM32L496xx -c -I../Core/Inc -I../Drivers/STM32L4xx_HAL_Driver/Inc -I../Drivers/STM32L4xx_HAL_Driver/Inc/Legacy -I../Drivers/CMSIS/Device/ST/STM32L4xx/Include -I../Drivers/CMSIS/Include -O0 -ffunction-sections -fdata-sections -Wall -fstack-usage -MMD -MP -MF"Core/Src/stm32l4xx_it.d" -MT"Core/Src/stm32l4xx_it.o" --specs=nano.specs -mfpu=fpv4-sp-d16 -mfloat-abi=hard -mthumb -o "Core/Src/stm32l4xx_it.o"
../Core/Src/stm32l4xx_it.c: In function 'SysTick_Handler':
../Core/Src/stm32l4xx_it.c:192:4: warning: implicit declaration of function 'dis7seg_displayHHMM'; did you mean 'dis7seg_display'? [-Wimplicit-function-declaration]
  192 |    dis7seg_displayHHMM(hh, mm);
      |    ^~~~~~~~~~~~~~~~~~~
      |    dis7seg_display
../Core/Src/stm32l4xx_it.c:196:4: warning: implicit declaration of function 'dis7seg_displayMMSS'; did you mean 'dis7seg_display'? [-Wimplicit-function-declaration]
  196 |    dis7seg_displayMMSS(mm, ss);
      |    ^~~~~~~~~~~~~~~~~~~
      |    dis7seg_display
arm-none-eabi-gcc -o "Zegar.elf" @"objects.list"   -mcpu=cortex-m4 -T"C:\Users\adaml\Documents\STMRepo\Zegar\STM32L496ZGTX_FLASH.ld" --specs=nosys.specs -Wl,-Map="Zegar.map" -Wl,--gc-sections -static --specs=nano.specs -mfpu=fpv4-sp-d16 -mfloat-abi=hard -mthumb -Wl,--start-group -lc -lm -Wl,--end-group
Finished building target: Zegar.elf
 
arm-none-eabi-size   Zegar.elf 
arm-none-eabi-objdump -h -S  Zegar.elf  > "Zegar.list"
   text	   data	    bss	    dec	    hex	filename
   8800	     16	   1648	  10464	   28e0	Zegar.elf
Finished building: default.size.stdout
 
Finished building: Zegar.list
 
17:10:23 **** Incremental Build of configuration Debug for project Zegar ****
make -j12 all 
arm-none-eabi-gcc "../Core/Src/kamami_l496_7seg.c" -mcpu=cortex-m4 -std=gnu11 -g3 -DDEBUG -DUSE_HAL_DRIVER -DSTM32L496xx -c -I../Core/Inc -I../Drivers/STM32L4xx_HAL_Driver/Inc -I../Drivers/STM32L4xx_HAL_Driver/Inc/Legacy -I../Drivers/CMSIS/Device/ST/STM32L4xx/Include -I../Drivers/CMSIS/Include -O0 -ffunction-sections -fdata-sections -Wall -fstack-usage -MMD -MP -MF"Core/Src/kamami_l496_7seg.d" -MT"Core/Src/kamami_l496_7seg.o" --specs=nano.specs -mfpu=fpv4-sp-d16 -mfloat-abi=hard -mthumb -o "Core/Src/kamami_l496_7seg.o"
arm-none-eabi-gcc -o "Zegar.elf" @"objects.list"   -mcpu=cortex-m4 -T"C:\Users\adaml\Documents\STMRepo\Zegar\STM32L496ZGTX_FLASH.ld" --specs=nosys.specs -Wl,-Map="Zegar.map" -Wl,--gc-sections -static --specs=nano.specs -mfpu=fpv4-sp-d16 -mfloat-abi=hard -mthumb -Wl,--start-group -lc -lm -Wl,--end-group
Finished building target: Zegar.elf
 
arm-none-eabi-size   Zegar.elf 
arm-none-eabi-objdump -h -S  Zegar.elf  > "Zegar.list"
   text	   data	    bss	    dec	    hex	filename
   8868	     16	   1648	  10532	   2924	Zegar.elf
Finished building: default.size.stdout
 
Finished building: Zegar.list
 
17:10:57 **** Incremental Build of configuration Debug for project Zegar ****
make -j12 all 
arm-none-eabi-gcc "../Core/Src/kamami_l496_7seg.c" -mcpu=cortex-m4 -std=gnu11 -g3 -DDEBUG -DUSE_HAL_DRIVER -DSTM32L496xx -c -I../Core/Inc -I../Drivers/STM32L4xx_HAL_Driver/Inc -I../Drivers/STM32L4xx_HAL_Driver/Inc/Legacy -I../Drivers/CMSIS/Device/ST/STM32L4xx/Include -I../Drivers/CMSIS/Include -O0 -ffunction-sections -fdata-sections -Wall -fstack-usage -MMD -MP -MF"Core/Src/kamami_l496_7seg.d" -MT"Core/Src/kamami_l496_7seg.o" --specs=nano.specs -mfpu=fpv4-sp-d16 -mfloat-abi=hard -mthumb -o "Core/Src/kamami_l496_7seg.o"
arm-none-eabi-gcc "../Core/Src/stm32l4xx_it.c" -mcpu=cortex-m4 -std=gnu11 -g3 -DDEBUG -DUSE_HAL_DRIVER -DSTM32L496xx -c -I../Core/Inc -I../Drivers/STM32L4xx_HAL_Driver/Inc -I../Drivers/STM32L4xx_HAL_Driver/Inc/Legacy -I../Drivers/CMSIS/Device/ST/STM32L4xx/Include -I../Drivers/CMSIS/Include -O0 -ffunction-sections -fdata-sections -Wall -fstack-usage -MMD -MP -MF"Core/Src/stm32l4xx_it.d" -MT"Core/Src/stm32l4xx_it.o" --specs=nano.specs -mfpu=fpv4-sp-d16 -mfloat-abi=hard -mthumb -o "Core/Src/stm32l4xx_it.o"
../Core/Src/stm32l4xx_it.c: In function 'SysTick_Handler':
../Core/Src/stm32l4xx_it.c:192:4: warning: implicit declaration of function 'dis7seg_displayHHMM'; did you mean 'dis7seg_display'? [-Wimplicit-function-declaration]
  192 |    dis7seg_displayHHMM(hh, mm);
      |    ^~~~~~~~~~~~~~~~~~~
      |    dis7seg_display
../Core/Src/stm32l4xx_it.c:196:4: warning: implicit declaration of function 'dis7seg_displayMMSS'; did you mean 'dis7seg_display'? [-Wimplicit-function-declaration]
  196 |    dis7seg_displayMMSS(mm, ss);
      |    ^~~~~~~~~~~~~~~~~~~
      |    dis7seg_display
arm-none-eabi-gcc -o "Zegar.elf" @"objects.list"   -mcpu=cortex-m4 -T"C:\Users\adaml\Documents\STMRepo\Zegar\STM32L496ZGTX_FLASH.ld" --specs=nosys.specs -Wl,-Map="Zegar.map" -Wl,--gc-sections -static --specs=nano.specs -mfpu=fpv4-sp-d16 -mfloat-abi=hard -mthumb -Wl,--start-group -lc -lm -Wl,--end-group
Finished building target: Zegar.elf
 
arm-none-eabi-size   Zegar.elf 
arm-none-eabi-objdump -h -S  Zegar.elf  > "Zegar.list"
   text	   data	    bss	    dec	    hex	filename
   8752	     16	   1648	  10416	   28b0	Zegar.elf
Finished building: default.size.stdout
 
Finished building: Zegar.list
 
17:11:43 **** Incremental Build of configuration Debug for project Zegar ****
make -j12 all 
arm-none-eabi-gcc "../Core/Src/stm32l4xx_it.c" -mcpu=cortex-m4 -std=gnu11 -g3 -DDEBUG -DUSE_HAL_DRIVER -DSTM32L496xx -c -I../Core/Inc -I../Drivers/STM32L4xx_HAL_Driver/Inc -I../Drivers/STM32L4xx_HAL_Driver/Inc/Legacy -I../Drivers/CMSIS/Device/ST/STM32L4xx/Include -I../Drivers/CMSIS/Include -O0 -ffunction-sections -fdata-sections -Wall -fstack-usage -MMD -MP -MF"Core/Src/stm32l4xx_it.d" -MT"Core/Src/stm32l4xx_it.o" --specs=nano.specs -mfpu=fpv4-sp-d16 -mfloat-abi=hard -mthumb -o "Core/Src/stm32l4xx_it.o"
../Core/Src/stm32l4xx_it.c: In function 'SysTick_Handler':
../Core/Src/stm32l4xx_it.c:192:4: warning: implicit declaration of function 'dis7seg_displayHHMM'; did you mean 'dis7seg_display'? [-Wimplicit-function-declaration]
  192 |    dis7seg_displayHHMM(hh, mm);
      |    ^~~~~~~~~~~~~~~~~~~
      |    dis7seg_display
../Core/Src/stm32l4xx_it.c:196:4: warning: implicit declaration of function 'dis7seg_displayMMSS'; did you mean 'dis7seg_display'? [-Wimplicit-function-declaration]
  196 |    dis7seg_displayMMSS(mm, ss);
      |    ^~~~~~~~~~~~~~~~~~~
      |    dis7seg_display
arm-none-eabi-gcc -o "Zegar.elf" @"objects.list"   -mcpu=cortex-m4 -T"C:\Users\adaml\Documents\STMRepo\Zegar\STM32L496ZGTX_FLASH.ld" --specs=nosys.specs -Wl,-Map="Zegar.map" -Wl,--gc-sections -static --specs=nano.specs -mfpu=fpv4-sp-d16 -mfloat-abi=hard -mthumb -Wl,--start-group -lc -lm -Wl,--end-group
Finished building target: Zegar.elf
 
arm-none-eabi-size   Zegar.elf 
arm-none-eabi-objdump -h -S  Zegar.elf  > "Zegar.list"
   text	   data	    bss	    dec	    hex	filename
   8800	     16	   1648	  10464	   28e0	Zegar.elf
Finished building: default.size.stdout
 
Finished building: Zegar.list
 
17:12:29 **** Incremental Build of configuration Debug for project Zegar ****
make -j12 all 
arm-none-eabi-gcc "../Core/Src/stm32l4xx_it.c" -mcpu=cortex-m4 -std=gnu11 -g3 -DDEBUG -DUSE_HAL_DRIVER -DSTM32L496xx -c -I../Core/Inc -I../Drivers/STM32L4xx_HAL_Driver/Inc -I../Drivers/STM32L4xx_HAL_Driver/Inc/Legacy -I../Drivers/CMSIS/Device/ST/STM32L4xx/Include -I../Drivers/CMSIS/Include -O0 -ffunction-sections -fdata-sections -Wall -fstack-usage -MMD -MP -MF"Core/Src/stm32l4xx_it.d" -MT"Core/Src/stm32l4xx_it.o" --specs=nano.specs -mfpu=fpv4-sp-d16 -mfloat-abi=hard -mthumb -o "Core/Src/stm32l4xx_it.o"
../Core/Src/stm32l4xx_it.c: In function 'SysTick_Handler':
../Core/Src/stm32l4xx_it.c:192:4: warning: implicit declaration of function 'dis7seg_displayHHMM'; did you mean 'dis7seg_display'? [-Wimplicit-function-declaration]
  192 |    dis7seg_displayHHMM(hh, mm);
      |    ^~~~~~~~~~~~~~~~~~~
      |    dis7seg_display
../Core/Src/stm32l4xx_it.c:196:4: warning: implicit declaration of function 'dis7seg_displayMMSS'; did you mean 'dis7seg_display'? [-Wimplicit-function-declaration]
  196 |    dis7seg_displayMMSS(mm, ss);
      |    ^~~~~~~~~~~~~~~~~~~
      |    dis7seg_display
arm-none-eabi-gcc -o "Zegar.elf" @"objects.list"   -mcpu=cortex-m4 -T"C:\Users\adaml\Documents\STMRepo\Zegar\STM32L496ZGTX_FLASH.ld" --specs=nosys.specs -Wl,-Map="Zegar.map" -Wl,--gc-sections -static --specs=nano.specs -mfpu=fpv4-sp-d16 -mfloat-abi=hard -mthumb -Wl,--start-group -lc -lm -Wl,--end-group
Finished building target: Zegar.elf
 
arm-none-eabi-size   Zegar.elf 
arm-none-eabi-objdump -h -S  Zegar.elf  > "Zegar.list"
   text	   data	    bss	    dec	    hex	filename
   8800	     16	   1648	  10464	   28e0	Zegar.elf
Finished building: default.size.stdout
 
Finished building: Zegar.list
 
17:13:30 **** Incremental Build of configuration Debug for project Zegar ****
make -j12 all 
arm-none-eabi-gcc "../Core/Src/stm32l4xx_it.c" -mcpu=cortex-m4 -std=gnu11 -g3 -DDEBUG -DUSE_HAL_DRIVER -DSTM32L496xx -c -I../Core/Inc -I../Drivers/STM32L4xx_HAL_Driver/Inc -I../Drivers/STM32L4xx_HAL_Driver/Inc/Legacy -I../Drivers/CMSIS/Device/ST/STM32L4xx/Include -I../Drivers/CMSIS/Include -O0 -ffunction-sections -fdata-sections -Wall -fstack-usage -MMD -MP -MF"Core/Src/stm32l4xx_it.d" -MT"Core/Src/stm32l4xx_it.o" --specs=nano.specs -mfpu=fpv4-sp-d16 -mfloat-abi=hard -mthumb -o "Core/Src/stm32l4xx_it.o"
../Core/Src/stm32l4xx_it.c: In function 'SysTick_Handler':
../Core/Src/stm32l4xx_it.c:192:4: warning: implicit declaration of function 'dis7seg_displayMMSS'; did you mean 'dis7seg_display'? [-Wimplicit-function-declaration]
  192 |    dis7seg_displayMMSS(mm, ss);
      |    ^~~~~~~~~~~~~~~~~~~
      |    dis7seg_display
../Core/Src/stm32l4xx_it.c:196:4: warning: implicit declaration of function 'dis7seg_displayHHMM'; did you mean 'dis7seg_display'? [-Wimplicit-function-declaration]
  196 |    dis7seg_displayHHMM(hh, mm);
      |    ^~~~~~~~~~~~~~~~~~~
      |    dis7seg_display
arm-none-eabi-gcc -o "Zegar.elf" @"objects.list"   -mcpu=cortex-m4 -T"C:\Users\adaml\Documents\STMRepo\Zegar\STM32L496ZGTX_FLASH.ld" --specs=nosys.specs -Wl,-Map="Zegar.map" -Wl,--gc-sections -static --specs=nano.specs -mfpu=fpv4-sp-d16 -mfloat-abi=hard -mthumb -Wl,--start-group -lc -lm -Wl,--end-group
Finished building target: Zegar.elf
 
arm-none-eabi-size   Zegar.elf 
arm-none-eabi-objdump -h -S  Zegar.elf  > "Zegar.list"
   text	   data	    bss	    dec	    hex	filename
   8800	     16	   1648	  10464	   28e0	Zegar.elf
Finished building: default.size.stdout
 
Finished building: Zegar.list
 
17:13:58 **** Incremental Build of configuration Debug for project Zegar ****
make -j12 all 
arm-none-eabi-gcc "../Core/Src/stm32l4xx_it.c" -mcpu=cortex-m4 -std=gnu11 -g3 -DDEBUG -DUSE_HAL_DRIVER -DSTM32L496xx -c -I../Core/Inc -I../Drivers/STM32L4xx_HAL_Driver/Inc -I../Drivers/STM32L4xx_HAL_Driver/Inc/Legacy -I../Drivers/CMSIS/Device/ST/STM32L4xx/Include -I../Drivers/CMSIS/Include -O0 -ffunction-sections -fdata-sections -Wall -fstack-usage -MMD -MP -MF"Core/Src/stm32l4xx_it.d" -MT"Core/Src/stm32l4xx_it.o" --specs=nano.specs -mfpu=fpv4-sp-d16 -mfloat-abi=hard -mthumb -o "Core/Src/stm32l4xx_it.o"
../Core/Src/stm32l4xx_it.c: In function 'SysTick_Handler':
../Core/Src/stm32l4xx_it.c:192:4: warning: implicit declaration of function 'dis7seg_displayMMSS'; did you mean 'dis7seg_display'? [-Wimplicit-function-declaration]
  192 |    dis7seg_displayMMSS(mm, ss);
      |    ^~~~~~~~~~~~~~~~~~~
      |    dis7seg_display
../Core/Src/stm32l4xx_it.c:196:4: warning: implicit declaration of function 'dis7seg_displayHHMM'; did you mean 'dis7seg_display'? [-Wimplicit-function-declaration]
  196 |    dis7seg_displayHHMM(hh, mm);
      |    ^~~~~~~~~~~~~~~~~~~
      |    dis7seg_display
arm-none-eabi-gcc -o "Zegar.elf" @"objects.list"   -mcpu=cortex-m4 -T"C:\Users\adaml\Documents\STMRepo\Zegar\STM32L496ZGTX_FLASH.ld" --specs=nosys.specs -Wl,-Map="Zegar.map" -Wl,--gc-sections -static --specs=nano.specs -mfpu=fpv4-sp-d16 -mfloat-abi=hard -mthumb -Wl,--start-group -lc -lm -Wl,--end-group
Finished building target: Zegar.elf
 
arm-none-eabi-size   Zegar.elf 
arm-none-eabi-objdump -h -S  Zegar.elf  > "Zegar.list"
   text	   data	    bss	    dec	    hex	filename
   8868	     16	   1648	  10532	   2924	Zegar.elf
Finished building: default.size.stdout
 
Finished building: Zegar.list
 
17:14:33 **** Incremental Build of configuration Debug for project Zegar ****
make -j12 all 
arm-none-eabi-gcc "../Core/Src/stm32l4xx_it.c" -mcpu=cortex-m4 -std=gnu11 -g3 -DDEBUG -DUSE_HAL_DRIVER -DSTM32L496xx -c -I../Core/Inc -I../Drivers/STM32L4xx_HAL_Driver/Inc -I../Drivers/STM32L4xx_HAL_Driver/Inc/Legacy -I../Drivers/CMSIS/Device/ST/STM32L4xx/Include -I../Drivers/CMSIS/Include -O0 -ffunction-sections -fdata-sections -Wall -fstack-usage -MMD -MP -MF"Core/Src/stm32l4xx_it.d" -MT"Core/Src/stm32l4xx_it.o" --specs=nano.specs -mfpu=fpv4-sp-d16 -mfloat-abi=hard -mthumb -o "Core/Src/stm32l4xx_it.o"
../Core/Src/stm32l4xx_it.c: In function 'SysTick_Handler':
../Core/Src/stm32l4xx_it.c:192:4: warning: implicit declaration of function 'dis7seg_displayMMSS'; did you mean 'dis7seg_display'? [-Wimplicit-function-declaration]
  192 |    dis7seg_displayMMSS(mm, ss);
      |    ^~~~~~~~~~~~~~~~~~~
      |    dis7seg_display
../Core/Src/stm32l4xx_it.c:196:4: warning: implicit declaration of function 'dis7seg_displayHHMM'; did you mean 'dis7seg_display'? [-Wimplicit-function-declaration]
[...]
arm-none-eabi-gcc "../Drivers/STM32L4xx_HAL_Driver/Src/stm32l4xx_hal_pwr_ex.c" -mcpu=cortex-m4 -std=gnu11 -g3 -DDEBUG -DUSE_HAL_DRIVER -DSTM32L496xx -c -I../Core/Inc -I../Drivers/STM32L4xx_HAL_Driver/Inc -I../Drivers/STM32L4xx_HAL_Driver/Inc/Legacy -I../Drivers/CMSIS/Device/ST/STM32L4xx/Include -I../Drivers/CMSIS/Include -O0 -ffunction-sections -fdata-sections -Wall -fstack-usage -MMD -MP -MF"Drivers/STM32L4xx_HAL_Driver/Src/stm32l4xx_hal_pwr_ex.d" -MT"Drivers/STM32L4xx_HAL_Driver/Src/stm32l4xx_hal_pwr_ex.o" --specs=nano.specs -mfpu=fpv4-sp-d16 -mfloat-abi=hard -mthumb -o "Drivers/STM32L4xx_HAL_Driver/Src/stm32l4xx_hal_pwr_ex.o"
arm-none-eabi-gcc "../Drivers/STM32L4xx_HAL_Driver/Src/stm32l4xx_hal_rcc.c" -mcpu=cortex-m4 -std=gnu11 -g3 -DDEBUG -DUSE_HAL_DRIVER -DSTM32L496xx -c -I../Core/Inc -I../Drivers/STM32L4xx_HAL_Driver/Inc -I../Drivers/STM32L4xx_HAL_Driver/Inc/Legacy -I../Drivers/CMSIS/Device/ST/STM32L4xx/Include -I../Drivers/CMSIS/Include -O0 -ffunction-sections -fdata-sections -Wall -fstack-usage -MMD -MP -MF"Drivers/STM32L4xx_HAL_Driver/Src/stm32l4xx_hal_rcc.d" -MT"Drivers/STM32L4xx_HAL_Driver/Src/stm32l4xx_hal_rcc.o" --specs=nano.specs -mfpu=fpv4-sp-d16 -mfloat-abi=hard -mthumb -o "Drivers/STM32L4xx_HAL_Driver/Src/stm32l4xx_hal_rcc.o"
arm-none-eabi-gcc "../Drivers/STM32L4xx_HAL_Driver/Src/stm32l4xx_hal_rcc_ex.c" -mcpu=cortex-m4 -std=gnu11 -g3 -DDEBUG -DUSE_HAL_DRIVER -DSTM32L496xx -c -I../Core/Inc -I../Drivers/STM32L4xx_HAL_Driver/Inc -I../Drivers/STM32L4xx_HAL_Driver/Inc/Legacy -I../Drivers/CMSIS/Device/ST/STM32L4xx/Include -I../Drivers/CMSIS/Include -O0 -ffunction-sections -fdata-sections -Wall -fstack-usage -MMD -MP -MF"Drivers/STM32L4xx_HAL_Driver/Src/stm32l4xx_hal_rcc_ex.d" -MT"Drivers/STM32L4xx_HAL_Driver/Src/stm32l4xx_hal_rcc_ex.o" --specs=nano.specs -mfpu=fpv4-sp-d16 -mfloat-abi=hard -mthumb -o "Drivers/STM32L4xx_HAL_Driver/Src/stm32l4xx_hal_rcc_ex.o"
arm-none-eabi-gcc "../Drivers/STM32L4xx_HAL_Driver/Src/stm32l4xx_hal_tim.c" -mcpu=cortex-m4 -std=gnu11 -g3 -DDEBUG -DUSE_HAL_DRIVER -DSTM32L496xx -c -I../Core/Inc -I../Drivers/STM32L4xx_HAL_Driver/Inc -I../Drivers/STM32L4xx_HAL_Driver/Inc/Legacy -I../Drivers/CMSIS/Device/ST/STM32L4xx/Include -I../Drivers/CMSIS/Include -O0 -ffunction-sections -fdata-sections -Wall -fstack-usage -MMD -MP -MF"Drivers/STM32L4xx_HAL_Driver/Src/stm32l4xx_hal_tim.d" -MT"Drivers/STM32L4xx_HAL_Driver/Src/stm32l4xx_hal_tim.o" --specs=nano.specs -mfpu=fpv4-sp-d16 -mfloat-abi=hard -mthumb -o "Drivers/STM32L4xx_HAL_Driver/Src/stm32l4xx_hal_tim.o"
arm-none-eabi-gcc "../Drivers/STM32L4xx_HAL_Driver/Src/stm32l4xx_hal_tim_ex.c" -mcpu=cortex-m4 -std=gnu11 -g3 -DDEBUG -DUSE_HAL_DRIVER -DSTM32L496xx -c -I../Core/Inc -I../Drivers/STM32L4xx_HAL_Driver/Inc -I../Drivers/STM32L4xx_HAL_Driver/Inc/Legacy -I../Drivers/CMSIS/Device/ST/STM32L4xx/Include -I../Drivers/CMSIS/Include -O0 -ffunction-sections -fdata-sections -Wall -fstack-usage -MMD -MP -MF"Drivers/STM32L4xx_HAL_Driver/Src/stm32l4xx_hal_tim_ex.d" -MT"Drivers/STM32L4xx_HAL_Driver/Src/stm32l4xx_hal_tim_ex.o" --specs=nano.specs -mfpu=fpv4-sp-d16 -mfloat-abi=hard -mthumb -o "Drivers/STM32L4xx_HAL_Driver/Src/stm32l4xx_hal_tim_ex.o"
arm-none-eabi-gcc -mcpu=cortex-m4 -g3 -DDEBUG -c -x assembler-with-cpp -MMD -MP -MF"Core/Startup/startup_stm32l496zgtx.d" -MT"Core/Startup/startup_stm32l496zgtx.o" --specs=nano.specs -mfpu=fpv4-sp-d16 -mfloat-abi=hard -mthumb -o "Core/Startup/startup_stm32l496zgtx.o" "../Core/Startup/startup_stm32l496zgtx.s"
arm-none-eabi-gcc "../Core/Src/kamami_l496_7seg.c" -mcpu=cortex-m4 -std=gnu11 -g3 -DDEBUG -DUSE_HAL_DRIVER -DSTM32L496xx -c -I../Core/Inc -I../Drivers/STM32L4xx_HAL_Driver/Inc -I../Drivers/STM32L4xx_HAL_Driver/Inc/Legacy -I../Drivers/CMSIS/Device/ST/STM32L4xx/Include -I../Drivers/CMSIS/Include -O0 -ffunction-sections -fdata-sections -Wall -fstack-usage -MMD -MP -MF"Core/Src/kamami_l496_7seg.d" -MT"Core/Src/kamami_l496_7seg.o" --specs=nano.specs -mfpu=fpv4-sp-d16 -mfloat-abi=hard -mthumb -o "Core/Src/kamami_l496_7seg.o"
arm-none-eabi-gcc "../Core/Src/kamami_l496_joy.c" -mcpu=cortex-m4 -std=gnu11 -g3 -DDEBUG -DUSE_HAL_DRIVER -DSTM32L496xx -c -I../Core/Inc -I../Drivers/STM32L4xx_HAL_Driver/Inc -I../Drivers/STM32L4xx_HAL_Driver/Inc/Legacy -I../Drivers/CMSIS/Device/ST/STM32L4xx/Include -I../Drivers/CMSIS/Include -O0 -ffunction-sections -fdata-sections -Wall -fstack-usage -MMD -MP -MF"Core/Src/kamami_l496_joy.d" -MT"Core/Src/kamami_l496_joy.o" --specs=nano.specs -mfpu=fpv4-sp-d16 -mfloat-abi=hard -mthumb -o "Core/Src/kamami_l496_joy.o"
arm-none-eabi-gcc "../Core/Src/main.c" -mcpu=cortex-m4 -std=gnu11 -g3 -DDEBUG -DUSE_HAL_DRIVER -DSTM32L496xx -c -I../Core/Inc -I../Drivers/STM32L4xx_HAL_Driver/Inc -I../Drivers/STM32L4xx_HAL_Driver/Inc/Legacy -I../Drivers/CMSIS/Device/ST/STM32L4xx/Include -I../Drivers/CMSIS/Include -O0 -ffunction-sections -fdata-sections -Wall -fstack-usage -MMD -MP -MF"Core/Src/main.d" -MT"Core/Src/main.o" --specs=nano.specs -mfpu=fpv4-sp-d16 -mfloat-abi=hard -mthumb -o "Core/Src/main.o"
arm-none-eabi-gcc "../Core/Src/stm32l4xx_hal_msp.c" -mcpu=cortex-m4 -std=gnu11 -g3 -DDEBUG -DUSE_HAL_DRIVER -DSTM32L496xx -c -I../Core/Inc -I../Drivers/STM32L4xx_HAL_Driver/Inc -I../Drivers/STM32L4xx_HAL_Driver/Inc/Legacy -I../Drivers/CMSIS/Device/ST/STM32L4xx/Include -I../Drivers/CMSIS/Include -O0 -ffunction-sections -fdata-sections -Wall -fstack-usage -MMD -MP -MF"Core/Src/stm32l4xx_hal_msp.d" -MT"Core/Src/stm32l4xx_hal_msp.o" --specs=nano.specs -mfpu=fpv4-sp-d16 -mfloat-abi=hard -mthumb -o "Core/Src/stm32l4xx_hal_msp.o"
../Core/Src/main.c:59:13: warning: 'MX_GPIO_Init' declared 'static' but never defined [-Wunused-function]
   59 | static void MX_GPIO_Init(void);
      |             ^~~~~~~~~~~~
arm-none-eabi-gcc "../Core/Src/stm32l4xx_it.c" -mcpu=cortex-m4 -std=gnu11 -g3 -DDEBUG -DUSE_HAL_DRIVER -DSTM32L496xx -c -I../Core/Inc -I../Drivers/STM32L4xx_HAL_Driver/Inc -I../Drivers/STM32L4xx_HAL_Driver/Inc/Legacy -I../Drivers/CMSIS/Device/ST/STM32L4xx/Include -I../Drivers/CMSIS/Include -O0 -ffunction-sections -fdata-sections -Wall -fstack-usage -MMD -MP -MF"Core/Src/stm32l4xx_it.d" -MT"Core/Src/stm32l4xx_it.o" --specs=nano.specs -mfpu=fpv4-sp-d16 -mfloat-abi=hard -mthumb -o "Core/Src/stm32l4xx_it.o"
../Core/Src/stm32l4xx_it.c: In function 'SysTick_Handler':
../Core/Src/stm32l4xx_it.c:197:4: warning: implicit declaration of function 'dis7seg_displayMMSS'; did you mean 'dis7seg_display'? [-Wimplicit-function-declaration]
  197 |    dis7seg_displayMMSS(mm, ss, peakSS);
      |    ^~~~~~~~~~~~~~~~~~~
      |    dis7seg_display
../Core/Src/stm32l4xx_it.c:201:4: warning: implicit declaration of function 'dis7seg_displayHHMM'; did you mean 'dis7seg_display'? [-Wimplicit-function-declaration]
  201 |    dis7seg_displayHHMM(hh, mm);
      |    ^~~~~~~~~~~~~~~~~~~
      |    dis7seg_display
arm-none-eabi-gcc "../Core/Src/system_stm32l4xx.c" -mcpu=cortex-m4 -std=gnu11 -g3 -DDEBUG -DUSE_HAL_DRIVER -DSTM32L496xx -c -I../Core/Inc -I../Drivers/STM32L4xx_HAL_Driver/Inc -I../Drivers/STM32L4xx_HAL_Driver/Inc/Legacy -I../Drivers/CMSIS/Device/ST/STM32L4xx/Include -I../Drivers/CMSIS/Include -O0 -ffunction-sections -fdata-sections -Wall -fstack-usage -MMD -MP -MF"Core/Src/system_stm32l4xx.d" -MT"Core/Src/system_stm32l4xx.o" --specs=nano.specs -mfpu=fpv4-sp-d16 -mfloat-abi=hard -mthumb -o "Core/Src/system_stm32l4xx.o"
arm-none-eabi-gcc -o "Zegar.elf" @"objects.list"   -mcpu=cortex-m4 -T"/Users/adamludwiczak/SystemyWbudowane/Zegar/STM32L496ZGTX_FLASH.ld" --specs=nosys.specs -Wl,-Map="Zegar.map" -Wl,--gc-sections -static --specs=nano.specs -mfpu=fpv4-sp-d16 -mfloat-abi=hard -mthumb -Wl,--start-group -lc -lm -Wl,--end-group
Finished building target: Zegar.elf
 
arm-none-eabi-size   Zegar.elf 
arm-none-eabi-objdump -h -S  Zegar.elf  > "Zegar.list"
Finished building: Zegar.list
 
   text	   data	    bss	    dec	    hex	filename
   8940	     12	   1652	  10604	   296c	Zegar.elf
Finished building: default.size.stdout
 
14:35:11 **** Incremental Build of configuration Debug for project Zegar ****
make -j3 all 
arm-none-eabi-gcc "../Core/Src/kamami_l496_7seg.c" -mcpu=cortex-m4 -std=gnu11 -g3 -DDEBUG -DUSE_HAL_DRIVER -DSTM32L496xx -c -I../Core/Inc -I../Drivers/STM32L4xx_HAL_Driver/Inc -I../Drivers/STM32L4xx_HAL_Driver/Inc/Legacy -I../Drivers/CMSIS/Device/ST/STM32L4xx/Include -I../Drivers/CMSIS/Include -O0 -ffunction-sections -fdata-sections -Wall -fstack-usage -MMD -MP -MF"Core/Src/kamami_l496_7seg.d" -MT"Core/Src/kamami_l496_7seg.o" --specs=nano.specs -mfpu=fpv4-sp-d16 -mfloat-abi=hard -mthumb -o "Core/Src/kamami_l496_7seg.o"
arm-none-eabi-gcc -o "Zegar.elf" @"objects.list"   -mcpu=cortex-m4 -T"/Users/adamludwiczak/SystemyWbudowane/Zegar/STM32L496ZGTX_FLASH.ld" --specs=nosys.specs -Wl,-Map="Zegar.map" -Wl,--gc-sections -static --specs=nano.specs -mfpu=fpv4-sp-d16 -mfloat-abi=hard -mthumb -Wl,--start-group -lc -lm -Wl,--end-group
Finished building target: Zegar.elf
 
arm-none-eabi-size   Zegar.elf 
arm-none-eabi-objdump -h -S  Zegar.elf  > "Zegar.list"
   text	   data	    bss	    dec	    hex	filename
   8988	     12	   1652	  10652	   299c	Zegar.elf
Finished building: default.size.stdout
 
Finished building: Zegar.list
 
14:35:47 **** Incremental Build of configuration Debug for project Zegar ****
make -j3 all 
arm-none-eabi-gcc "../Core/Src/stm32l4xx_it.c" -mcpu=cortex-m4 -std=gnu11 -g3 -DDEBUG -DUSE_HAL_DRIVER -DSTM32L496xx -c -I../Core/Inc -I../Drivers/STM32L4xx_HAL_Driver/Inc -I../Drivers/STM32L4xx_HAL_Driver/Inc/Legacy -I../Drivers/CMSIS/Device/ST/STM32L4xx/Include -I../Drivers/CMSIS/Include -O0 -ffunction-sections -fdata-sections -Wall -fstack-usage -MMD -MP -MF"Core/Src/stm32l4xx_it.d" -MT"Core/Src/stm32l4xx_it.o" --specs=nano.specs -mfpu=fpv4-sp-d16 -mfloat-abi=hard -mthumb -o "Core/Src/stm32l4xx_it.o"
../Core/Src/stm32l4xx_it.c: In function 'SysTick_Handler':
../Core/Src/stm32l4xx_it.c:197:4: warning: implicit declaration of function 'dis7seg_displayMMSS'; did you mean 'dis7seg_display'? [-Wimplicit-function-declaration]
  197 |    dis7seg_displayMMSS(mm, ss);
      |    ^~~~~~~~~~~~~~~~~~~
      |    dis7seg_display
../Core/Src/stm32l4xx_it.c:201:4: warning: implicit declaration of function 'dis7seg_displayHHMM'; did you mean 'dis7seg_display'? [-Wimplicit-function-declaration]
  201 |    dis7seg_displayHHMM(hh, mm, peakSS);
      |    ^~~~~~~~~~~~~~~~~~~
      |    dis7seg_display
arm-none-eabi-gcc -o "Zegar.elf" @"objects.list"   -mcpu=cortex-m4 -T"/Users/adamludwiczak/SystemyWbudowane/Zegar/STM32L496ZGTX_FLASH.ld" --specs=nosys.specs -Wl,-Map="Zegar.map" -Wl,--gc-sections -static --specs=nano.specs -mfpu=fpv4-sp-d16 -mfloat-abi=hard -mthumb -Wl,--start-group -lc -lm -Wl,--end-group
Finished building target: Zegar.elf
 
arm-none-eabi-size   Zegar.elf 
arm-none-eabi-objdump -h -S  Zegar.elf  > "Zegar.list"
   text	   data	    bss	    dec	    hex	filename
   8988	     12	   1652	  10652	   299c	Zegar.elf
Finished building: default.size.stdout
 
Finished building: Zegar.list
 
14:36:32 **** Incremental Build of configuration Debug for project Zegar ****
make -j3 all 
arm-none-eabi-gcc "../Core/Src/kamami_l496_7seg.c" -mcpu=cortex-m4 -std=gnu11 -g3 -DDEBUG -DUSE_HAL_DRIVER -DSTM32L496xx -c -I../Core/Inc -I../Drivers/STM32L4xx_HAL_Driver/Inc -I../Drivers/STM32L4xx_HAL_Driver/Inc/Legacy -I../Drivers/CMSIS/Device/ST/STM32L4xx/Include -I../Drivers/CMSIS/Include -O0 -ffunction-sections -fdata-sections -Wall -fstack-usage -MMD -MP -MF"Core/Src/kamami_l496_7seg.d" -MT"Core/Src/kamami_l496_7seg.o" --specs=nano.specs -mfpu=fpv4-sp-d16 -mfloat-abi=hard -mthumb -o "Core/Src/kamami_l496_7seg.o"
arm-none-eabi-gcc -o "Zegar.elf" @"objects.list"   -mcpu=cortex-m4 -T"/Users/adamludwiczak/SystemyWbudowane/Zegar/STM32L496ZGTX_FLASH.ld" --specs=nosys.specs -Wl,-Map="Zegar.map" -Wl,--gc-sections -static --specs=nano.specs -mfpu=fpv4-sp-d16 -mfloat-abi=hard -mthumb -Wl,--start-group -lc -lm -Wl,--end-group
Finished building target: Zegar.elf
 
arm-none-eabi-size   Zegar.elf 
arm-none-eabi-objdump -h -S  Zegar.elf  > "Zegar.list"
   text	   data	    bss	    dec	    hex	filename
   8988	     12	   1652	  10652	   299c	Zegar.elf
Finished building: default.size.stdout
 
Finished building: Zegar.list
 
14:38:26 **** Incremental Build of configuration Debug for project Zegar ****
make -j3 all 
arm-none-eabi-gcc "../Core/Src/kamami_l496_7seg.c" -mcpu=cortex-m4 -std=gnu11 -g3 -DDEBUG -DUSE_HAL_DRIVER -DSTM32L496xx -c -I../Core/Inc -I../Drivers/STM32L4xx_HAL_Driver/Inc -I../Drivers/STM32L4xx_HAL_Driver/Inc/Legacy -I../Drivers/CMSIS/Device/ST/STM32L4xx/Include -I../Drivers/CMSIS/Include -O0 -ffunction-sections -fdata-sections -Wall -fstack-usage -MMD -MP -MF"Core/Src/kamami_l496_7seg.d" -MT"Core/Src/kamami_l496_7seg.o" --specs=nano.specs -mfpu=fpv4-sp-d16 -mfloat-abi=hard -mthumb -o "Core/Src/kamami_l496_7seg.o"
arm-none-eabi-gcc -o "Zegar.elf" @"objects.list"   -mcpu=cortex-m4 -T"/Users/adamludwiczak/SystemyWbudowane/Zegar/STM32L496ZGTX_FLASH.ld" --specs=nosys.specs -Wl,-Map="Zegar.map" -Wl,--gc-sections -static --specs=nano.specs -mfpu=fpv4-sp-d16 -mfloat-abi=hard -mthumb -Wl,--start-group -lc -lm -Wl,--end-group
Finished building target: Zegar.elf
 
arm-none-eabi-size   Zegar.elf 
arm-none-eabi-objdump -h -S  Zegar.elf  > "Zegar.list"
   text	   data	    bss	    dec	    hex	filename
   8988	     12	   1652	  10652	   299c	Zegar.elf
Finished building: default.size.stdout
 
Finished building: Zegar.list
 
14:39:22 **** Incremental Build of configuration Debug for project Zegar ****
make -j3 all 
arm-none-eabi-gcc "../Core/Src/kamami_l496_7seg.c" -mcpu=cortex-m4 -std=gnu11 -g3 -DDEBUG -DUSE_HAL_DRIVER -DSTM32L496xx -c -I../Core/Inc -I../Drivers/STM32L4xx_HAL_Driver/Inc -I../Drivers/STM32L4xx_HAL_Driver/Inc/Legacy -I../Drivers/CMSIS/Device/ST/STM32L4xx/Include -I../Drivers/CMSIS/Include -O0 -ffunction-sections -fdata-sections -Wall -fstack-usage -MMD -MP -MF"Core/Src/kamami_l496_7seg.d" -MT"Core/Src/kamami_l496_7seg.o" --specs=nano.specs -mfpu=fpv4-sp-d16 -mfloat-abi=hard -mthumb -o "Core/Src/kamami_l496_7seg.o"
arm-none-eabi-gcc -o "Zegar.elf" @"objects.list"   -mcpu=cortex-m4 -T"/Users/adamludwiczak/SystemyWbudowane/Zegar/STM32L496ZGTX_FLASH.ld" --specs=nosys.specs -Wl,-Map="Zegar.map" -Wl,--gc-sections -static --specs=nano.specs -mfpu=fpv4-sp-d16 -mfloat-abi=hard -mthumb -Wl,--start-group -lc -lm -Wl,--end-group
Finished building target: Zegar.elf
 
arm-none-eabi-size   Zegar.elf 
arm-none-eabi-objdump -h -S  Zegar.elf  > "Zegar.list"
   text	   data	    bss	    dec	    hex	filename
   9004	     12	   1652	  10668	   29ac	Zegar.elf
Finished building: default.size.stdout
 
Finished building: Zegar.list
 
14:40:54 **** Incremental Build of configuration Debug for project Zegar ****
make -j3 all 
arm-none-eabi-gcc "../Core/Src/kamami_l496_7seg.c" -mcpu=cortex-m4 -std=gnu11 -g3 -DDEBUG -DUSE_HAL_DRIVER -DSTM32L496xx -c -I../Core/Inc -I../Drivers/STM32L4xx_HAL_Driver/Inc -I../Drivers/STM32L4xx_HAL_Driver/Inc/Legacy -I../Drivers/CMSIS/Device/ST/STM32L4xx/Include -I../Drivers/CMSIS/Include -O0 -ffunction-sections -fdata-sections -Wall -fstack-usage -MMD -MP -MF"Core/Src/kamami_l496_7seg.d" -MT"Core/Src/kamami_l496_7seg.o" --specs=nano.specs -mfpu=fpv4-sp-d16 -mfloat-abi=hard -mthumb -o "Core/Src/kamami_l496_7seg.o"
arm-none-eabi-gcc -o "Zegar.elf" @"objects.list"   -mcpu=cortex-m4 -T"/Users/adamludwiczak/SystemyWbudowane/Zegar/STM32L496ZGTX_FLASH.ld" --specs=nosys.specs -Wl,-Map="Zegar.map" -Wl,--gc-sections -static --specs=nano.specs -mfpu=fpv4-sp-d16 -mfloat-abi=hard -mthumb -Wl,--start-group -lc -lm -Wl,--end-group
Finished building target: Zegar.elf
 
arm-none-eabi-size   Zegar.elf 
arm-none-eabi-objdump -h -S  Zegar.elf  > "Zegar.list"
   text	   data	    bss	    dec	    hex	filename
   8988	     12	   1652	  10652	   299c	Zegar.elf
Finished building: default.size.stdout
 
Finished building: Zegar.list
 
14:41:41 **** Incremental Build of configuration Debug for project Zegar ****
make -j3 all 
arm-none-eabi-gcc "../Core/Src/kamami_l496_7seg.c" -mcpu=cortex-m4 -std=gnu11 -g3 -DDEBUG -DUSE_HAL_DRIVER -DSTM32L496xx -c -I../Core/Inc -I../Drivers/STM32L4xx_HAL_Driver/Inc -I../Drivers/STM32L4xx_HAL_Driver/Inc/Legacy -I../Drivers/CMSIS/Device/ST/STM32L4xx/Include -I../Drivers/CMSIS/Include -O0 -ffunction-sections -fdata-sections -Wall -fstack-usage -MMD -MP -MF"Core/Src/kamami_l496_7seg.d" -MT"Core/Src/kamami_l496_7seg.o" --specs=nano.specs -mfpu=fpv4-sp-d16 -mfloat-abi=hard -mthumb -o "Core/Src/kamami_l496_7seg.o"
arm-none-eabi-gcc -o "Zegar.elf" @"objects.list"   -mcpu=cortex-m4 -T"/Users/adamludwiczak/SystemyWbudowane/Zegar/STM32L496ZGTX_FLASH.ld" --specs=nosys.specs -Wl,-Map="Zegar.map" -Wl,--gc-sections -static --specs=nano.specs -mfpu=fpv4-sp-d16 -mfloat-abi=hard -mthumb -Wl,--start-group -lc -lm -Wl,--end-group
Finished building target: Zegar.elf
 
arm-none-eabi-size   Zegar.elf 
arm-none-eabi-objdump -h -S  Zegar.elf  > "Zegar.list"
   text	   data	    bss	    dec	    hex	filename
   8984	     12	   1652	  10648	   2998	Zegar.elf
Finished building: default.size.stdout
 
Finished building: Zegar.list
 
14:42:24 **** Incremental Build of configuration Debug for project Zegar ****
make -j3 all 
arm-none-eabi-gcc "../Core/Src/kamami_l496_7seg.c" -mcpu=cortex-m4 -std=gnu11 -g3 -DDEBUG -DUSE_HAL_DRIVER -DSTM32L496xx -c -I../Core/Inc -I../Drivers/STM32L4xx_HAL_Driver/Inc -I../Drivers/STM32L4xx_HAL_Driver/Inc/Legacy -I../Drivers/CMSIS/Device/ST/STM32L4xx/Include -I../Drivers/CMSIS/Include -O0 -ffunction-sections -fdata-sections -Wall -fstack-usage -MMD -MP -MF"Core/Src/kamami_l496_7seg.d" -MT"Core/Src/kamami_l496_7seg.o" --specs=nano.specs -mfpu=fpv4-sp-d16 -mfloat-abi=hard -mthumb -o "Core/Src/kamami_l496_7seg.o"
arm-none-eabi-gcc -o "Zegar.elf" @"objects.list"   -mcpu=cortex-m4 -T"/Users/adamludwiczak/SystemyWbudowane/Zegar/STM32L496ZGTX_FLASH.ld" --specs=nosys.specs -Wl,-Map="Zegar.map" -Wl,--gc-sections -static --specs=nano.specs -mfpu=fpv4-sp-d16 -mfloat-abi=hard -mthumb -Wl,--start-group -lc -lm -Wl,--end-group
Finished building target: Zegar.elf
 
arm-none-eabi-size   Zegar.elf 
arm-none-eabi-objdump -h -S  Zegar.elf  > "Zegar.list"
   text	   data	    bss	    dec	    hex	filename
   8992	     12	   1652	  10656	   29a0	Zegar.elf
Finished building: default.size.stdout
 
Finished building: Zegar.list
 
14:43:38 **** Incremental Build of configuration Debug for project Zegar ****
make -j3 all 
arm-none-eabi-gcc "../Core/Src/kamami_l496_7seg.c" -mcpu=cortex-m4 -std=gnu11 -g3 -DDEBUG -DUSE_HAL_DRIVER -DSTM32L496xx -c -I../Core/Inc -I../Drivers/STM32L4xx_HAL_Driver/Inc -I../Drivers/STM32L4xx_HAL_Driver/Inc/Legacy -I../Drivers/CMSIS/Device/ST/STM32L4xx/Include -I../Drivers/CMSIS/Include -O0 -ffunction-sections -fdata-sections -Wall -fstack-usage -MMD -MP -MF"Core/Src/kamami_l496_7seg.d" -MT"Core/Src/kamami_l496_7seg.o" --specs=nano.specs -mfpu=fpv4-sp-d16 -mfloat-abi=hard -mthumb -o "Core/Src/kamami_l496_7seg.o"
arm-none-eabi-gcc -o "Zegar.elf" @"objects.list"   -mcpu=cortex-m4 -T"/Users/adamludwiczak/SystemyWbudowane/Zegar/STM32L496ZGTX_FLASH.ld" --specs=nosys.specs -Wl,-Map="Zegar.map" -Wl,--gc-sections -static --specs=nano.specs -mfpu=fpv4-sp-d16 -mfloat-abi=hard -mthumb -Wl,--start-group -lc -lm -Wl,--end-group
Finished building target: Zegar.elf
 
arm-none-eabi-size   Zegar.elf 
arm-none-eabi-objdump -h -S  Zegar.elf  > "Zegar.list"
   text	   data	    bss	    dec	    hex	filename
   8992	     12	   1652	  10656	   29a0	Zegar.elf
Finished building: default.size.stdout
 
Finished building: Zegar.list
 
