17:57:59 **** Incremental Build of configuration Debug for project Zegar ****
make -j12 all 
arm-none-eabi-gcc "../Core/Src/stm32l4xx_it.c" -mcpu=cortex-m4 -std=gnu11 -g3 -DDEBUG -DUSE_HAL_DRIVER -DSTM32L496xx -c -I../Core/Inc -I../Drivers/STM32L4xx_HAL_Driver/Inc -I../Drivers/STM32L4xx_HAL_Driver/Inc/Legacy -I../Drivers/CMSIS/Device/ST/STM32L4xx/Include -I../Drivers/CMSIS/Include -O0 -ffunction-sections -fdata-sections -Wall -fstack-usage -MMD -MP -MF"Core/Src/stm32l4xx_it.d" -MT"Core/Src/stm32l4xx_it.o" --specs=nano.specs -mfpu=fpv4-sp-d16 -mfloat-abi=hard -mthumb -o "Core/Src/stm32l4xx_it.o"
../Core/Src/stm32l4xx_it.c: In function 'SysTick_Handler':
../Core/Src/stm32l4xx_it.c:197:4: warning: implicit declaration of function 'dis7seg_displayMMSS'; did you mean 'dis7seg_display'? [-Wimplicit-function-declaration]
  197 |    dis7seg_displayMMSS(mm, ss, peakSS);
      |    ^~~~~~~~~~~~~~~~~~~
      |    dis7seg_display
../Core/Src/stm32l4xx_it.c:201:4: warning: implicit declaration of function 'dis7seg_displayHHMM'; did you mean 'dis7seg_display'? [-Wimplicit-function-declaration]
  201 |    dis7seg_displayHHMM(hh, mm);
      |    ^~~~~~~~~~~~~~~~~~~
      |    dis7seg_display
arm-none-eabi-gcc -o "Zegar.elf" @"objects.list"   -mcpu=cortex-m4 -T"C:\Users\adaml\Documents\STMRepo\Zegar\STM32L496ZGTX_FLASH.ld" --specs=nosys.specs -Wl,-Map="Zegar.map" -Wl,--gc-sections -static --specs=nano.specs -mfpu=fpv4-sp-d16 -mfloat-abi=hard -mthumb -Wl,--start-group -lc -lm -Wl,--end-group
Finished building target: Zegar.elf
 
arm-none-eabi-size   Zegar.elf 
arm-none-eabi-objdump -h -S  Zegar.elf  > "Zegar.list"
   text	   data	    bss	    dec	    hex	filename
   8940	     12	   1652	  10604	   296c	Zegar.elf
Finished building: default.size.stdout
 
Finished building: Zegar.list
 

17:58:00 Build Finished. 0 errors, 2 warnings. (took 468ms)

