14:43:38 **** Incremental Build of configuration Debug for project Zegar ****
make -j3 all 
arm-none-eabi-gcc "../Core/Src/kamami_l496_7seg.c" -mcpu=cortex-m4 -std=gnu11 -g3 -DDEBUG -DUSE_HAL_DRIVER -DSTM32L496xx -c -I../Core/Inc -I../Drivers/STM32L4xx_HAL_Driver/Inc -I../Drivers/STM32L4xx_HAL_Driver/Inc/Legacy -I../Drivers/CMSIS/Device/ST/STM32L4xx/Include -I../Drivers/CMSIS/Include -O0 -ffunction-sections -fdata-sections -Wall -fstack-usage -MMD -MP -MF"Core/Src/kamami_l496_7seg.d" -MT"Core/Src/kamami_l496_7seg.o" --specs=nano.specs -mfpu=fpv4-sp-d16 -mfloat-abi=hard -mthumb -o "Core/Src/kamami_l496_7seg.o"
arm-none-eabi-gcc -o "Zegar.elf" @"objects.list"   -mcpu=cortex-m4 -T"/Users/adamludwiczak/SystemyWbudowane/Zegar/STM32L496ZGTX_FLASH.ld" --specs=nosys.specs -Wl,-Map="Zegar.map" -Wl,--gc-sections -static --specs=nano.specs -mfpu=fpv4-sp-d16 -mfloat-abi=hard -mthumb -Wl,--start-group -lc -lm -Wl,--end-group
Finished building target: Zegar.elf
 
arm-none-eabi-size   Zegar.elf 
arm-none-eabi-objdump -h -S  Zegar.elf  > "Zegar.list"
   text	   data	    bss	    dec	    hex	filename
   8992	     12	   1652	  10656	   29a0	Zegar.elf
Finished building: default.size.stdout
 
Finished building: Zegar.list
 

14:43:39 Build Finished. 0 errors, 0 warnings. (took 940ms)

